Component: Arm Compiler for Embedded 6.24 Tool: armlink [5f371500]

==============================================================================

Section Cross References

    startup_stm32f407xx.o(STACK) refers (Special) to heapauxi.o(.text) for __use_two_region_memory
    startup_stm32f407xx.o(HEAP) refers (Special) to heapauxi.o(.text) for __use_two_region_memory
    startup_stm32f407xx.o(RESET) refers (Special) to heapauxi.o(.text) for __use_two_region_memory
    startup_stm32f407xx.o(RESET) refers to startup_stm32f407xx.o(STACK) for __initial_sp
    startup_stm32f407xx.o(RESET) refers to startup_stm32f407xx.o(.text) for Reset_Handler
    startup_stm32f407xx.o(RESET) refers to stm32f4xx_it.o(.text.NMI_Handler) for NMI_Handler
    startup_stm32f407xx.o(RESET) refers to stm32f4xx_it.o(.text.HardFault_Handler) for HardFault_Handler
    startup_stm32f407xx.o(RESET) refers to stm32f4xx_it.o(.text.MemManage_Handler) for MemManage_Handler
    startup_stm32f407xx.o(RESET) refers to stm32f4xx_it.o(.text.BusFault_Handler) for BusFault_Handler
    startup_stm32f407xx.o(RESET) refers to stm32f4xx_it.o(.text.UsageFault_Handler) for UsageFault_Handler
    startup_stm32f407xx.o(RESET) refers to port.o(.text.SVC_Handler) for SVC_Handler
    startup_stm32f407xx.o(RESET) refers to stm32f4xx_it.o(.text.DebugMon_Handler) for DebugMon_Handler
    startup_stm32f407xx.o(RESET) refers to port.o(.text.PendSV_Handler) for PendSV_Handler
    startup_stm32f407xx.o(RESET) refers to port.o(.text.SysTick_Handler) for SysTick_Handler
    startup_stm32f407xx.o(RESET) refers to stm32f4xx_it.o(.text.DMA1_Stream1_IRQHandler) for DMA1_Stream1_IRQHandler
    startup_stm32f407xx.o(RESET) refers to stm32f4xx_it.o(.text.CAN1_RX0_IRQHandler) for CAN1_RX0_IRQHandler
    startup_stm32f407xx.o(RESET) refers to stm32f4xx_it.o(.text.USART3_IRQHandler) for USART3_IRQHandler
    startup_stm32f407xx.o(RESET) refers to stm32f4xx_it.o(.text.TIM6_DAC_IRQHandler) for TIM6_DAC_IRQHandler
    startup_stm32f407xx.o(RESET) refers to stm32f4xx_it.o(.text.TIM7_IRQHandler) for TIM7_IRQHandler
    startup_stm32f407xx.o(RESET) refers to stm32f4xx_it.o(.text.DMA2_Stream0_IRQHandler) for DMA2_Stream0_IRQHandler
    startup_stm32f407xx.o(RESET) refers to stm32f4xx_it.o(.text.DMA2_Stream3_IRQHandler) for DMA2_Stream3_IRQHandler
    startup_stm32f407xx.o(RESET) refers to stm32f4xx_it.o(.text.CAN2_RX0_IRQHandler) for CAN2_RX0_IRQHandler
    startup_stm32f407xx.o(.text) refers (Special) to heapauxi.o(.text) for __use_two_region_memory
    startup_stm32f407xx.o(.text) refers to system_stm32f4xx.o(.text.SystemInit) for SystemInit
    startup_stm32f407xx.o(.text) refers to __main.o(!!!main) for __main
    startup_stm32f407xx.o(.text) refers to startup_stm32f407xx.o(HEAP) for Heap_Mem
    startup_stm32f407xx.o(.text) refers to startup_stm32f407xx.o(STACK) for Stack_Mem
    bmi088driver.o(.text.BMI088_init) refers to bmi088middleware.o(.text.BMI088_GPIO_init) for BMI088_GPIO_init
    bmi088driver.o(.text.BMI088_init) refers to bmi088middleware.o(.text.BMI088_com_init) for BMI088_com_init
    bmi088driver.o(.text.BMI088_init) refers to bmi088driver.o(.text.bmi088_accel_init) for bmi088_accel_init
    bmi088driver.o(.text.BMI088_init) refers to bmi088driver.o(.text.bmi088_gyro_init) for bmi088_gyro_init
    bmi088driver.o(.ARM.exidx.text.BMI088_init) refers to bmi088driver.o(.text.BMI088_init) for [Anonymous Symbol]
    bmi088driver.o(.text.bmi088_accel_init) refers to bmi088middleware.o(.text.BMI088_ACCEL_NS_L) for BMI088_ACCEL_NS_L
    bmi088driver.o(.text.bmi088_accel_init) refers to bmi088middleware.o(.text.BMI088_read_write_byte) for BMI088_read_write_byte
    bmi088driver.o(.text.bmi088_accel_init) refers to bmi088middleware.o(.text.BMI088_ACCEL_NS_H) for BMI088_ACCEL_NS_H
    bmi088driver.o(.text.bmi088_accel_init) refers to bmi088middleware.o(.text.BMI088_delay_us) for BMI088_delay_us
    bmi088driver.o(.text.bmi088_accel_init) refers to bmi088middleware.o(.text.BMI088_delay_ms) for BMI088_delay_ms
    bmi088driver.o(.text.bmi088_accel_init) refers to bmi088driver.o(.rodata.write_BMI088_accel_reg_data_error) for write_BMI088_accel_reg_data_error
    bmi088driver.o(.ARM.exidx.text.bmi088_accel_init) refers to bmi088driver.o(.text.bmi088_accel_init) for [Anonymous Symbol]
    bmi088driver.o(.text.bmi088_gyro_init) refers to bmi088middleware.o(.text.BMI088_GYRO_NS_L) for BMI088_GYRO_NS_L
    bmi088driver.o(.text.bmi088_gyro_init) refers to bmi088middleware.o(.text.BMI088_read_write_byte) for BMI088_read_write_byte
    bmi088driver.o(.text.bmi088_gyro_init) refers to bmi088middleware.o(.text.BMI088_GYRO_NS_H) for BMI088_GYRO_NS_H
    bmi088driver.o(.text.bmi088_gyro_init) refers to bmi088middleware.o(.text.BMI088_delay_us) for BMI088_delay_us
    bmi088driver.o(.text.bmi088_gyro_init) refers to bmi088middleware.o(.text.BMI088_delay_ms) for BMI088_delay_ms
[...]
    __rt_lib_init_argv_1                     0x0800022f   Thumb Code     0  libinit2.o(.ARM.Collect$$libinit$$0000002E)
    __rt_lib_init_atexit_1                   0x0800022f   Thumb Code     0  libinit2.o(.ARM.Collect$$libinit$$0000001D)
    __rt_lib_init_clock_1                    0x0800022f   Thumb Code     0  libinit2.o(.ARM.Collect$$libinit$$00000023)
    __rt_lib_init_cpp_1                      0x0800022f   Thumb Code     0  libinit2.o(.ARM.Collect$$libinit$$00000034)
    __rt_lib_init_exceptions_1               0x0800022f   Thumb Code     0  libinit2.o(.ARM.Collect$$libinit$$00000032)
    __rt_lib_init_fp_trap_1                  0x0800022f   Thumb Code     0  libinit2.o(.ARM.Collect$$libinit$$00000021)
    __rt_lib_init_getenv_1                   0x0800022f   Thumb Code     0  libinit2.o(.ARM.Collect$$libinit$$00000025)
    __rt_lib_init_heap_1                     0x0800022f   Thumb Code     0  libinit2.o(.ARM.Collect$$libinit$$0000000C)
    __rt_lib_init_lc_collate_1               0x0800022f   Thumb Code     0  libinit2.o(.ARM.Collect$$libinit$$00000013)
    __rt_lib_init_lc_ctype_1                 0x0800022f   Thumb Code     0  libinit2.o(.ARM.Collect$$libinit$$00000015)
    __rt_lib_init_lc_monetary_1              0x0800022f   Thumb Code     0  libinit2.o(.ARM.Collect$$libinit$$00000017)
    __rt_lib_init_lc_numeric_1               0x0800022f   Thumb Code     0  libinit2.o(.ARM.Collect$$libinit$$00000019)
    __rt_lib_init_lc_time_1                  0x0800022f   Thumb Code     0  libinit2.o(.ARM.Collect$$libinit$$0000001B)
    __rt_lib_init_preinit_1                  0x0800022f   Thumb Code     0  libinit2.o(.ARM.Collect$$libinit$$00000006)
    __rt_lib_init_rand_1                     0x0800022f   Thumb Code     0  libinit2.o(.ARM.Collect$$libinit$$00000010)
    __rt_lib_init_relocate_pie_1             0x0800022f   Thumb Code     0  libinit2.o(.ARM.Collect$$libinit$$00000004)
    __rt_lib_init_return                     0x0800022f   Thumb Code     0  libinit2.o(.ARM.Collect$$libinit$$00000035)
    __rt_lib_init_signal_1                   0x0800022f   Thumb Code     0  libinit2.o(.ARM.Collect$$libinit$$0000001F)
    __rt_lib_init_stdio_1                    0x0800022f   Thumb Code     0  libinit2.o(.ARM.Collect$$libinit$$00000027)
    __rt_lib_init_user_alloc_1               0x0800022f   Thumb Code     0  libinit2.o(.ARM.Collect$$libinit$$0000000E)
    __rt_lib_shutdown                        0x08000231   Thumb Code     0  libshutdown.o(.ARM.Collect$$libshutdown$$00000000)
    __rt_lib_shutdown_cpp_1                  0x08000233   Thumb Code     0  libshutdown2.o(.ARM.Collect$$libshutdown$$00000002)
    __rt_lib_shutdown_fp_trap_1              0x08000233   Thumb Code     0  libshutdown2.o(.ARM.Collect$$libshutdown$$00000007)
    __rt_lib_shutdown_heap_1                 0x08000233   Thumb Code     0  libshutdown2.o(.ARM.Collect$$libshutdown$$0000000F)
    __rt_lib_shutdown_return                 0x08000233   Thumb Code     0  libshutdown2.o(.ARM.Collect$$libshutdown$$00000010)
    __rt_lib_shutdown_signal_1               0x08000233   Thumb Code     0  libshutdown2.o(.ARM.Collect$$libshutdown$$0000000A)
    __rt_lib_shutdown_stdio_1                0x08000233   Thumb Code     0  libshutdown2.o(.ARM.Collect$$libshutdown$$00000004)
    __rt_lib_shutdown_user_alloc_1           0x08000233   Thumb Code     0  libshutdown2.o(.ARM.Collect$$libshutdown$$0000000C)
    __rt_entry                               0x08000235   Thumb Code     0  __rtentry.o(.ARM.Collect$$rtentry$$00000000)
    __rt_entry_presh_1                       0x08000235   Thumb Code     0  __rtentry2.o(.ARM.Collect$$rtentry$$00000002)
    __rt_entry_sh                            0x08000235   Thumb Code     0  __rtentry4.o(.ARM.Collect$$rtentry$$00000004)
    __rt_entry_li                            0x0800023b   Thumb Code     0  __rtentry2.o(.ARM.Collect$$rtentry$$0000000A)
    __rt_entry_postsh_1                      0x0800023b   Thumb Code     0  __rtentry2.o(.ARM.Collect$$rtentry$$00000009)
    __rt_entry_main                          0x0800023f   Thumb Code     0  __rtentry2.o(.ARM.Collect$$rtentry$$0000000D)
    __rt_entry_postli_1                      0x0800023f   Thumb Code     0  __rtentry2.o(.ARM.Collect$$rtentry$$0000000C)
    __rt_exit                                0x08000247   Thumb Code     0  rtexit.o(.ARM.Collect$$rtexit$$00000000)
    __rt_exit_ls                             0x08000249   Thumb Code     0  rtexit2.o(.ARM.Collect$$rtexit$$00000003)
    __rt_exit_prels_1                        0x08000249   Thumb Code     0  rtexit2.o(.ARM.Collect$$rtexit$$00000002)
    __rt_exit_exit                           0x0800024d   Thumb Code     0  rtexit2.o(.ARM.Collect$$rtexit$$00000004)
    Reset_Handler                            0x08000255   Thumb Code     8  startup_stm32f407xx.o(.text)
    ADC_IRQHandler                           0x0800026f   Thumb Code     0  startup_stm32f407xx.o(.text)
    CAN1_RX1_IRQHandler                      0x0800026f   Thumb Code     0  startup_stm32f407xx.o(.text)
    CAN1_SCE_IRQHandler                      0x0800026f   Thumb Code     0  startup_stm32f407xx.o(.text)
    CAN1_TX_IRQHandler                       0x0800026f   Thumb Code     0  startup_stm32f407xx.o(.text)
    CAN2_RX1_IRQHandler                      0x0800026f   Thumb Code     0  startup_stm32f407xx.o(.text)
    CAN2_SCE_IRQHandler                      0x0800026f   Thumb Code     0  startup_stm32f407xx.o(.text)
    CAN2_TX_IRQHandler                       0x0800026f   Thumb Code     0  startup_stm32f407xx.o(.text)
    DCMI_IRQHandler                          0x0800026f   Thumb Code     0  startup_stm32f407xx.o(.text)
    DMA1_Stream0_IRQHandler                  0x0800026f   Thumb Code     0  startup_stm32f407xx.o(.text)
    DMA1_Stream2_IRQHandler                  0x0800026f   Thumb Code     0  startup_stm32f407xx.o(.text)
    DMA1_Stream3_IRQHandler                  0x0800026f   Thumb Code     0  startup_stm32f407xx.o(.text)
    DMA1_Stream4_IRQHandler                  0x0800026f   Thumb Code     0  startup_stm32f407xx.o(.text)
    DMA1_Stream5_IRQHandler                  0x0800026f   Thumb Code     0  startup_stm32f407xx.o(.text)
    DMA1_Stream6_IRQHandler                  0x0800026f   Thumb Code     0  startup_stm32f407xx.o(.text)
    DMA1_Stream7_IRQHandler                  0x0800026f   Thumb Code     0  startup_stm32f407xx.o(.text)
    DMA2_Stream1_IRQHandler                  0x0800026f   Thumb Code     0  startup_stm32f407xx.o(.text)
    DMA2_Stream2_IRQHandler                  0x0800026f   Thumb Code     0  startup_stm32f407xx.o(.text)
    DMA2_Stream4_IRQHandler                  0x0800026f   Thumb Code     0  startup_stm32f407xx.o(.text)
    DMA2_Stream5_IRQHandler                  0x0800026f   Thumb Code     0  startup_stm32f407xx.o(.text)
    DMA2_Stream6_IRQHandler                  0x0800026f   Thumb Code     0  startup_stm32f407xx.o(.text)
    DMA2_Stream7_IRQHandler                  0x0800026f   Thumb Code     0  startup_stm32f407xx.o(.text)
    ETH_IRQHandler                           0x0800026f   Thumb Code     0  startup_stm32f407xx.o(.text)
    ETH_WKUP_IRQHandler                      0x0800026f   Thumb Code     0  startup_stm32f407xx.o(.text)
    EXTI0_IRQHandler                         0x0800026f   Thumb Code     0  startup_stm32f407xx.o(.text)
    EXTI15_10_IRQHandler                     0x0800026f   Thumb Code     0  startup_stm32f407xx.o(.text)
    EXTI1_IRQHandler                         0x0800026f   Thumb Code     0  startup_stm32f407xx.o(.text)
    EXTI2_IRQHandler                         0x0800026f   Thumb Code     0  startup_stm32f407xx.o(.text)
    EXTI3_IRQHandler                         0x0800026f   Thumb Code     0  startup_stm32f407xx.o(.text)
    EXTI4_IRQHandler                         0x0800026f   Thumb Code     0  startup_stm32f407xx.o(.text)
    EXTI9_5_IRQHandler                       0x0800026f   Thumb Code     0  startup_stm32f407xx.o(.text)
    FLASH_IRQHandler                         0x0800026f   Thumb Code     0  startup_stm32f407xx.o(.text)
    FMC_IRQHandler                           0x0800026f   Thumb Code     0  startup_stm32f407xx.o(.text)
    FPU_IRQHandler                           0x0800026f   Thumb Code     0  startup_stm32f407xx.o(.text)
    HASH_RNG_IRQHandler                      0x0800026f   Thumb Code     0  startup_stm32f407xx.o(.text)
    I2C1_ER_IRQHandler                       0x0800026f   Thumb Code     0  startup_stm32f407xx.o(.text)
    I2C1_EV_IRQHandler                       0x0800026f   Thumb Code     0  startup_stm32f407xx.o(.text)
    I2C2_ER_IRQHandler                       0x0800026f   Thumb Code     0  startup_stm32f407xx.o(.text)
    I2C2_EV_IRQHandler                       0x0800026f   Thumb Code     0  startup_stm32f407xx.o(.text)
    I2C3_ER_IRQHandler                       0x0800026f   Thumb Code     0  startup_stm32f407xx.o(.text)
    I2C3_EV_IRQHandler                       0x0800026f   Thumb Code     0  startup_stm32f407xx.o(.text)
    OTG_FS_IRQHandler                        0x0800026f   Thumb Code     0  startup_stm32f407xx.o(.text)
    OTG_FS_WKUP_IRQHandler                   0x0800026f   Thumb Code     0  startup_stm32f407xx.o(.text)
    OTG_HS_EP1_IN_IRQHandler                 0x0800026f   Thumb Code     0  startup_stm32f407xx.o(.text)
    OTG_HS_EP1_OUT_IRQHandler                0x0800026f   Thumb Code     0  startup_stm32f407xx.o(.text)
    OTG_HS_IRQHandler                        0x0800026f   Thumb Code     0  startup_stm32f407xx.o(.text)
    OTG_HS_WKUP_IRQHandler                   0x0800026f   Thumb Code     0  startup_stm32f407xx.o(.text)
    PVD_IRQHandler                           0x0800026f   Thumb Code     0  startup_stm32f407xx.o(.text)
    RCC_IRQHandler                           0x0800026f   Thumb Code     0  startup_stm32f407xx.o(.text)
    RTC_Alarm_IRQHandler                     0x0800026f   Thumb Code     0  startup_stm32f407xx.o(.text)
    RTC_WKUP_IRQHandler                      0x0800026f   Thumb Code     0  startup_stm32f407xx.o(.text)
    SDIO_IRQHandler                          0x0800026f   Thumb Code     0  startup_stm32f407xx.o(.text)
    SPI1_IRQHandler                          0x0800026f   Thumb Code     0  startup_stm32f407xx.o(.text)
    SPI2_IRQHandler                          0x0800026f   Thumb Code     0  startup_stm32f407xx.o(.text)
    SPI3_IRQHandler                          0x0800026f   Thumb Code     0  startup_stm32f407xx.o(.text)
    TAMP_STAMP_IRQHandler                    0x0800026f   Thumb Code     0  startup_stm32f407xx.o(.text)
    TIM1_BRK_TIM9_IRQHandler                 0x0800026f   Thumb Code     0  startup_stm32f407xx.o(.text)
    TIM1_CC_IRQHandler                       0x0800026f   Thumb Code     0  startup_stm32f407xx.o(.text)
    TIM1_TRG_COM_TIM11_IRQHandler            0x0800026f   Thumb Code     0  startup_stm32f407xx.o(.text)
    TIM1_UP_TIM10_IRQHandler                 0x0800026f   Thumb Code     0  startup_stm32f407xx.o(.text)
    TIM2_IRQHandler                          0x0800026f   Thumb Code     0  startup_stm32f407xx.o(.text)
    TIM3_IRQHandler                          0x0800026f   Thumb Code     0  startup_stm32f407xx.o(.text)
    TIM4_IRQHandler                          0x0800026f   Thumb Code     0  startup_stm32f407xx.o(.text)
    TIM5_IRQHandler                          0x0800026f   Thumb Code     0  startup_stm32f407xx.o(.text)
    TIM8_BRK_TIM12_IRQHandler                0x0800026f   Thumb Code     0  startup_stm32f407xx.o(.text)
    TIM8_CC_IRQHandler                       0x0800026f   Thumb Code     0  startup_stm32f407xx.o(.text)
    TIM8_TRG_COM_TIM14_IRQHandler            0x0800026f   Thumb Code     0  startup_stm32f407xx.o(.text)
    TIM8_UP_TIM13_IRQHandler                 0x0800026f   Thumb Code     0  startup_stm32f407xx.o(.text)
    UART4_IRQHandler                         0x0800026f   Thumb Code     0  startup_stm32f407xx.o(.text)
    UART5_IRQHandler                         0x0800026f   Thumb Code     0  startup_stm32f407xx.o(.text)
    USART1_IRQHandler                        0x0800026f   Thumb Code     0  startup_stm32f407xx.o(.text)
    USART2_IRQHandler                        0x0800026f   Thumb Code     0  startup_stm32f407xx.o(.text)
    USART6_IRQHandler                        0x0800026f   Thumb Code     0  startup_stm32f407xx.o(.text)
    WWDG_IRQHandler                          0x0800026f   Thumb Code     0  startup_stm32f407xx.o(.text)
    __user_initial_stackheap                 0x08000271   Thumb Code     0  startup_stm32f407xx.o(.text)
    __aeabi_uldivmod                         0x08000295   Thumb Code     0  lludivv7m.o(.text)
    _ll_udiv                                 0x08000295   Thumb Code   240  lludivv7m.o(.text)
    __aeabi_memset4                          0x08000385   Thumb Code    16  aeabi_memset4.o(.text)
    __aeabi_memset8                          0x08000385   Thumb Code     0  aeabi_memset4.o(.text)
    __aeabi_memclr4                          0x08000395   Thumb Code     0  rt_memclr_w.o(.text)
    __aeabi_memclr8                          0x08000395   Thumb Code     0  rt_memclr_w.o(.text)
    __rt_memclr_w                            0x08000395   Thumb Code     0  rt_memclr_w.o(.text)
    _memset_w                                0x08000399   Thumb Code    74  rt_memclr_w.o(.text)
    __use_two_region_memory                  0x080003e3   Thumb Code     2  heapauxi.o(.text)
    __rt_heap_escrow$2region                 0x080003e5   Thumb Code     2  heapauxi.o(.text)
    __rt_heap_expand$2region                 0x080003e7   Thumb Code     2  heapauxi.o(.text)
    __read_errno                             0x080003e9   Thumb Code    10  _rserrno.o(.text)
    __set_errno                              0x080003f3   Thumb Code    12  _rserrno.o(.text)
    __aeabi_errno_addr                       0x08000401   Thumb Code     8  rt_errno_addr_intlibspace.o(.text)
    __errno$intlibspace                      0x08000401   Thumb Code     0  rt_errno_addr_intlibspace.o(.text)
    __rt_errno_addr$intlibspace              0x08000401   Thumb Code     0  rt_errno_addr_intlibspace.o(.text)
    __user_libspace                          0x08000409   Thumb Code     8  libspace.o(.text)
    __user_perproc_libspace                  0x08000409   Thumb Code     0  libspace.o(.text)
    __user_perthread_libspace                0x08000409   Thumb Code     0  libspace.o(.text)
    __user_setup_stackheap                   0x08000411   Thumb Code    74  sys_stackheap_outer.o(.text)
    exit                                     0x0800045b   Thumb Code    18  exit.o(.text)
    _sys_exit                                0x0800046d   Thumb Code     8  sys_exit.o(.text)
    __I$use$semihosting                      0x08000479   Thumb Code     0  use_no_semi.o(.text)
    __use_no_semihosting_swi                 0x08000479   Thumb Code     2  use_no_semi.o(.text)
    __semihosting_library_function           0x0800047b   Thumb Code     0  indicate_semi.o(.text)
    BMI088_ACCEL_NS_H                        0x0800047d   Thumb Code    14  bmi088middleware.o(.text.BMI088_ACCEL_NS_H)
    BMI088_ACCEL_NS_L                        0x0800048d   Thumb Code    14  bmi088middleware.o(.text.BMI088_ACCEL_NS_L)
    BMI088_GPIO_init                         0x0800049d   Thumb Code     2  bmi088middleware.o(.text.BMI088_GPIO_init)
    BMI088_GYRO_NS_H                         0x080004a1   Thumb Code    16  bmi088middleware.o(.text.BMI088_GYRO_NS_H)
    BMI088_GYRO_NS_L                         0x080004b1   Thumb Code    16  bmi088middleware.o(.text.BMI088_GYRO_NS_L)
    BMI088_com_init                          0x080004c1   Thumb Code     2  bmi088middleware.o(.text.BMI088_com_init)
    BMI088_delay_ms                          0x080004c5   Thumb Code   486  bmi088middleware.o(.text.BMI088_delay_ms)
    BMI088_delay_us                          0x080006ad   Thumb Code    74  bmi088middleware.o(.text.BMI088_delay_us)
    BMI088_init                              0x080006f9   Thumb Code    24  bmi088driver.o(.text.BMI088_init)
    BMI088_read                              0x08000711   Thumb Code   412  bmi088driver.o(.text.BMI088_read)
    BMI088_read_write_byte                   0x080008ad   Thumb Code    46  bmi088middleware.o(.text.BMI088_read_write_byte)
    BusFault_Handler                         0x080008dd   Thumb Code     2  stm32f4xx_it.o(.text.BusFault_Handler)
    Buzzer_Init                              0x080008e1   Thumb Code    36  buzzer.o(.text.Buzzer_Init)
    Buzzer_PlayEmergencyDoubleBeep           0x08000905   Thumb Code    36  buzzer.o(.text.Buzzer_PlayEmergencyDoubleBeep)
    Buzzer_Update_2ms                        0x08000929   Thumb Code   104  buzzer.o(.text.Buzzer_Update_2ms)
    CAN1_RX0_IRQHandler                      0x08000991   Thumb Code    12  stm32f4xx_it.o(.text.CAN1_RX0_IRQHandler)
    CAN2_RX0_IRQHandler                      0x0800099d   Thumb Code    12  stm32f4xx_it.o(.text.CAN2_RX0_IRQHandler)
    CAN_Init                                 0x080009a9   Thumb Code   218  user_can.o(.text.CAN_Init)
    CAN_Send_DM_Motor_Data                   0x08000a85   Thumb Code   148  user_can.o(.text.CAN_Send_DM_Motor_Data)
    Common                                   0x08000b19   Thumb Code    50  freertos.o(.text.Common)
    DJI3508_Get_Data                         0x08000b51   Thumb Code   112  motor_drv.o(.text.DJI3508_Get_Data)
    DMA1_Stream1_IRQHandler                  0x08000bd5   Thumb Code    12  stm32f4xx_it.o(.text.DMA1_Stream1_IRQHandler)
    DMA2_Stream0_IRQHandler                  0x08000be1   Thumb Code    12  stm32f4xx_it.o(.text.DMA2_Stream0_IRQHandler)
    DMA2_Stream3_IRQHandler                  0x08000bed   Thumb Code    12  stm32f4xx_it.o(.text.DMA2_Stream3_IRQHandler)
    DebugMon_Handler                         0x08000bf9   Thumb Code     2  stm32f4xx_it.o(.text.DebugMon_Handler)
    Error_Handler                            0x08000bfd   Thumb Code     6  main.o(.text.Error_Handler)
    GM6020_Get_Data                          0x08000c09   Thumb Code   112  motor_drv.o(.text.GM6020_Get_Data)
    HAL_CAN_ActivateNotification             0x08000c8d   Thumb Code    46  stm32f4xx_hal_can.o(.text.HAL_CAN_ActivateNotification)
    HAL_CAN_AddTxMessage                     0x08000cbd   Thumb Code   164  stm32f4xx_hal_can.o(.text.HAL_CAN_AddTxMessage)
    HAL_CAN_ConfigFilter                     0x08000d61   Thumb Code   222  stm32f4xx_hal_can.o(.text.HAL_CAN_ConfigFilter)
    HAL_CAN_ErrorCallback                    0x08000e41   Thumb Code    16  user_can.o(.text.HAL_CAN_ErrorCallback)
    HAL_CAN_GetRxMessage                     0x08000e51   Thumb Code   302  stm32f4xx_hal_can.o(.text.HAL_CAN_GetRxMessage)
    HAL_CAN_GetTxMailboxesFreeLevel          0x08000f81   Thumb Code    40  stm32f4xx_hal_can.o(.text.HAL_CAN_GetTxMailboxesFreeLevel)
    HAL_CAN_IRQHandler                       0x08000fa9   Thumb Code   606  stm32f4xx_hal_can.o(.text.HAL_CAN_IRQHandler)
    HAL_CAN_Init                             0x08001209   Thumb Code   244  stm32f4xx_hal_can.o(.text.HAL_CAN_Init)
    HAL_CAN_MspInit                          0x080012fd   Thumb Code   286  can.o(.text.HAL_CAN_MspInit)
    HAL_CAN_RxFifo0FullCallback              0x0800141d   Thumb Code     2  stm32f4xx_hal_can.o(.text.HAL_CAN_RxFifo0FullCallback)
    HAL_CAN_RxFifo0MsgPendingCallback        0x08001421   Thumb Code   318  user_can.o(.text.HAL_CAN_RxFifo0MsgPendingCallback)
    HAL_CAN_RxFifo1FullCallback              0x08001561   Thumb Code     2  stm32f4xx_hal_can.o(.text.HAL_CAN_RxFifo1FullCallback)
    HAL_CAN_RxFifo1MsgPendingCallback        0x08001565   Thumb Code     2  stm32f4xx_hal_can.o(.text.HAL_CAN_RxFifo1MsgPendingCallback)
    HAL_CAN_SleepCallback                    0x08001569   Thumb Code     2  stm32f4xx_hal_can.o(.text.HAL_CAN_SleepCallback)
    HAL_CAN_Start                            0x0800156d   Thumb Code    90  stm32f4xx_hal_can.o(.text.HAL_CAN_Start)
    HAL_CAN_TxMailbox0AbortCallback          0x080015c9   Thumb Code     2  stm32f4xx_hal_can.o(.text.HAL_CAN_TxMailbox0AbortCallback)
    HAL_CAN_TxMailbox0CompleteCallback       0x080015cd   Thumb Code     2  stm32f4xx_hal_can.o(.text.HAL_CAN_TxMailbox0CompleteCallback)
    HAL_CAN_TxMailbox1AbortCallback          0x080015d1   Thumb Code     2  stm32f4xx_hal_can.o(.text.HAL_CAN_TxMailbox1AbortCallback)
    HAL_CAN_TxMailbox1CompleteCallback       0x080015d5   Thumb Code     2  stm32f4xx_hal_can.o(.text.HAL_CAN_TxMailbox1CompleteCallback)
    HAL_CAN_TxMailbox2AbortCallback          0x080015d9   Thumb Code     2  stm32f4xx_hal_can.o(.text.HAL_CAN_TxMailbox2AbortCallback)
    HAL_CAN_TxMailbox2CompleteCallback       0x080015dd   Thumb Code     2  stm32f4xx_hal_can.o(.text.HAL_CAN_TxMailbox2CompleteCallback)
    HAL_CAN_WakeUpFromRxMsgCallback          0x080015e1   Thumb Code     2  stm32f4xx_hal_can.o(.text.HAL_CAN_WakeUpFromRxMsgCallback)
    HAL_DMA_Abort                            0x080015e5   Thumb Code   142  stm32f4xx_hal_dma.o(.text.HAL_DMA_Abort)
    HAL_DMA_Abort_IT                         0x08001675   Thumb Code    36  stm32f4xx_hal_dma.o(.text.HAL_DMA_Abort_IT)
    HAL_DMA_GetError                         0x08001699   Thumb Code     4  stm32f4xx_hal_dma.o(.text.HAL_DMA_GetError)
    HAL_DMA_IRQHandler                       0x0800169d   Thumb Code   452  stm32f4xx_hal_dma.o(.text.HAL_DMA_IRQHandler)
    HAL_DMA_Init                             0x08001861   Thumb Code   354  stm32f4xx_hal_dma.o(.text.HAL_DMA_Init)
    HAL_DMA_Start_IT                         0x080019c5   Thumb Code   162  stm32f4xx_hal_dma.o(.text.HAL_DMA_Start_IT)
    HAL_GPIO_Init                            0x08001a69   Thumb Code   414  stm32f4xx_hal_gpio.o(.text.HAL_GPIO_Init)
    HAL_GPIO_WritePin                        0x08001c09   Thumb Code    10  stm32f4xx_hal_gpio.o(.text.HAL_GPIO_WritePin)
    HAL_GetTick                              0x08001c15   Thumb Code    12  stm32f4xx_hal.o(.text.HAL_GetTick)
    HAL_IncTick                              0x08001c21   Thumb Code    26  stm32f4xx_hal.o(.text.HAL_IncTick)
    HAL_Init                                 0x08001c3d   Thumb Code    54  stm32f4xx_hal.o(.text.HAL_Init)
    HAL_InitTick                             0x08001c75   Thumb Code   178  stm32f4xx_hal_timebase_tim.o(.text.HAL_InitTick)
    HAL_MspInit                              0x08001d29   Thumb Code    66  stm32f4xx_hal_msp.o(.text.HAL_MspInit)
    HAL_NVIC_EnableIRQ                       0x08001d6d   Thumb Code    34  stm32f4xx_hal_cortex.o(.text.HAL_NVIC_EnableIRQ)
    HAL_NVIC_SetPriority                     0x08001d91   Thumb Code    86  stm32f4xx_hal_cortex.o(.text.HAL_NVIC_SetPriority)
    HAL_NVIC_SetPriorityGrouping             0x08001de9   Thumb Code    32  stm32f4xx_hal_cortex.o(.text.HAL_NVIC_SetPriorityGrouping)
    HAL_RCC_ClockConfig                      0x08001e09   Thumb Code   356  stm32f4xx_hal_rcc.o(.text.HAL_RCC_ClockConfig)
    HAL_RCC_GetClockConfig                   0x08001f6d   Thumb Code    62  stm32f4xx_hal_rcc.o(.text.HAL_RCC_GetClockConfig)
    HAL_RCC_GetPCLK1Freq                     0x08001fad   Thumb Code    38  stm32f4xx_hal_rcc.o(.text.HAL_RCC_GetPCLK1Freq)
    HAL_RCC_GetPCLK2Freq                     0x08001fd5   Thumb Code    38  stm32f4xx_hal_rcc.o(.text.HAL_RCC_GetPCLK2Freq)
    HAL_RCC_GetSysClockFreq                  0x08001ffd   Thumb Code   110  stm32f4xx_hal_rcc.o(.text.HAL_RCC_GetSysClockFreq)
    HAL_RCC_OscConfig                        0x0800206d   Thumb Code   940  stm32f4xx_hal_rcc.o(.text.HAL_RCC_OscConfig)
    HAL_SPI_Init                             0x08002419   Thumb Code   176  stm32f4xx_hal_spi.o(.text.HAL_SPI_Init)
    HAL_SPI_MspInit                          0x080024c9   Thumb Code   302  spi.o(.text.HAL_SPI_MspInit)
    HAL_SPI_TransmitReceive                  0x080025f9   Thumb Code   832  stm32f4xx_hal_spi.o(.text.HAL_SPI_TransmitReceive)
    HAL_TIMEx_BreakCallback                  0x08002939   Thumb Code     2  stm32f4xx_hal_tim_ex.o(.text.HAL_TIMEx_BreakCallback)
    HAL_TIMEx_CommutCallback                 0x0800293d   Thumb Code     2  stm32f4xx_hal_tim_ex.o(.text.HAL_TIMEx_CommutCallback)
    HAL_TIMEx_MasterConfigSynchronization    0x08002941   Thumb Code   186  stm32f4xx_hal_tim_ex.o(.text.HAL_TIMEx_MasterConfigSynchronization)
    HAL_TIM_Base_Init                        0x080029fd   Thumb Code    90  stm32f4xx_hal_tim.o(.text.HAL_TIM_Base_Init)
    HAL_TIM_Base_MspInit                     0x08002a59   Thumb Code   116  tim.o(.text.HAL_TIM_Base_MspInit)
    HAL_TIM_Base_Start_IT                    0x08002acd   Thumb Code   170  stm32f4xx_hal_tim.o(.text.HAL_TIM_Base_Start_IT)
    HAL_TIM_ConfigClockSource                0x08002b79   Thumb Code   416  stm32f4xx_hal_tim.o(.text.HAL_TIM_ConfigClockSource)
    HAL_TIM_IC_CaptureCallback               0x08002d19   Thumb Code     2  stm32f4xx_hal_tim.o(.text.HAL_TIM_IC_CaptureCallback)
    HAL_TIM_IRQHandler                       0x08002d1d   Thumb Code   334  stm32f4xx_hal_tim.o(.text.HAL_TIM_IRQHandler)
    HAL_TIM_OC_DelayElapsedCallback          0x08002e6d   Thumb Code     2  stm32f4xx_hal_tim.o(.text.HAL_TIM_OC_DelayElapsedCallback)
    HAL_TIM_PWM_ConfigChannel                0x08002e71   Thumb Code   544  stm32f4xx_hal_tim.o(.text.HAL_TIM_PWM_ConfigChannel)
    HAL_TIM_PWM_Init                         0x08003091   Thumb Code    90  stm32f4xx_hal_tim.o(.text.HAL_TIM_PWM_Init)
    HAL_TIM_PWM_MspInit                      0x080030ed   Thumb Code     2  stm32f4xx_hal_tim.o(.text.HAL_TIM_PWM_MspInit)
    HAL_TIM_PWM_PulseFinishedCallback        0x080030f1   Thumb Code     2  stm32f4xx_hal_tim.o(.text.HAL_TIM_PWM_PulseFinishedCallback)
    HAL_TIM_PWM_Start                        0x080030f5   Thumb Code   270  stm32f4xx_hal_tim.o(.text.HAL_TIM_PWM_Start)
    HAL_TIM_PeriodElapsedCallback            0x08003205   Thumb Code    20  main.o(.text.HAL_TIM_PeriodElapsedCallback)
    HAL_TIM_TriggerCallback                  0x08003219   Thumb Code     2  stm32f4xx_hal_tim.o(.text.HAL_TIM_TriggerCallback)
    HAL_UARTEx_ReceiveToIdle_DMA             0x0800321d   Thumb Code   494  stm32f4xx_hal_uart.o(.text.HAL_UARTEx_ReceiveToIdle_DMA)
    HAL_UARTEx_RxEventCallback               0x0800340d   Thumb Code   254  remote.o(.text.HAL_UARTEx_RxEventCallback)
    HAL_UART_AbortReceive                    0x0800350d   Thumb Code   366  stm32f4xx_hal_uart.o(.text.HAL_UART_AbortReceive)
    HAL_UART_ErrorCallback                   0x0800367d   Thumb Code   136  remote.o(.text.HAL_UART_ErrorCallback)
    HAL_UART_IRQHandler                      0x08003705   Thumb Code  1428  stm32f4xx_hal_uart.o(.text.HAL_UART_IRQHandler)
    HAL_UART_Init                            0x08003c99   Thumb Code    96  stm32f4xx_hal_uart.o(.text.HAL_UART_Init)
    HAL_UART_MspInit                         0x08003cf9   Thumb Code   202  usart.o(.text.HAL_UART_MspInit)
    HAL_UART_RxCpltCallback                  0x08003dc5   Thumb Code     2  stm32f4xx_hal_uart.o(.text.HAL_UART_RxCpltCallback)
    HAL_UART_RxHalfCpltCallback              0x08003dc9   Thumb Code     2  stm32f4xx_hal_uart.o(.text.HAL_UART_RxHalfCpltCallback)
    HAL_UART_TxCpltCallback                  0x08003dcd   Thumb Code     2  stm32f4xx_hal_uart.o(.text.HAL_UART_TxCpltCallback)
    HardFault_Handler                        0x08003dd1   Thumb Code     2  stm32f4xx_it.o(.text.HardFault_Handler)
    IMU_Attitude_Init                        0x08003dd5   Thumb Code    26  imu_attitude.o(.text.IMU_Attitude_Init)
    IMU_Attitude_IsReady                     0x08003df1   Thumb Code    14  imu_attitude.o(.text.IMU_Attitude_IsReady)
    IMU_Attitude_Update                      0x08003e01   Thumb Code  1588  imu_attitude.o(.text.IMU_Attitude_Update)
    MX_CAN1_Init                             0x08004459   Thumb Code    68  can.o(.text.MX_CAN1_Init)
    MX_CAN2_Init                             0x0800449d   Thumb Code    68  can.o(.text.MX_CAN2_Init)
    MX_DMA_Init                              0x080044e1   Thumb Code   108  dma.o(.text.MX_DMA_Init)
    MX_FREERTOS_Init                         0x0800454d   Thumb Code    84  freertos.o(.text.MX_FREERTOS_Init)
    MX_GPIO_Init                             0x080045d9   Thumb Code   232  gpio.o(.text.MX_GPIO_Init)
    MX_SPI1_Init                             0x080046c1   Thumb Code    82  spi.o(.text.MX_SPI1_Init)
    MX_TIM4_Init                             0x08004715   Thumb Code   270  tim.o(.text.MX_TIM4_Init)
    MX_TIM6_Init                             0x08004825   Thumb Code    80  tim.o(.text.MX_TIM6_Init)
    MX_USART3_UART_Init                      0x08004875   Thumb Code    72  usart.o(.text.MX_USART3_UART_Init)
    MemManage_Handler                        0x080048bd   Thumb Code     2  stm32f4xx_it.o(.text.MemManage_Handler)
    MotorCtrl                                0x080048c1   Thumb Code   112  freertos.o(.text.MotorCtrl)
    Motor_Control_Init                       0x08004935   Thumb Code   272  motor.o(.text.Motor_Control_Init)
    Motor_Control_StopAll                    0x08004a4d   Thumb Code   244  motor.o(.text.Motor_Control_StopAll)
    Motor_Control_Update_2ms                 0x08004b45   Thumb Code  2184  motor.o(.text.Motor_Control_Update_2ms)
    Motor_Drv_Init                           0x080053f9   Thumb Code   308  motor_drv.o(.text.Motor_Drv_Init)
    Motor_Drv_Send_All                       0x0800552d   Thumb Code   640  motor_drv.o(.text.Motor_Drv_Send_All)
    Motor_Drv_SetFrictionWheelTorque         0x080057b1   Thumb Code    26  motor_drv.o(.text.Motor_Drv_SetFrictionWheelTorque)
    Motor_Drv_SetGimbalAngle                 0x080057cd   Thumb Code    26  motor_drv.o(.text.Motor_Drv_SetGimbalAngle)
    Motor_Drv_SetWheelTorque                 0x080057e9   Thumb Code    26  motor_drv.o(.text.Motor_Drv_SetWheelTorque)
    NMI_Handler                              0x08005e81   Thumb Code     2  stm32f4xx_it.o(.text.NMI_Handler)
    PendSV_Handler                           0x08005e91   Thumb Code   100  port.o(.text.PendSV_Handler)
    Remote_Init                              0x08005ef5   Thumb Code    80  remote.o(.text.Remote_Init)
    Remote_IsOnline                          0x08005f45   Thumb Code    28  remote.o(.text.Remote_IsOnline)
    SVC_Handler                              0x08006091   Thumb Code    36  port.o(.text.SVC_Handler)
    SysTick_Handler                          0x080060b5   Thumb Code    52  port.o(.text.SysTick_Handler)
    SystemClock_Config                       0x080060e9   Thumb Code   172  main.o(.text.SystemClock_Config)
    SystemInit                               0x08006195   Thumb Code    18  system_stm32f4xx.o(.text.SystemInit)
    TIM6_DAC_IRQHandler                      0x080061a9   Thumb Code    12  stm32f4xx_it.o(.text.TIM6_DAC_IRQHandler)
    TIM7_IRQHandler                          0x080061b5   Thumb Code    12  stm32f4xx_it.o(.text.TIM7_IRQHandler)
    TIM_Base_SetConfig                       0x080061c1   Thumb Code   314  stm32f4xx_hal_tim.o(.text.TIM_Base_SetConfig)
    USART3_IRQHandler                        0x080067e5   Thumb Code    12  stm32f4xx_it.o(.text.USART3_IRQHandler)
    USER_PID_Calculate                       0x080067f1   Thumb Code   192  user_pid.o(.text.USER_PID_Calculate)
    USER_PID_Init                            0x080068b5   Thumb Code    36  user_pid.o(.text.USER_PID_Init)
    USER_PID_Reset                           0x080068d9   Thumb Code    18  user_pid.o(.text.USER_PID_Reset)
    USER_PID_SetDerivativeFilter             0x080068ed   Thumb Code    62  user_pid.o(.text.USER_PID_SetDerivativeFilter)
    UsageFault_Handler                       0x0800692d   Thumb Code     2  stm32f4xx_it.o(.text.UsageFault_Handler)
    bmi088_accel_init                        0x08006931   Thumb Code   588  bmi088driver.o(.text.bmi088_accel_init)
    bmi088_gyro_init                         0x08006b7d   Thumb Code   526  bmi088driver.o(.text.bmi088_gyro_init)
    main                                     0x08006d8d   Thumb Code    70  main.o(.text.main)
    osDelay                                  0x08006dd5   Thumb Code    16  cmsis_os.o(.text.osDelay)
    osKernelStart                            0x08006de5   Thumb Code    10  cmsis_os.o(.text.osKernelStart)
    osThreadCreate                           0x08006df1   Thumb Code    92  cmsis_os.o(.text.osThreadCreate)
    pvPortMalloc                             0x08007145   Thumb Code   484  heap_4.o(.text.pvPortMalloc)
    pxPortInitialiseStack                    0x08007329   Thumb Code    36  port.o(.text.pxPortInitialiseStack)
    uxListRemove                             0x0800734d   Thumb Code    34  list.o(.text.uxListRemove)
    uxTaskGetStackHighWaterMark              0x08007371   Thumb Code    84  tasks.o(.text.uxTaskGetStackHighWaterMark)
    vApplicationGetIdleTaskMemory            0x080073c5   Thumb Code    26  freertos.o(.text.vApplicationGetIdleTaskMemory)
    vApplicationMallocFailedHook             0x080073e1   Thumb Code    18  freertos.o(.text.vApplicationMallocFailedHook)
    vApplicationStackOverflowHook            0x080073f5   Thumb Code    18  freertos.o(.text.vApplicationStackOverflowHook)
    vListInitialise                          0x08007409   Thumb Code    22  list.o(.text.vListInitialise)
    vListInitialiseItem                      0x08007421   Thumb Code     6  list.o(.text.vListInitialiseItem)
    vListInsert                              0x08007429   Thumb Code    98  list.o(.text.vListInsert)
    vListInsertEnd                           0x0800748d   Thumb Code    26  list.o(.text.vListInsertEnd)
    vPortEnterCritical                       0x080074bd   Thumb Code    70  port.o(.text.vPortEnterCritical)
    vPortExitCritical                        0x08007505   Thumb Code    46  port.o(.text.vPortExitCritical)
    vPortFree                                0x08007535   Thumb Code   222  heap_4.o(.text.vPortFree)
    vPortSetupTimerInterrupt                 0x08007615   Thumb Code    52  port.o(.text.vPortSetupTimerInterrupt)
    vTaskDelay                               0x08007649   Thumb Code   158  tasks.o(.text.vTaskDelay)
    vTaskDelayUntil                          0x080076e9   Thumb Code   224  tasks.o(.text.vTaskDelayUntil)
    vTaskStartScheduler                      0x080077c9   Thumb Code   196  tasks.o(.text.vTaskStartScheduler)
    vTaskSuspendAll                          0x08007895   Thumb Code    16  tasks.o(.text.vTaskSuspendAll)
    vTaskSwitchContext                       0x080078a5   Thumb Code   154  tasks.o(.text.vTaskSwitchContext)
    xPortStartScheduler                      0x08007941   Thumb Code   392  port.o(.text.xPortStartScheduler)
    xTaskCreate                              0x08007ac9   Thumb Code    96  tasks.o(.text.xTaskCreate)
    xTaskCreateStatic                        0x08007b29   Thumb Code   118  tasks.o(.text.xTaskCreateStatic)
    xTaskGetTickCount                        0x08007ba1   Thumb Code    12  tasks.o(.text.xTaskGetTickCount)
    xTaskIncrementTick                       0x08007bad   Thumb Code   262  tasks.o(.text.xTaskIncrementTick)
    xTaskResumeAll                           0x08007cb5   Thumb Code   234  tasks.o(.text.xTaskResumeAll)
    __ARM_fpclassifyf                        0x08007d9f   Thumb Code    38  fpclassifyf.o(i.__ARM_fpclassifyf)
    __hardfp_asinf                           0x08007dc5   Thumb Code   258  asinf.o(i.__hardfp_asinf)
    __hardfp_atan2f                          0x08007ef1   Thumb Code   594  atan2f.o(i.__hardfp_atan2f)
    __hardfp_cosf                            0x0800819d   Thumb Code   280  cosf.o(i.__hardfp_cosf)
    __hardfp_sinf                            0x080082ed   Thumb Code   344  sinf.o(i.__hardfp_sinf)
    __mathlib_flt_infnan                     0x0800847d   Thumb Code     6  funder.o(i.__mathlib_flt_infnan)
    __mathlib_flt_infnan2                    0x08008483   Thumb Code     6  funder.o(i.__mathlib_flt_infnan2)
    __mathlib_flt_invalid                    0x08008489   Thumb Code    10  funder.o(i.__mathlib_flt_invalid)
    __mathlib_flt_underflow                  0x08008499   Thumb Code    10  funder.o(i.__mathlib_flt_underflow)
    __mathlib_rredf2                         0x080084a9   Thumb Code   316  rredf.o(i.__mathlib_rredf2)
    sqrtf                                    0x080085fd   Thumb Code    62  sqrtf.o(i.sqrtf)
    __aeabi_d2f                              0x0800863d   Thumb Code     0  d2f.o(x$fpl$d2f)
    _d2f                                     0x0800863d   Thumb Code    98  d2f.o(x$fpl$d2f)
    __aeabi_ddiv                             0x080086a1   Thumb Code     0  ddiv.o(x$fpl$ddiv)
    _ddiv                                    0x080086a1   Thumb Code   560  ddiv.o(x$fpl$ddiv)
    __aeabi_dmul                             0x08008959   Thumb Code     0  dmul.o(x$fpl$dmul)
    _dmul                                    0x08008959   Thumb Code   332  dmul.o(x$fpl$dmul)
    __fpl_dnaninf                            0x08008aad   Thumb Code   156  dnaninf.o(x$fpl$dnaninf)
    __fpl_dretinf                            0x08008b49   Thumb Code    12  dretinf.o(x$fpl$dretinf)
    __aeabi_f2d                              0x08008b55   Thumb Code     0  f2d.o(x$fpl$f2d)
    _f2d                                     0x08008b55   Thumb Code    86  f2d.o(x$fpl$f2d)
    __fpl_fnaninf                            0x08008bab   Thumb Code   140  fnaninf.o(x$fpl$fnaninf)
    _fp_init                                 0x08008c37   Thumb Code    26  fpinit.o(x$fpl$fpinit)
    __fplib_config_fpu_vfp                   0x08008c4f   Thumb Code     0  fpinit.o(x$fpl$fpinit)
    __fplib_config_pureend_doubles           0x08008c4f   Thumb Code     0  fpinit.o(x$fpl$fpinit)
    __fpl_fretinf                            0x08008c51   Thumb Code    10  fretinf.o(x$fpl$fretinf)
    __I$use$fp                               0x08008c5a   Number         0  usenofp.o(x$fpl$usenofp)
    AHBPrescTable                            0x08008c7c   Data          16  system_stm32f4xx.o(.rodata.AHBPrescTable)
    APBPrescTable                            0x08008c8c   Data           8  system_stm32f4xx.o(.rodata.APBPrescTable)
    Region$$Table$$Base                      0x08008cd8   Number         0  anon$$obj.o(Region$$Table)
    Region$$Table$$Limit                     0x08008cf8   Number         0  anon$$obj.o(Region$$Table)
    BMI088_ACCEL_SEN                         0x20000000   Data           4  bmi088driver.o(.data..L_MergedGlobals)
    BMI088_GYRO_SEN                          0x20000004   Data           4  bmi088driver.o(.data..L_MergedGlobals)
    uwTickFreq                               0x20000008   Data           1  stm32f4xx_hal.o(.data..L_MergedGlobals)
    uwTickPrio                               0x2000000c   Data           4  stm32f4xx_hal.o(.data..L_MergedGlobals)
    motor_inertial_yaw_feedforward_gain      0x20000010   Data           4  motor.o(.data..L_MergedGlobals)
    motor_speed_pid_parameters               0x20000014   Data          20  motor.o(.data..L_MergedGlobals)
    motor_yaw_pid_parameters                 0x20000028   Data          20  motor.o(.data..L_MergedGlobals)
    motor_inertial_yaw_pid_parameters        0x2000003c   Data          20  motor.o(.data..L_MergedGlobals)
    motor_pitch_pid_parameters               0x20000050   Data          20  motor.o(.data..L_MergedGlobals)
    SystemCoreClock                          0x20000064   Data           4  system_stm32f4xx.o(.data.SystemCoreClock)
    __libspace_start                         0x20000070   Data          96  libspace.o(.bss)
    __temporary_stack_top$libspace           0x200000d0   Data           0  libspace.o(.bss)
    motor_stack_free                         0x200000d0   Data           4  freertos.o(.bss..L_MergedGlobals)
    comm_stack_free                          0x200000d4   Data           4  freertos.o(.bss..L_MergedGlobals)
    motor_stack_free_bytes                   0x200000d8   Data           4  freertos.o(.bss..L_MergedGlobals)
    comm_stack_free_bytes                    0x200000dc   Data           4  freertos.o(.bss..L_MergedGlobals)
    MotorCtrlTaskHandle                      0x200000e0   Data           4  freertos.o(.bss..L_MergedGlobals)
    CommTaskHandle                           0x200000e4   Data           4  freertos.o(.bss..L_MergedGlobals)
    friction_wheels                          0x200000ec   Data          88  motor_drv.o(.bss..L_MergedGlobals)
    can1_last_lec                            0x20000144   Data           1  user_can.o(.bss..L_MergedGlobals)
    can2_last_lec                            0x20000145   Data           1  user_can.o(.bss..L_MergedGlobals)
    can1_lec_seen                            0x20000146   Data           1  user_can.o(.bss..L_MergedGlobals)
    can2_lec_seen                            0x20000147   Data           1  user_can.o(.bss..L_MergedGlobals)
    can_send_error                           0x20000148   Data           2  user_can.o(.bss..L_MergedGlobals)
    can_receive_error                        0x2000014a   Data           2  user_can.o(.bss..L_MergedGlobals)
    can1_send_error                          0x2000014c   Data           2  user_can.o(.bss..L_MergedGlobals)
    can2_send_error                          0x2000014e   Data           2  user_can.o(.bss..L_MergedGlobals)
    can1_rx_count                            0x20000150   Data           2  user_can.o(.bss..L_MergedGlobals)
    can2_rx_count                            0x20000152   Data           2  user_can.o(.bss..L_MergedGlobals)
    can1_last_esr                            0x20000154   Data           4  user_can.o(.bss..L_MergedGlobals)
    can2_last_esr                            0x20000158   Data           4  user_can.o(.bss..L_MergedGlobals)
    rc_frame_count                           0x2000015c   Data           2  remote.o(.bss..L_MergedGlobals)
    rc_cb_count                              0x2000015e   Data           2  remote.o(.bss..L_MergedGlobals)
    rc_last_size                             0x20000160   Data           2  remote.o(.bss..L_MergedGlobals)
    rc_bad_frame                             0x20000162   Data           2  remote.o(.bss..L_MergedGlobals)
    rc_ctrl                                  0x20000164   Data          28  remote.o(.bss..L_MergedGlobals)
    pxCurrentTCB                             0x200001a8   Data           4  tasks.o(.bss..L_MergedGlobals)
    accel                                    0x20000278   Data          12  main.o(.bss.accel)
    gimbal_motors                            0x20000284   Data          88  motor_drv.o(.bss.gimbal_motors)
    gyro                                     0x200002dc   Data          12  main.o(.bss.gyro)
    hcan1                                    0x200002e8   Data          40  can.o(.bss.hcan1)
    hcan2                                    0x20000310   Data          40  can.o(.bss.hcan2)
    hdma_spi1_rx                             0x20000338   Data          96  spi.o(.bss.hdma_spi1_rx)
    hdma_spi1_tx                             0x20000398   Data          96  spi.o(.bss.hdma_spi1_tx)
    hdma_usart3_rx                           0x200003f8   Data          96  usart.o(.bss.hdma_usart3_rx)
    hspi1                                    0x20000458   Data          88  spi.o(.bss.hspi1)
    htim4                                    0x200004b0   Data          72  tim.o(.bss.htim4)
    htim6                                    0x200004f8   Data          72  tim.o(.bss.htim6)
    htim7                                    0x20000540   Data          72  stm32f4xx_hal_timebase_tim.o(.bss.htim7)
    huart3                                   0x20000588   Data          72  usart.o(.bss.huart3)
    imu_attitude                             0x200005d0   Data         104  imu_attitude.o(.bss.imu_attitude)
    motor_control                            0x20000638   Data         428  motor.o(.bss.motor_control)
    temp                                     0x20000884   Data           4  main.o(.bss.temp)
    uwTick                                   0x20004488   Data           4  stm32f4xx_hal.o(.bss.uwTick)
    wheel_motors                             0x2000448c   Data         176  motor_drv.o(.bss.wheel_motors)



==============================================================================

Memory Map of the image

  Image Entry point : 0x08000189

  Load Region LR_IROM1 (Base: 0x08000000, Size: 0x00008d68, Max: 0x00100000, ABSOLUTE)

    Execution Region ER_IROM1 (Exec base: 0x08000000, Load base: 0x08000000, Size: 0x00008cf8, Max: 0x00100000, ABSOLUTE)

    Exec Addr    Load Addr    Size         Type   Attr      Idx    E Section Name        Object

    0x08000000   0x08000000   0x00000188   Data   RO            3    RESET               startup_stm32f407xx.o
    0x08000188   0x08000188   0x00000008   Code   RO         1870  * !!!main             c_w.l(__main.o)
    0x08000190   0x08000190   0x0000005c   Code   RO         2124    !!!scatter          c_w.l(__scatter.o)
    0x080001ec   0x080001ec   0x0000001a   Code   RO         2128    !!handler_copy      c_w.l(__scatter_copy.o)
    0x08000206   0x08000206   0x00000002   PAD
    0x08000208   0x08000208   0x00000002   Code   RO         2125    !!handler_null      c_w.l(__scatter.o)
    0x0800020a   0x0800020a   0x00000002   PAD
    0x0800020c   0x0800020c   0x0000001c   Code   RO         2130    !!handler_zi        c_w.l(__scatter_zi.o)
    0x08000228   0x08000228   0x00000002   Code   RO         1989    .ARM.Collect$$libinit$$00000000  c_w.l(libinit.o)
    0x0800022a   0x0800022a   0x00000004   Code   RO         1998    .ARM.Collect$$libinit$$00000001  c_w.l(libinit2.o)
    0x0800022e   0x0800022e   0x00000000   Code   RO         2001    .ARM.Collect$$libinit$$00000004  c_w.l(libinit2.o)
    0x0800022e   0x0800022e   0x00000000   Code   RO         2003    .ARM.Collect$$libinit$$00000006  c_w.l(libinit2.o)
    0x0800022e   0x0800022e   0x00000000   Code   RO         2006    .ARM.Collect$$libinit$$0000000C  c_w.l(libinit2.o)
    0x0800022e   0x0800022e   0x00000000   Code   RO         2008    .ARM.Collect$$libinit$$0000000E  c_w.l(libinit2.o)
    0x0800022e   0x0800022e   0x00000000   Code   RO         2010    .ARM.Collect$$libinit$$00000010  c_w.l(libinit2.o)
    0x0800022e   0x0800022e   0x00000000   Code   RO         2013    .ARM.Collect$$libinit$$00000013  c_w.l(libinit2.o)
    0x0800022e   0x0800022e   0x00000000   Code   RO         2015    .ARM.Collect$$libinit$$00000015  c_w.l(libinit2.o)
    0x0800022e   0x0800022e   0x00000000   Code   RO         2017    .ARM.Collect$$libinit$$00000017  c_w.l(libinit2.o)
    0x0800022e   0x0800022e   0x00000000   Code   RO         2019    .ARM.Collect$$libinit$$00000019  c_w.l(libinit2.o)
    0x0800022e   0x0800022e   0x00000000   Code   RO         2021    .ARM.Collect$$libinit$$0000001B  c_w.l(libinit2.o)
    0x0800022e   0x0800022e   0x00000000   Code   RO         2023    .ARM.Collect$$libinit$$0000001D  c_w.l(libinit2.o)
    0x0800022e   0x0800022e   0x00000000   Code   RO         2025    .ARM.Collect$$libinit$$0000001F  c_w.l(libinit2.o)
    0x0800022e   0x0800022e   0x00000000   Code   RO         2027    .ARM.Collect$$libinit$$00000021  c_w.l(libinit2.o)
    0x0800022e   0x0800022e   0x00000000   Code   RO         2029    .ARM.Collect$$libinit$$00000023  c_w.l(libinit2.o)
    0x0800022e   0x0800022e   0x00000000   Code   RO         2031    .ARM.Collect$$libinit$$00000025  c_w.l(libinit2.o)
    0x0800022e   0x0800022e   0x00000000   Code   RO         2033    .ARM.Collect$$libinit$$00000027  c_w.l(libinit2.o)
    0x0800022e   0x0800022e   0x00000000   Code   RO         2037    .ARM.Collect$$libinit$$0000002E  c_w.l(libinit2.o)
    0x0800022e   0x0800022e   0x00000000   Code   RO         2039    .ARM.Collect$$libinit$$00000030  c_w.l(libinit2.o)
    0x0800022e   0x0800022e   0x00000000   Code   RO         2041    .ARM.Collect$$libinit$$00000032  c_w.l(libinit2.o)
    0x0800022e   0x0800022e   0x00000000   Code   RO         2043    .ARM.Collect$$libinit$$00000034  c_w.l(libinit2.o)
    0x0800022e   0x0800022e   0x00000002   Code   RO         2044    .ARM.Collect$$libinit$$00000035  c_w.l(libinit2.o)
    0x08000230   0x08000230   0x00000002   Code   RO         2079    .ARM.Collect$$libshutdown$$00000000  c_w.l(libshutdown.o)
    0x08000232   0x08000232   0x00000000   Code   RO         2107    .ARM.Collect$$libshutdown$$00000002  c_w.l(libshutdown2.o)
    0x08000232   0x08000232   0x00000000   Code   RO         2109    .ARM.Collect$$libshutdown$$00000004  c_w.l(libshutdown2.o)
    0x08000232   0x08000232   0x00000000   Code   RO         2112    .ARM.Collect$$libshutdown$$00000007  c_w.l(libshutdown2.o)
    0x08000232   0x08000232   0x00000000   Code   RO         2115    .ARM.Collect$$libshutdown$$0000000A  c_w.l(libshutdown2.o)
    0x08000232   0x08000232   0x00000000   Code   RO         2117    .ARM.Collect$$libshutdown$$0000000C  c_w.l(libshutdown2.o)
    0x08000232   0x08000232   0x00000000   Code   RO         2120    .ARM.Collect$$libshutdown$$0000000F  c_w.l(libshutdown2.o)
    0x08000232   0x08000232   0x00000002   Code   RO         2121    .ARM.Collect$$libshutdown$$00000010  c_w.l(libshutdown2.o)
    0x08000234   0x08000234   0x00000000   Code   RO         1906    .ARM.Collect$$rtentry$$00000000  c_w.l(__rtentry.o)
    0x08000234   0x08000234   0x00000000   Code   RO         1952    .ARM.Collect$$rtentry$$00000002  c_w.l(__rtentry2.o)
    0x08000234   0x08000234   0x00000006   Code   RO         1964    .ARM.Collect$$rtentry$$00000004  c_w.l(__rtentry4.o)
    0x0800023a   0x0800023a   0x00000000   Code   RO         1954    .ARM.Collect$$rtentry$$00000009  c_w.l(__rtentry2.o)
    0x0800023a   0x0800023a   0x00000004   Code   RO         1955    .ARM.Collect$$rtentry$$0000000A  c_w.l(__rtentry2.o)
    0x0800023e   0x0800023e   0x00000000   Code   RO         1957    .ARM.Collect$$rtentry$$0000000C  c_w.l(__rtentry2.o)
    0x0800023e   0x0800023e   0x00000008   Code   RO         1958    .ARM.Collect$$rtentry$$0000000D  c_w.l(__rtentry2.o)
    0x08000246   0x08000246   0x00000002   Code   RO         1990    .ARM.Collect$$rtexit$$00000000  c_w.l(rtexit.o)
    0x08000248   0x08000248   0x00000000   Code   RO         2050    .ARM.Collect$$rtexit$$00000002  c_w.l(rtexit2.o)
    0x08000248   0x08000248   0x00000004   Code   RO         2051    .ARM.Collect$$rtexit$$00000003  c_w.l(rtexit2.o)
    0x0800024c   0x0800024c   0x00000006   Code   RO         2052    .ARM.Collect$$rtexit$$00000004  c_w.l(rtexit2.o)
    0x08000252   0x08000252   0x00000002   PAD
    0x08000254   0x08000254   0x00000040   Code   RO            4    .text               startup_stm32f407xx.o
    0x08000294   0x08000294   0x000000f0   Code   RO         1858    .text               c_w.l(lludivv7m.o)
    0x08000384   0x08000384   0x00000010   Code   RO         1864    .text               c_w.l(aeabi_memset4.o)
    0x08000394   0x08000394   0x0000004e   Code   RO         1866    .text               c_w.l(rt_memclr_w.o)
    0x080003e2   0x080003e2   0x00000006   Code   RO         1868    .text               c_w.l(heapauxi.o)
    0x080003e8   0x080003e8   0x00000016   Code   RO         1911    .text               c_w.l(_rserrno.o)
    0x080003fe   0x080003fe   0x00000002   PAD
    0x08000400   0x08000400   0x00000008   Code   RO         1971    .text               c_w.l(rt_errno_addr_intlibspace.o)
    0x08000408   0x08000408   0x00000008   Code   RO         1973    .text               c_w.l(libspace.o)
    0x08000410   0x08000410   0x0000004a   Code   RO         1976    .text               c_w.l(sys_stackheap_outer.o)
    0x0800045a   0x0800045a   0x00000012   Code   RO         1978    .text               c_w.l(exit.o)
    0x0800046c   0x0800046c   0x0000000c   Code   RO         2045    .text               c_w.l(sys_exit.o)
    0x08000478   0x08000478   0x00000002   Code   RO         2068    .text               c_w.l(use_no_semi.o)
    0x0800047a   0x0800047a   0x00000000   Code   RO         2070    .text               c_w.l(indicate_semi.o)
    0x0800047a   0x0800047a   0x00000002   PAD
    0x0800047c   0x0800047c   0x0000000e   Code   RO           55    .text.BMI088_ACCEL_NS_H  bmi088middleware.o
    0x0800048a   0x0800048a   0x00000002   PAD
    0x0800048c   0x0800048c   0x0000000e   Code   RO           53    .text.BMI088_ACCEL_NS_L  bmi088middleware.o
    0x0800049a   0x0800049a   0x00000002   PAD
    0x0800049c   0x0800049c   0x00000002   Code   RO           45    .text.BMI088_GPIO_init  bmi088middleware.o
    0x0800049e   0x0800049e   0x00000002   PAD
    0x080004a0   0x080004a0   0x00000010   Code   RO           59    .text.BMI088_GYRO_NS_H  bmi088middleware.o
    0x080004b0   0x080004b0   0x00000010   Code   RO           57    .text.BMI088_GYRO_NS_L  bmi088middleware.o
    0x080004c0   0x080004c0   0x00000002   Code   RO           47    .text.BMI088_com_init  bmi088middleware.o
    0x080004c2   0x080004c2   0x00000002   PAD
    0x080004c4   0x080004c4   0x000001e6   Code   RO           49    .text.BMI088_delay_ms  bmi088middleware.o
    0x080006aa   0x080006aa   0x00000002   PAD
    0x080006ac   0x080006ac   0x0000004a   Code   RO           51    .text.BMI088_delay_us  bmi088middleware.o
    0x080006f6   0x080006f6   0x00000002   PAD
    0x080006f8   0x080006f8   0x00000018   Code   RO           11    .text.BMI088_init   bmi088driver.o
    0x08000710   0x08000710   0x0000019c   Code   RO           17    .text.BMI088_read   bmi088driver.o
    0x080008ac   0x080008ac   0x0000002e   Code   RO           61    .text.BMI088_read_write_byte  bmi088middleware.o
    0x080008da   0x080008da   0x00000002   PAD
    0x080008dc   0x080008dc   0x00000002   Code   RO          211    .text.BusFault_Handler  stm32f4xx_it.o
    0x080008de   0x080008de   0x00000002   PAD
    0x080008e0   0x080008e0   0x00000024   Code   RO         1400    .text.Buzzer_Init   buzzer.o
    0x08000904   0x08000904   0x00000024   Code   RO         1402    .text.Buzzer_PlayEmergencyDoubleBeep  buzzer.o
    0x08000928   0x08000928   0x00000068   Code   RO         1404    .text.Buzzer_Update_2ms  buzzer.o
    0x08000990   0x08000990   0x0000000c   Code   RO          219    .text.CAN1_RX0_IRQHandler  stm32f4xx_it.o
    0x0800099c   0x0800099c   0x0000000c   Code   RO          231    .text.CAN2_RX0_IRQHandler  stm32f4xx_it.o
    0x080009a8   0x080009a8   0x000000da   Code   RO         1336    .text.CAN_Init      user_can.o
    0x08000a82   0x08000a82   0x00000002   PAD
    0x08000a84   0x08000a84   0x00000094   Code   RO         1342    .text.CAN_Send_DM_Motor_Data  user_can.o
    0x08000b18   0x08000b18   0x00000032   Code   RO          110    .text.Common        freertos.o
    0x08000b4a   0x08000b4a   0x00000006   PAD
    0x08000b50   0x08000b50   0x00000084   Code   RO         1307    .text.DJI3508_Get_Data  motor_drv.o
    0x08000bd4   0x08000bd4   0x0000000c   Code   RO          217    .text.DMA1_Stream1_IRQHandler  stm32f4xx_it.o
    0x08000be0   0x08000be0   0x0000000c   Code   RO          227    .text.DMA2_Stream0_IRQHandler  stm32f4xx_it.o
    0x08000bec   0x08000bec   0x0000000c   Code   RO          229    .text.DMA2_Stream3_IRQHandler  stm32f4xx_it.o
    0x08000bf8   0x08000bf8   0x00000002   Code   RO          215    .text.DebugMon_Handler  stm32f4xx_it.o
    0x08000bfa   0x08000bfa   0x00000002   PAD
    0x08000bfc   0x08000bfc   0x00000006   Code   RO           75    .text.Error_Handler  main.o
    0x08000c02   0x08000c02   0x00000006   PAD
    0x08000c08   0x08000c08   0x00000084   Code   RO         1309    .text.GM6020_Get_Data  motor_drv.o
    0x08000c8c   0x08000c8c   0x0000002e   Code   RO          617    .text.HAL_CAN_ActivateNotification  stm32f4xx_hal_can.o
    0x08000cba   0x08000cba   0x00000002   PAD
    0x08000cbc   0x08000cbc   0x000000a4   Code   RO          603    .text.HAL_CAN_AddTxMessage  stm32f4xx_hal_can.o
    0x08000d60   0x08000d60   0x000000de   Code   RO          593    .text.HAL_CAN_ConfigFilter  stm32f4xx_hal_can.o
    0x08000e3e   0x08000e3e   0x00000002   PAD
    0x08000e40   0x08000e40   0x00000010   Code   RO         1340    .text.HAL_CAN_ErrorCallback  user_can.o
    0x08000e50   0x08000e50   0x0000012e   Code   RO          613    .text.HAL_CAN_GetRxMessage  stm32f4xx_hal_can.o
    0x08000f7e   0x08000f7e   0x00000002   PAD
    0x08000f80   0x08000f80   0x00000028   Code   RO          607    .text.HAL_CAN_GetTxMailboxesFreeLevel  stm32f4xx_hal_can.o
    0x08000fa8   0x08000fa8   0x0000025e   Code   RO          621    .text.HAL_CAN_IRQHandler  stm32f4xx_hal_can.o
    0x08001206   0x08001206   0x00000002   PAD
    0x08001208   0x08001208   0x000000f4   Code   RO          583    .text.HAL_CAN_Init  stm32f4xx_hal_can.o
    0x080012fc   0x080012fc   0x0000011e   Code   RO          128    .text.HAL_CAN_MspInit  can.o
    0x0800141a   0x0800141a   0x00000002   PAD
    0x0800141c   0x0800141c   0x00000002   Code   RO          635    .text.HAL_CAN_RxFifo0FullCallback  stm32f4xx_hal_can.o
    0x0800141e   0x0800141e   0x00000002   PAD
    0x08001420   0x08001420   0x0000013e   Code   RO         1338    .text.HAL_CAN_RxFifo0MsgPendingCallback  user_can.o
    0x0800155e   0x0800155e   0x00000002   PAD
    0x08001560   0x08001560   0x00000002   Code   RO          639    .text.HAL_CAN_RxFifo1FullCallback  stm32f4xx_hal_can.o
    0x08001562   0x08001562   0x00000002   PAD
    0x08001564   0x08001564   0x00000002   Code   RO          641    .text.HAL_CAN_RxFifo1MsgPendingCallback  stm32f4xx_hal_can.o
    0x08001566   0x08001566   0x00000002   PAD
    0x08001568   0x08001568   0x00000002   Code   RO          643    .text.HAL_CAN_SleepCallback  stm32f4xx_hal_can.o
    0x0800156a   0x0800156a   0x00000002   PAD
    0x0800156c   0x0800156c   0x0000005a   Code   RO          595    .text.HAL_CAN_Start  stm32f4xx_hal_can.o
    0x080015c6   0x080015c6   0x00000002   PAD
    0x080015c8   0x080015c8   0x00000002   Code   RO          625    .text.HAL_CAN_TxMailbox0AbortCallback  stm32f4xx_hal_can.o
    0x080015ca   0x080015ca   0x00000002   PAD
    0x080015cc   0x080015cc   0x00000002   Code   RO          623    .text.HAL_CAN_TxMailbox0CompleteCallback  stm32f4xx_hal_can.o
    0x080015ce   0x080015ce   0x00000002   PAD
    0x080015d0   0x080015d0   0x00000002   Code   RO          629    .text.HAL_CAN_TxMailbox1AbortCallback  stm32f4xx_hal_can.o
    0x080015d2   0x080015d2   0x00000002   PAD
    0x080015d4   0x080015d4   0x00000002   Code   RO          627    .text.HAL_CAN_TxMailbox1CompleteCallback  stm32f4xx_hal_can.o
    0x080015d6   0x080015d6   0x00000002   PAD
    0x080015d8   0x080015d8   0x00000002   Code   RO          633    .text.HAL_CAN_TxMailbox2AbortCallback  stm32f4xx_hal_can.o
    0x080015da   0x080015da   0x00000002   PAD
    0x080015dc   0x080015dc   0x00000002   Code   RO          631    .text.HAL_CAN_TxMailbox2CompleteCallback  stm32f4xx_hal_can.o
    0x080015de   0x080015de   0x00000002   PAD
    0x080015e0   0x080015e0   0x00000002   Code   RO          645    .text.HAL_CAN_WakeUpFromRxMsgCallback  stm32f4xx_hal_can.o
    0x080015e2   0x080015e2   0x00000002   PAD
    0x080015e4   0x080015e4   0x0000008e   Code   RO          819    .text.HAL_DMA_Abort  stm32f4xx_hal_dma.o
    0x08001672   0x08001672   0x00000002   PAD
    0x08001674   0x08001674   0x00000024   Code   RO          821    .text.HAL_DMA_Abort_IT  stm32f4xx_hal_dma.o
    0x08001698   0x08001698   0x00000004   Code   RO          833    .text.HAL_DMA_GetError  stm32f4xx_hal_dma.o
    0x0800169c   0x0800169c   0x000001c4   Code   RO          825    .text.HAL_DMA_IRQHandler  stm32f4xx_hal_dma.o
    0x08001860   0x08001860   0x00000162   Code   RO          811    .text.HAL_DMA_Init  stm32f4xx_hal_dma.o
    0x080019c2   0x080019c2   0x00000002   PAD
    0x080019c4   0x080019c4   0x000000a2   Code   RO          817    .text.HAL_DMA_Start_IT  stm32f4xx_hal_dma.o
    0x08001a66   0x08001a66   0x00000002   PAD
    0x08001a68   0x08001a68   0x0000019e   Code   RO          773    .text.HAL_GPIO_Init  stm32f4xx_hal_gpio.o
    0x08001c06   0x08001c06   0x00000002   PAD
    0x08001c08   0x08001c08   0x0000000a   Code   RO          779    .text.HAL_GPIO_WritePin  stm32f4xx_hal_gpio.o
    0x08001c12   0x08001c12   0x00000002   PAD
    0x08001c14   0x08001c14   0x0000000c   Code   RO          970    .text.HAL_GetTick   stm32f4xx_hal.o
    0x08001c20   0x08001c20   0x0000001a   Code   RO          968    .text.HAL_IncTick   stm32f4xx_hal.o
    0x08001c3a   0x08001c3a   0x00000002   PAD
    0x08001c3c   0x08001c3c   0x00000036   Code   RO          958    .text.HAL_Init      stm32f4xx_hal.o
    0x08001c72   0x08001c72   0x00000002   PAD
    0x08001c74   0x08001c74   0x000000b2   Code   RO          249    .text.HAL_InitTick  stm32f4xx_hal_timebase_tim.o
    0x08001d26   0x08001d26   0x00000002   PAD
    0x08001d28   0x08001d28   0x00000042   Code   RO          240    .text.HAL_MspInit   stm32f4xx_hal_msp.o
    0x08001d6a   0x08001d6a   0x00000002   PAD
    0x08001d6c   0x08001d6c   0x00000022   Code   RO          910    .text.HAL_NVIC_EnableIRQ  stm32f4xx_hal_cortex.o
    0x08001d8e   0x08001d8e   0x00000002   PAD
    0x08001d90   0x08001d90   0x00000056   Code   RO          908    .text.HAL_NVIC_SetPriority  stm32f4xx_hal_cortex.o
    0x08001de6   0x08001de6   0x00000002   PAD
    0x08001de8   0x08001de8   0x00000020   Code   RO          906    .text.HAL_NVIC_SetPriorityGrouping  stm32f4xx_hal_cortex.o
    0x08001e08   0x08001e08   0x00000164   Code   RO          667    .text.HAL_RCC_ClockConfig  stm32f4xx_hal_rcc.o
    0x08001f6c   0x08001f6c   0x0000003e   Code   RO          685    .text.HAL_RCC_GetClockConfig  stm32f4xx_hal_rcc.o
    0x08001faa   0x08001faa   0x00000002   PAD
    0x08001fac   0x08001fac   0x00000026   Code   RO          679    .text.HAL_RCC_GetPCLK1Freq  stm32f4xx_hal_rcc.o
    0x08001fd2   0x08001fd2   0x00000002   PAD
    0x08001fd4   0x08001fd4   0x00000026   Code   RO          681    .text.HAL_RCC_GetPCLK2Freq  stm32f4xx_hal_rcc.o
    0x08001ffa   0x08001ffa   0x00000002   PAD
    0x08001ffc   0x08001ffc   0x0000006e   Code   RO          669    .text.HAL_RCC_GetSysClockFreq  stm32f4xx_hal_rcc.o
    0x0800206a   0x0800206a   0x00000002   PAD
    0x0800206c   0x0800206c   0x000003ac   Code   RO          665    .text.HAL_RCC_OscConfig  stm32f4xx_hal_rcc.o
    0x08002418   0x08002418   0x000000b0   Code   RO         1048    .text.HAL_SPI_Init  stm32f4xx_hal_spi.o
    0x080024c8   0x080024c8   0x0000012e   Code   RO          154    .text.HAL_SPI_MspInit  spi.o
    0x080025f6   0x080025f6   0x00000002   PAD
    0x080025f8   0x080025f8   0x00000340   Code   RO         1060    .text.HAL_SPI_TransmitReceive  stm32f4xx_hal_spi.o
    0x08002938   0x08002938   0x00000002   Code   RO          569    .text.HAL_TIMEx_BreakCallback  stm32f4xx_hal_tim_ex.o
    0x0800293a   0x0800293a   0x00000002   PAD
    0x0800293c   0x0800293c   0x00000002   Code   RO          565    .text.HAL_TIMEx_CommutCallback  stm32f4xx_hal_tim_ex.o
    0x0800293e   0x0800293e   0x00000002   PAD
    0x08002940   0x08002940   0x000000ba   Code   RO          559    .text.HAL_TIMEx_MasterConfigSynchronization  stm32f4xx_hal_tim_ex.o
    0x080029fa   0x080029fa   0x00000002   PAD
    0x080029fc   0x080029fc   0x0000005a   Code   RO          264    .text.HAL_TIM_Base_Init  stm32f4xx_hal_tim.o
    0x08002a56   0x08002a56   0x00000002   PAD
    0x08002a58   0x08002a58   0x00000074   Code   RO          175    .text.HAL_TIM_Base_MspInit  tim.o
    0x08002acc   0x08002acc   0x000000aa   Code   RO          278    .text.HAL_TIM_Base_Start_IT  stm32f4xx_hal_tim.o
    0x08002b76   0x08002b76   0x00000002   PAD
    0x08002b78   0x08002b78   0x000001a0   Code   RO          444    .text.HAL_TIM_ConfigClockSource  stm32f4xx_hal_tim.o
    0x08002d18   0x08002d18   0x00000002   Code   RO          400    .text.HAL_TIM_IC_CaptureCallback  stm32f4xx_hal_tim.o
    0x08002d1a   0x08002d1a   0x00000002   PAD
    0x08002d1c   0x08002d1c   0x0000014e   Code   RO          398    .text.HAL_TIM_IRQHandler  stm32f4xx_hal_tim.o
    0x08002e6a   0x08002e6a   0x00000002   PAD
    0x08002e6c   0x08002e6c   0x00000002   Code   RO          402    .text.HAL_TIM_OC_DelayElapsedCallback  stm32f4xx_hal_tim.o
    0x08002e6e   0x08002e6e   0x00000002   PAD
    0x08002e70   0x08002e70   0x00000220   Code   RO          418    .text.HAL_TIM_PWM_ConfigChannel  stm32f4xx_hal_tim.o
    0x08003090   0x08003090   0x0000005a   Code   RO          318    .text.HAL_TIM_PWM_Init  stm32f4xx_hal_tim.o
    0x080030ea   0x080030ea   0x00000002   PAD
    0x080030ec   0x080030ec   0x00000002   Code   RO          320    .text.HAL_TIM_PWM_MspInit  stm32f4xx_hal_tim.o
    0x080030ee   0x080030ee   0x00000002   PAD
    0x080030f0   0x080030f0   0x00000002   Code   RO          404    .text.HAL_TIM_PWM_PulseFinishedCallback  stm32f4xx_hal_tim.o
    0x080030f2   0x080030f2   0x00000002   PAD
    0x080030f4   0x080030f4   0x0000010e   Code   RO          326    .text.HAL_TIM_PWM_Start  stm32f4xx_hal_tim.o
    0x08003202   0x08003202   0x00000002   PAD
    0x08003204   0x08003204   0x00000014   Code   RO           77    .text.HAL_TIM_PeriodElapsedCallback  main.o
    0x08003218   0x08003218   0x00000002   Code   RO          408    .text.HAL_TIM_TriggerCallback  stm32f4xx_hal_tim.o
    0x0800321a   0x0800321a   0x00000002   PAD
    0x0800321c   0x0800321c   0x000001ee   Code   RO         1210    .text.HAL_UARTEx_ReceiveToIdle_DMA  stm32f4xx_hal_uart.o
    0x0800340a   0x0800340a   0x00000002   PAD
    0x0800340c   0x0800340c   0x000000fe   Code   RO         1359    .text.HAL_UARTEx_RxEventCallback  remote.o
    0x0800350a   0x0800350a   0x00000002   PAD
    0x0800350c   0x0800350c   0x0000016e   Code   RO         1218    .text.HAL_UART_AbortReceive  stm32f4xx_hal_uart.o
    0x0800367a   0x0800367a   0x00000002   PAD
    0x0800367c   0x0800367c   0x00000088   Code   RO         1357    .text.HAL_UART_ErrorCallback  remote.o
    0x08003704   0x08003704   0x00000594   Code   RO         1240    .text.HAL_UART_IRQHandler  stm32f4xx_hal_uart.o
    0x08003c98   0x08003c98   0x00000060   Code   RO         1162    .text.HAL_UART_Init  stm32f4xx_hal_uart.o
    0x08003cf8   0x08003cf8   0x000000ca   Code   RO          191    .text.HAL_UART_MspInit  usart.o
    0x08003dc2   0x08003dc2   0x00000002   PAD
    0x08003dc4   0x08003dc4   0x00000002   Code   RO         1254    .text.HAL_UART_RxCpltCallback  stm32f4xx_hal_uart.o
    0x08003dc6   0x08003dc6   0x00000002   PAD
    0x08003dc8   0x08003dc8   0x00000002   Code   RO         1256    .text.HAL_UART_RxHalfCpltCallback  stm32f4xx_hal_uart.o
    0x08003dca   0x08003dca   0x00000002   PAD
    0x08003dcc   0x08003dcc   0x00000002   Code   RO         1250    .text.HAL_UART_TxCpltCallback  stm32f4xx_hal_uart.o
    0x08003dce   0x08003dce   0x00000002   PAD
    0x08003dd0   0x08003dd0   0x00000002   Code   RO          207    .text.HardFault_Handler  stm32f4xx_it.o
    0x08003dd2   0x08003dd2   0x00000002   PAD
    0x08003dd4   0x08003dd4   0x0000001a   Code   RO           30    .text.IMU_Attitude_Init  imu_attitude.o
    0x08003dee   0x08003dee   0x00000002   PAD
    0x08003df0   0x08003df0   0x0000000e   Code   RO           32    .text.IMU_Attitude_IsReady  imu_attitude.o
    0x08003dfe   0x08003dfe   0x00000002   PAD
    0x08003e00   0x08003e00   0x00000658   Code   RO           34    .text.IMU_Attitude_Update  imu_attitude.o
    0x08004458   0x08004458   0x00000044   Code   RO          124    .text.MX_CAN1_Init  can.o
    0x0800449c   0x0800449c   0x00000044   Code   RO          126    .text.MX_CAN2_Init  can.o
    0x080044e0   0x080044e0   0x0000006c   Code   RO          143    .text.MX_DMA_Init   dma.o
    0x0800454c   0x0800454c   0x0000008c   Code   RO          106    .text.MX_FREERTOS_Init  freertos.o
    0x080045d8   0x080045d8   0x000000e8   Code   RO           91    .text.MX_GPIO_Init  gpio.o
    0x080046c0   0x080046c0   0x00000052   Code   RO          152    .text.MX_SPI1_Init  spi.o
    0x08004712   0x08004712   0x00000002   PAD
    0x08004714   0x08004714   0x0000010e   Code   RO          169    .text.MX_TIM4_Init  tim.o
    0x08004822   0x08004822   0x00000002   PAD
    0x08004824   0x08004824   0x00000050   Code   RO          173    .text.MX_TIM6_Init  tim.o
    0x08004874   0x08004874   0x00000048   Code   RO          189    .text.MX_USART3_UART_Init  usart.o
    0x080048bc   0x080048bc   0x00000002   Code   RO          209    .text.MemManage_Handler  stm32f4xx_it.o
    0x080048be   0x080048be   0x00000002   PAD
    0x080048c0   0x080048c0   0x00000074   Code   RO          108    .text.MotorCtrl     freertos.o
    0x08004934   0x08004934   0x00000118   Code   RO         1374    .text.Motor_Control_Init  motor.o
    0x08004a4c   0x08004a4c   0x000000f8   Code   RO         1372    .text.Motor_Control_StopAll  motor.o
    0x08004b44   0x08004b44   0x000008b4   Code   RO         1376    .text.Motor_Control_Update_2ms  motor.o
    0x080053f8   0x080053f8   0x00000134   Code   RO         1305    .text.Motor_Drv_Init  motor_drv.o
    0x0800552c   0x0800552c   0x00000284   Code   RO         1311    .text.Motor_Drv_Send_All  motor_drv.o
    0x080057b0   0x080057b0   0x0000001a   Code   RO         1315    .text.Motor_Drv_SetFrictionWheelTorque  motor_drv.o
    0x080057ca   0x080057ca   0x00000002   PAD
    0x080057cc   0x080057cc   0x0000001a   Code   RO         1317    .text.Motor_Drv_SetGimbalAngle  motor_drv.o
    0x080057e6   0x080057e6   0x00000002   PAD
    0x080057e8   0x080057e8   0x0000001a   Code   RO         1313    .text.Motor_Drv_SetWheelTorque  motor_drv.o
    0x08005802   0x08005802   0x00000002   PAD
    0x08005804   0x08005804   0x000000a8   Code   RO         1384    .text.Motor_SetRemoteChassisTargets  motor.o
    0x080058ac   0x080058ac   0x0000011c   Code   RO         1378    .text.Motor_SetSmallGyroChassisTargets  motor.o
    0x080059c8   0x080059c8   0x00000210   Code   RO         1386    .text.Motor_UpdateGimbalControl  motor.o
    0x08005bd8   0x08005bd8   0x0000024c   Code   RO         1380    .text.Motor_UpdateGyroExitProgress  motor.o
    0x08005e24   0x08005e24   0x0000005c   Code   RO         1382    .text.Motor_WheelsStopped  motor.o
    0x08005e80   0x08005e80   0x00000002   Code   RO          205    .text.NMI_Handler   stm32f4xx_it.o
    0x08005e82   0x08005e82   0x0000000e   PAD
    0x08005e90   0x08005e90   0x00000064   Code   RO         1841    .text.PendSV_Handler  port.o
    0x08005ef4   0x08005ef4   0x00000050   Code   RO         1353    .text.Remote_Init   remote.o
    0x08005f44   0x08005f44   0x0000001c   Code   RO         1355    .text.Remote_IsOnline  remote.o
    0x08005f60   0x08005f60   0x00000124   Code   RO         1152    .text.SPI_WaitFlagStateUntilTimeout  stm32f4xx_hal_spi.o
    0x08006084   0x08006084   0x0000000c   PAD
    0x08006090   0x08006090   0x00000024   Code   RO         1825    .text.SVC_Handler   port.o
    0x080060b4   0x080060b4   0x00000034   Code   RO         1843    .text.SysTick_Handler  port.o
    0x080060e8   0x080060e8   0x000000ac   Code   RO           73    .text.SystemClock_Config  main.o
    0x08006194   0x08006194   0x00000012   Code   RO         1284    .text.SystemInit    system_stm32f4xx.o
    0x080061a6   0x080061a6   0x00000002   PAD
    0x080061a8   0x080061a8   0x0000000c   Code   RO          223    .text.TIM6_DAC_IRQHandler  stm32f4xx_it.o
    0x080061b4   0x080061b4   0x0000000c   Code   RO          225    .text.TIM7_IRQHandler  stm32f4xx_it.o
    0x080061c0   0x080061c0   0x0000013a   Code   RO          268    .text.TIM_Base_SetConfig  stm32f4xx_hal_tim.o
    0x080062fa   0x080062fa   0x00000002   PAD
    0x080062fc   0x080062fc   0x0000000a   Code   RO         1244    .text.UART_DMAAbortOnError  stm32f4xx_hal_uart.o
    0x08006306   0x08006306   0x00000002   PAD
    0x08006308   0x08006308   0x0000017c   Code   RO         1194    .text.UART_DMAError  stm32f4xx_hal_uart.o
    0x08006484   0x08006484   0x0000015e   Code   RO         1272    .text.UART_DMAReceiveCplt  stm32f4xx_hal_uart.o
    0x080065e2   0x080065e2   0x00000002   PAD
    0x080065e4   0x080065e4   0x00000018   Code   RO         1274    .text.UART_DMARxHalfCplt  stm32f4xx_hal_uart.o
    0x080065fc   0x080065fc   0x000000fe   Code   RO         1242    .text.UART_Receive_IT  stm32f4xx_hal_uart.o
    0x080066fa   0x080066fa   0x00000002   PAD
    0x080066fc   0x080066fc   0x000000e6   Code   RO         1166    .text.UART_SetConfig  stm32f4xx_hal_uart.o
    0x080067e2   0x080067e2   0x00000002   PAD
    0x080067e4   0x080067e4   0x0000000c   Code   RO          221    .text.USART3_IRQHandler  stm32f4xx_it.o
    0x080067f0   0x080067f0   0x000000c4   Code   RO         1421    .text.USER_PID_Calculate  user_pid.o
    0x080068b4   0x080068b4   0x00000024   Code   RO         1415    .text.USER_PID_Init  user_pid.o
    0x080068d8   0x080068d8   0x00000012   Code   RO         1417    .text.USER_PID_Reset  user_pid.o
    0x080068ea   0x080068ea   0x00000002   PAD
    0x080068ec   0x080068ec   0x0000003e   Code   RO         1419    .text.USER_PID_SetDerivativeFilter  user_pid.o
    0x0800692a   0x0800692a   0x00000002   PAD
    0x0800692c   0x0800692c   0x00000002   Code   RO          213    .text.UsageFault_Handler  stm32f4xx_it.o
    0x0800692e   0x0800692e   0x00000002   PAD
    0x08006930   0x08006930   0x0000024c   Code   RO           13    .text.bmi088_accel_init  bmi088driver.o
    0x08006b7c   0x08006b7c   0x0000020e   Code   RO           15    .text.bmi088_gyro_init  bmi088driver.o
    0x08006d8a   0x08006d8a   0x00000002   PAD
    0x08006d8c   0x08006d8c   0x00000046   Code   RO           71    .text.main          main.o
    0x08006dd2   0x08006dd2   0x00000002   PAD
    0x08006dd4   0x08006dd4   0x00000010   Code   RO         1703    .text.osDelay       cmsis_os.o
    0x08006de4   0x08006de4   0x0000000a   Code   RO         1685    .text.osKernelStart  cmsis_os.o
    0x08006dee   0x08006dee   0x00000002   PAD
    0x08006df0   0x08006df0   0x0000005c   Code   RO         1691    .text.osThreadCreate  cmsis_os.o
    0x08006e4c   0x08006e4c   0x00000104   Code   RO         1579    .text.prvAddNewTaskToReadyList  tasks.o
    0x08006f50   0x08006f50   0x00000086   Code   RO         1611    .text.prvIdleTask   tasks.o
    0x08006fd6   0x08006fd6   0x00000002   PAD
    0x08006fd8   0x08006fd8   0x00000104   Code   RO         1577    .text.prvInitialiseNewTask  tasks.o
    0x080070dc   0x080070dc   0x00000028   Code   RO         1833    .text.prvPortStartFirstTask  port.o
    0x08007104   0x08007104   0x0000003e   Code   RO         1823    .text.prvTaskExitError  port.o
    0x08007142   0x08007142   0x00000002   PAD
    0x08007144   0x08007144   0x000001e4   Code   RO         1799    .text.pvPortMalloc  heap_4.o
    0x08007328   0x08007328   0x00000024   Code   RO         1821    .text.pxPortInitialiseStack  port.o
    0x0800734c   0x0800734c   0x00000022   Code   RO         1468    .text.uxListRemove  list.o
    0x0800736e   0x0800736e   0x00000002   PAD
    0x08007370   0x08007370   0x00000054   Code   RO         1643    .text.uxTaskGetStackHighWaterMark  tasks.o
    0x080073c4   0x080073c4   0x0000001a   Code   RO          104    .text.vApplicationGetIdleTaskMemory  freertos.o
    0x080073de   0x080073de   0x00000002   PAD
    0x080073e0   0x080073e0   0x00000012   Code   RO          102    .text.vApplicationMallocFailedHook  freertos.o
    0x080073f2   0x080073f2   0x00000002   PAD
    0x080073f4   0x080073f4   0x00000012   Code   RO          100    .text.vApplicationStackOverflowHook  freertos.o
    0x08007406   0x08007406   0x00000002   PAD
    0x08007408   0x08007408   0x00000016   Code   RO         1460    .text.vListInitialise  list.o
    0x0800741e   0x0800741e   0x00000002   PAD
    0x08007420   0x08007420   0x00000006   Code   RO         1462    .text.vListInitialiseItem  list.o
    0x08007426   0x08007426   0x00000002   PAD
    0x08007428   0x08007428   0x00000062   Code   RO         1466    .text.vListInsert   list.o
    0x0800748a   0x0800748a   0x00000002   PAD
    0x0800748c   0x0800748c   0x0000001a   Code   RO         1464    .text.vListInsertEnd  list.o
    0x080074a6   0x080074a6   0x00000002   PAD
    0x080074a8   0x080074a8   0x00000014   Code   RO         1831    .text.vPortEnableVFP  port.o
    0x080074bc   0x080074bc   0x00000046   Code   RO         1837    .text.vPortEnterCritical  port.o
    0x08007502   0x08007502   0x00000002   PAD
    0x08007504   0x08007504   0x0000002e   Code   RO         1839    .text.vPortExitCritical  port.o
    0x08007532   0x08007532   0x00000002   PAD
    0x08007534   0x08007534   0x000000de   Code   RO         1801    .text.vPortFree     heap_4.o
    0x08007612   0x08007612   0x00000002   PAD
    0x08007614   0x08007614   0x00000034   Code   RO         1829    .text.vPortSetupTimerInterrupt  port.o
    0x08007648   0x08007648   0x0000009e   Code   RO         1593    .text.vTaskDelay    tasks.o
    0x080076e6   0x080076e6   0x00000002   PAD
    0x080076e8   0x080076e8   0x000000e0   Code   RO         1585    .text.vTaskDelayUntil  tasks.o
    0x080077c8   0x080077c8   0x000000cc   Code   RO         1609    .text.vTaskStartScheduler  tasks.o
    0x08007894   0x08007894   0x00000010   Code   RO         1587    .text.vTaskSuspendAll  tasks.o
    0x080078a4   0x080078a4   0x0000009a   Code   RO         1603    .text.vTaskSwitchContext  tasks.o
    0x0800793e   0x0800793e   0x00000002   PAD
    0x08007940   0x08007940   0x00000188   Code   RO         1827    .text.xPortStartScheduler  port.o
    0x08007ac8   0x08007ac8   0x00000060   Code   RO         1581    .text.xTaskCreate   tasks.o
    0x08007b28   0x08007b28   0x00000076   Code   RO         1575    .text.xTaskCreateStatic  tasks.o
    0x08007b9e   0x08007b9e   0x00000002   PAD
    0x08007ba0   0x08007ba0   0x0000000c   Code   RO         1617    .text.xTaskGetTickCount  tasks.o
    0x08007bac   0x08007bac   0x00000106   Code   RO         1615    .text.xTaskIncrementTick  tasks.o
    0x08007cb2   0x08007cb2   0x00000002   PAD
    0x08007cb4   0x08007cb4   0x000000ea   Code   RO         1591    .text.xTaskResumeAll  tasks.o
    0x08007d9e   0x08007d9e   0x00000026   Code   RO         1926    i.__ARM_fpclassifyf  m_wm.l(fpclassifyf.o)
    0x08007dc4   0x08007dc4   0x0000012c   Code   RO         1882    i.__hardfp_asinf    m_wm.l(asinf.o)
    0x08007ef0   0x08007ef0   0x000002ac   Code   RO         1888    i.__hardfp_atan2f   m_wm.l(atan2f.o)
    0x0800819c   0x0800819c   0x00000150   Code   RO         1894    i.__hardfp_cosf     m_wm.l(cosf.o)
    0x080082ec   0x080082ec   0x00000190   Code   RO         1900    i.__hardfp_sinf     m_wm.l(sinf.o)
    0x0800847c   0x0800847c   0x00000006   Code   RO         1929    i.__mathlib_flt_infnan  m_wm.l(funder.o)
    0x08008482   0x08008482   0x00000006   Code   RO         1930    i.__mathlib_flt_infnan2  m_wm.l(funder.o)
    0x08008488   0x08008488   0x00000010   Code   RO         1931    i.__mathlib_flt_invalid  m_wm.l(funder.o)
    0x08008498   0x08008498   0x00000010   Code   RO         1934    i.__mathlib_flt_underflow  m_wm.l(funder.o)
    0x080084a8   0x080084a8   0x00000154   Code   RO         1942    i.__mathlib_rredf2  m_wm.l(rredf.o)
    0x080085fc   0x080085fc   0x0000003e   Code   RO         1947    i.sqrtf             m_wm.l(sqrtf.o)
    0x0800863a   0x0800863a   0x00000002   PAD
    0x0800863c   0x0800863c   0x00000062   Code   RO         1872    x$fpl$d2f           fz_wm.l(d2f.o)
    0x0800869e   0x0800869e   0x00000002   PAD
    0x080086a0   0x080086a0   0x000002b8   Code   RO         1875    x$fpl$ddiv          fz_wm.l(ddiv.o)
    0x08008958   0x08008958   0x00000154   Code   RO         1878    x$fpl$dmul          fz_wm.l(dmul.o)
    0x08008aac   0x08008aac   0x0000009c   Code   RO         1917    x$fpl$dnaninf       fz_wm.l(dnaninf.o)
    0x08008b48   0x08008b48   0x0000000c   Code   RO         1919    x$fpl$dretinf       fz_wm.l(dretinf.o)
    0x08008b54   0x08008b54   0x00000056   Code   RO         1880    x$fpl$f2d           fz_wm.l(f2d.o)
    0x08008baa   0x08008baa   0x0000008c   Code   RO         1921    x$fpl$fnaninf       fz_wm.l(fnaninf.o)
    0x08008c36   0x08008c36   0x0000001a   Code   RO         2062    x$fpl$fpinit        fz_wm.l(fpinit.o)
    0x08008c50   0x08008c50   0x0000000a   Code   RO         1923    x$fpl$fretinf       fz_wm.l(fretinf.o)
    0x08008c5a   0x08008c5a   0x00000000   Code   RO         1925    x$fpl$usenofp       fz_wm.l(usenofp.o)
    0x08008c5a   0x08008c5a   0x00000002   PAD
    0x08008c5c   0x08008c5c   0x00000020   Data   RO         1943    .constdata          m_wm.l(rredf.o)
    0x08008c7c   0x08008c7c   0x00000010   Data   RO         1289    .rodata.AHBPrescTable  system_stm32f4xx.o
    0x08008c8c   0x08008c8c   0x00000008   Data   RO         1290    .rodata.APBPrescTable  system_stm32f4xx.o
    0x08008c94   0x08008c94   0x00000008   Data   RO          835    .rodata.cst8        stm32f4xx_hal_dma.o
    0x08008c9c   0x08008c9c   0x00000017   Data   RO          114    .rodata.str1.1      freertos.o
    0x08008cb3   0x08008cb3   0x00000012   Data   RO           19    .rodata.write_BMI088_accel_reg_data_error  bmi088driver.o
    0x08008cc5   0x08008cc5   0x00000012   Data   RO           20    .rodata.write_BMI088_gyro_reg_data_error  bmi088driver.o
    0x08008cd7   0x08008cd7   0x00000001   PAD
    0x08008cd8   0x08008cd8   0x00000020   Data   RO         2123    Region$$Table       anon$$obj.o


    Execution Region RW_IRAM1 (Exec base: 0x20000000, Load base: 0x08008cf8, Size: 0x00004d90, Max: 0x0001c000, ABSOLUTE)

    Exec Addr    Load Addr    Size         Type   Attr      Idx    E Section Name        Object

    0x20000000   0x08008cf8   0x00000008   Data   RW           21    .data..L_MergedGlobals  bmi088driver.o
    0x20000008   0x08008d00   0x00000008   Data   RW         1013    .data..L_MergedGlobals  stm32f4xx_hal.o
    0x20000010   0x08008d08   0x00000054   Data   RW         1390    .data..L_MergedGlobals  motor.o
    0x20000064   0x08008d5c   0x00000004   Data   RW         1288    .data.SystemCoreClock  system_stm32f4xx.o
    0x20000068   0x08008d60   0x00000004   Data   RW         1847    .data.uxCriticalNesting  port.o
    0x2000006c   0x08008d64   0x00000004   PAD
    0x20000070        -       0x00000060   Zero   RW         1974    .bss                c_w.l(libspace.o)
    0x200000d0        -       0x00000018   Zero   RW          115    .bss..L_MergedGlobals  freertos.o
    0x200000e8        -       0x0000005c   Zero   RW         1327    .bss..L_MergedGlobals  motor_drv.o
    0x20000144        -       0x00000018   Zero   RW         1344    .bss..L_MergedGlobals  user_can.o
    0x2000015c        -       0x00000048   Zero   RW         1361    .bss..L_MergedGlobals  remote.o
    0x200001a4        -       0x00000004   Zero   RW         1406    .bss..L_MergedGlobals  buzzer.o
    0x200001a8        -       0x00000078   Zero   RW         1674    .bss..L_MergedGlobals  tasks.o
    0x20000220        -       0x00000020   Zero   RW         1812    .bss..L_MergedGlobals  heap_4.o
    0x20000240        -       0x00000008   Zero   RW         1848    .bss..L_MergedGlobals  port.o
    0x20000248        -       0x00000004   Zero   RW         1391    .bss..L_MergedGlobals.1  motor.o
    0x2000024c        -       0x00000028   Zero   RW         1675    .bss..L_MergedGlobals.2  tasks.o
    0x20000274        -       0x00000004   Zero   RW          134    .bss.HAL_RCC_CAN1_CLK_ENABLED  can.o
    0x20000278        -       0x0000000c   Zero   RW           80    .bss.accel          main.o
    0x20000284        -       0x00000058   Zero   RW         1326    .bss.gimbal_motors  motor_drv.o
    0x200002dc        -       0x0000000c   Zero   RW           79    .bss.gyro           main.o
    0x200002e8        -       0x00000028   Zero   RW          132    .bss.hcan1          can.o
    0x20000310        -       0x00000028   Zero   RW          133    .bss.hcan2          can.o
    0x20000338        -       0x00000060   Zero   RW          159    .bss.hdma_spi1_rx   spi.o
    0x20000398        -       0x00000060   Zero   RW          160    .bss.hdma_spi1_tx   spi.o
    0x200003f8        -       0x00000060   Zero   RW          196    .bss.hdma_usart3_rx  usart.o
    0x20000458        -       0x00000058   Zero   RW          158    .bss.hspi1          spi.o
    0x200004b0        -       0x00000048   Zero   RW          179    .bss.htim4          tim.o
    0x200004f8        -       0x00000048   Zero   RW          180    .bss.htim6          tim.o
    0x20000540        -       0x00000048   Zero   RW          255    .bss.htim7          stm32f4xx_hal_timebase_tim.o
    0x20000588        -       0x00000048   Zero   RW          195    .bss.huart3         usart.o
    0x200005d0        -       0x00000068   Zero   RW           36    .bss.imu_attitude   imu_attitude.o
    0x20000638        -       0x000001ac   Zero   RW         1389    .bss.motor_control  motor.o
    0x200007e4        -       0x000000a0   Zero   RW         1673    .bss.pxReadyTasksLists  tasks.o
    0x20000884        -       0x00000004   Zero   RW           81    .bss.temp           main.o
    0x20000888        -       0x00003c00   Zero   RW         1811    .bss.ucHeap         heap_4.o
    0x20004488        -       0x00000004   Zero   RW         1012    .bss.uwTick         stm32f4xx_hal.o
    0x2000448c        -       0x000000b0   Zero   RW         1325    .bss.wheel_motors   motor_drv.o
    0x2000453c        -       0x00000200   Zero   RW          113    .bss.xIdleStack     freertos.o
    0x2000473c        -       0x00000054   Zero   RW          112    .bss.xIdleTaskTCBBuffer  freertos.o
    0x20004790        -       0x00000200   Zero   RW            2    HEAP                startup_stm32f407xx.o
    0x20004990        -       0x00000400   Zero   RW            1    STACK               startup_stm32f407xx.o


    Execution Region RW_IRAM2 (Exec base: 0x2001c000, Load base: 0x08008d68, Size: 0x00000000, Max: 0x00004000, ABSOLUTE)

    **** No section assigned to this execution region ****


==============================================================================

Image component sizes


      Code (inc. data)   RO Data    RW Data    ZI Data      Debug   Object Name

      1550          0         36          8          0       5762   bmi088driver.o
       670          0          0          0          0       5549   bmi088middleware.o
       176          0          0          0          4       2759   buzzer.o
       422          0          0          0         84       6906   can.o
       118          0          0          0          0      24911   cmsis_os.o
       108          0          0          0          0       3530   dma.o
       368         60         23          0        620       4224   freertos.o
       232          0          0          0          0       2237   gpio.o
       706          0          0          0      15392       5964   heap_4.o
      1664         48          0          0        104       6800   imu_attitude.o
       186          0          0          0          0       2373   list.o
       268          0          0          0         28       6550   main.o
      4416        228          0         84        432      16458   motor.o
      1294         44          0          0        356       9429   motor_drv.o
       906         16          0          4          8       4509   port.o
       498          0          0          0         72       5312   remote.o
       384          0          0          0        280       5337   spi.o
        64         26        392          0       1536        844   startup_stm32f407xx.o
        92          0          0          8          4       7334   stm32f4xx_hal.o
      1736          6          0          0          0      14083   stm32f4xx_hal_can.o
       152          0          0          0          0      10752   stm32f4xx_hal_cortex.o
      1150          6          8          0          0      10600   stm32f4xx_hal_dma.o
       424          0          0          0          0       5462   stm32f4xx_hal_gpio.o
        66          0          0          0          0       3557   stm32f4xx_hal_msp.o
      1544          4          0          0          0       7604   stm32f4xx_hal_rcc.o
      1300          0          0          0          0      26257   stm32f4xx_hal_spi.o
      2238          6          0          0          0      58513   stm32f4xx_hal_tim.o
       190          0          0          0          0      21960   stm32f4xx_hal_tim_ex.o
       178          0          0          0         72       7281   stm32f4xx_hal_timebase_tim.o
      3638          0          0          0          0      32828   stm32f4xx_hal_uart.o
       108          0          0          0          0       7716   stm32f4xx_it.o
        18          0         24          4          0       2623   system_stm32f4xx.o
      2216          8          0          0        320      31303   tasks.o
       466          0          0          0        144       8813   tim.o
       274          0          0          0        168       7085   usart.o
       700          8          0          0         24       5640   user_can.o
       312          4          0          0          0       2172   user_pid.o

    ----------------------------------------------------------------------
     31074        464        516        108      19652     391037   Object Totals
         0          0         32          0          0          0   (incl. Generated)
       242          0          1          0          4          0   (incl. Padding)

    ----------------------------------------------------------------------

      Code (inc. data)   RO Data    RW Data    ZI Data      Debug   Library Member Name

         8          0          0          0          0         68   __main.o
         0          0          0          0          0          0   __rtentry.o
        12          0          0          0          0          0   __rtentry2.o
         6          0          0          0          0          0   __rtentry4.o
        94          8          0          0          0          0   __scatter.o
        26          0          0          0          0          0   __scatter_copy.o
        28          0          0          0          0          0   __scatter_zi.o
        22          0          0          0          0        100   _rserrno.o
        16          0          0          0          0         68   aeabi_memset4.o
        18          0          0          0          0         80   exit.o
         6          0          0          0          0        152   heapauxi.o
         0          0          0          0          0          0   indicate_semi.o
         2          0          0          0          0          0   libinit.o
         6          0          0          0          0          0   libinit2.o
         2          0          0          0          0          0   libshutdown.o
         2          0          0          0          0          0   libshutdown2.o
         8          4          0          0         96         68   libspace.o
       240          0          0          0          0        100   lludivv7m.o
         8          4          0          0          0         68   rt_errno_addr_intlibspace.o
        78          0          0          0          0         80   rt_memclr_w.o
         2          0          0          0          0          0   rtexit.o
        10          0          0          0          0          0   rtexit2.o
        12          4          0          0          0         68   sys_exit.o
        74          0          0          0          0         80   sys_stackheap_outer.o
         2          0          0          0          0         68   use_no_semi.o
        98          4          0          0          0        140   d2f.o
       696        140          0          0          0        264   ddiv.o
       340         12          0          0          0        152   dmul.o
       156          4          0          0          0        140   dnaninf.o
        12          0          0          0          0        116   dretinf.o
        86          4          0          0          0        132   f2d.o
       140          4          0          0          0        132   fnaninf.o
        26          0          0          0          0        116   fpinit.o
        10          0          0          0          0        116   fretinf.o
         0          0          0          0          0          0   usenofp.o
       300         42          0          0          0        176   asinf.o
       684         90          0          0          0        208   atan2f.o
       336         56          0          0          0        136   cosf.o
        38          0          0          0          0        116   fpclassifyf.o
        44         12          0          0          0        464   funder.o
       340         24         32          0          0        160   rredf.o
       400         56          0          0          0        212   sinf.o
        62          0          0          0          0        136   sqrtf.o

    ----------------------------------------------------------------------
      4466        468         32          0         96       3916   Library Totals
        16          0          0          0          0          0   (incl. Padding)

    ----------------------------------------------------------------------

      Code (inc. data)   RO Data    RW Data    ZI Data      Debug   Library Name

       682         20          0          0         96       1000   c_w.l
      1564        168          0          0          0       1308   fz_wm.l
      2204        280         32          0          0       1608   m_wm.l

    ----------------------------------------------------------------------
      4466        468         32          0         96       3916   Library Totals

    ----------------------------------------------------------------------

==============================================================================


      Code (inc. data)   RO Data    RW Data    ZI Data      Debug   

     35540        932        548        108      19748     392105   Grand Totals
     35540        932        548        108      19748     392105   ELF Image Totals
     35540        932        548        108          0          0   ROM Totals

==============================================================================

    Total RO  Size (Code + RO Data)                36088 (  35.24kB)
    Total RW  Size (RW Data + ZI Data)             19856 (  19.39kB)
    Total ROM Size (Code + RO Data + RW Data)      36196 (  35.35kB)

==============================================================================

