Component: Arm Compiler for Embedded 6.24 Tool: armlink [5f371500]

==============================================================================

Section Cross References

    startup_stm32f407xx.o(STACK) refers (Special) to heapauxi.o(.text) for __use_two_region_memory
    startup_stm32f407xx.o(HEAP) refers (Special) to heapauxi.o(.text) for __use_two_region_memory
    startup_stm32f407xx.o(RESET) refers (Special) to heapauxi.o(.text) for __use_two_region_memory
    startup_stm32f407xx.o(RESET) refers to startup_stm32f407xx.o(STACK) for __initial_sp
    startup_stm32f407xx.o(RESET) refers to startup_stm32f407xx.o(.text) for Reset_Handler
    startup_stm32f407xx.o(RESET) refers to stm32f4xx_it.o(.text.NMI_Handler) for NMI_Handler
    startup_stm32f407xx.o(RESET) refers to stm32f4xx_it.o(.text.HardFault_Handler) for HardFault_Handler
    startup_stm32f407xx.o(RESET) refers to stm32f4xx_it.o(.text.MemManage_Handler) for MemManage_Handler
    startup_stm32f407xx.o(RESET) refers to stm32f4xx_it.o(.text.BusFault_Handler) for BusFault_Handler
    startup_stm32f407xx.o(RESET) refers to stm32f4xx_it.o(.text.UsageFault_Handler) for UsageFault_Handler
    startup_stm32f407xx.o(RESET) refers to port.o(.text.SVC_Handler) for SVC_Handler
    startup_stm32f407xx.o(RESET) refers to stm32f4xx_it.o(.text.DebugMon_Handler) for DebugMon_Handler
    startup_stm32f407xx.o(RESET) refers to port.o(.text.PendSV_Handler) for PendSV_Handler
    startup_stm32f407xx.o(RESET) refers to port.o(.text.SysTick_Handler) for SysTick_Handler
    startup_stm32f407xx.o(RESET) refers to stm32f4xx_it.o(.text.DMA1_Stream1_IRQHandler) for DMA1_Stream1_IRQHandler
    startup_stm32f407xx.o(RESET) refers to stm32f4xx_it.o(.text.CAN1_RX0_IRQHandler) for CAN1_RX0_IRQHandler
    startup_stm32f407xx.o(RESET) refers to stm32f4xx_it.o(.text.USART3_IRQHandler) for USART3_IRQHandler
    startup_stm32f407xx.o(RESET) refers to stm32f4xx_it.o(.text.TIM6_DAC_IRQHandler) for TIM6_DAC_IRQHandler
    startup_stm32f407xx.o(RESET) refers to stm32f4xx_it.o(.text.TIM7_IRQHandler) for TIM7_IRQHandler
    startup_stm32f407xx.o(RESET) refers to stm32f4xx_it.o(.text.DMA2_Stream0_IRQHandler) for DMA2_Stream0_IRQHandler
    startup_stm32f407xx.o(RESET) refers to stm32f4xx_it.o(.text.DMA2_Stream3_IRQHandler) for DMA2_Stream3_IRQHandler
    startup_stm32f407xx.o(RESET) refers to stm32f4xx_it.o(.text.CAN2_RX0_IRQHandler) for CAN2_RX0_IRQHandler
    startup_stm32f407xx.o(.text) refers (Special) to heapauxi.o(.text) for __use_two_region_memory
    startup_stm32f407xx.o(.text) refers to system_stm32f4xx.o(.text.SystemInit) for SystemInit
    startup_stm32f407xx.o(.text) refers to __main.o(!!!main) for __main
    startup_stm32f407xx.o(.text) refers to startup_stm32f407xx.o(HEAP) for Heap_Mem
    startup_stm32f407xx.o(.text) refers to startup_stm32f407xx.o(STACK) for Stack_Mem
    main.o(.text.main) refers to stm32f4xx_hal.o(.text.HAL_Init) for HAL_Init
    main.o(.text.main) refers to main.o(.text.SystemClock_Config) for SystemClock_Config
    main.o(.text.main) refers to gpio.o(.text.MX_GPIO_Init) for MX_GPIO_Init
    main.o(.text.main) refers to dma.o(.text.MX_DMA_Init) for MX_DMA_Init
    main.o(.text.main) refers to can.o(.text.MX_CAN1_Init) for MX_CAN1_Init
    main.o(.text.main) refers to can.o(.text.MX_CAN2_Init) for MX_CAN2_Init
    main.o(.text.main) refers to usart.o(.text.MX_USART3_UART_Init) for MX_USART3_UART_Init
    main.o(.text.main) refers to tim.o(.text.MX_TIM4_Init) for MX_TIM4_Init
    main.o(.text.main) refers to tim.o(.text.MX_TIM6_Init) for MX_TIM6_Init
    main.o(.text.main) refers to spi.o(.text.MX_SPI1_Init) for MX_SPI1_Init
    main.o(.text.main) refers to motor_task.o(.text.Motor_Task_Init) for Motor_Task_Init
    main.o(.text.main) refers to freertos.o(.text.MX_FREERTOS_Init) for MX_FREERTOS_Init
    main.o(.text.main) refers to cmsis_os.o(.text.osKernelStart) for osKernelStart
    main.o(.ARM.exidx.text.main) refers to main.o(.text.main) for [Anonymous Symbol]
    main.o(.text.SystemClock_Config) refers to rt_memclr_w.o(.text) for __aeabi_memclr4
    main.o(.text.SystemClock_Config) refers to stm32f4xx_hal_rcc.o(.text.HAL_RCC_OscConfig) for HAL_RCC_OscConfig
    main.o(.text.SystemClock_Config) refers to stm32f4xx_hal_rcc.o(.text.HAL_RCC_ClockConfig) for HAL_RCC_ClockConfig
    main.o(.ARM.exidx.text.SystemClock_Config) refers to main.o(.text.SystemClock_Config) for [Anonymous Symbol]
    main.o(.ARM.exidx.text.Error_Handler) refers to main.o(.text.Error_Handler) for [Anonymous Symbol]
    main.o(.text.HAL_TIM_PeriodElapsedCallback) refers to stm32f4xx_hal.o(.text.HAL_IncTick) for HAL_IncTick
    main.o(.ARM.exidx.text.HAL_TIM_PeriodElapsedCallback) refers to main.o(.text.HAL_TIM_PeriodElapsedCallback) for [Anonymous Symbol]
    gpio.o(.text.MX_GPIO_Init) refers to stm32f4xx_hal_gpio.o(.text.HAL_GPIO_WritePin) for HAL_GPIO_WritePin
    gpio.o(.text.MX_GPIO_Init) refers to stm32f4xx_hal_gpio.o(.text.HAL_GPIO_Init) for HAL_GPIO_Init
[...]
    __rt_lib_init_cpp_1                      0x0800022f   Thumb Code     0  libinit2.o(.ARM.Collect$$libinit$$00000034)
    __rt_lib_init_exceptions_1               0x0800022f   Thumb Code     0  libinit2.o(.ARM.Collect$$libinit$$00000032)
    __rt_lib_init_fp_trap_1                  0x0800022f   Thumb Code     0  libinit2.o(.ARM.Collect$$libinit$$00000021)
    __rt_lib_init_getenv_1                   0x0800022f   Thumb Code     0  libinit2.o(.ARM.Collect$$libinit$$00000025)
    __rt_lib_init_heap_1                     0x0800022f   Thumb Code     0  libinit2.o(.ARM.Collect$$libinit$$0000000C)
    __rt_lib_init_lc_collate_1               0x0800022f   Thumb Code     0  libinit2.o(.ARM.Collect$$libinit$$00000013)
    __rt_lib_init_lc_ctype_1                 0x0800022f   Thumb Code     0  libinit2.o(.ARM.Collect$$libinit$$00000015)
    __rt_lib_init_lc_monetary_1              0x0800022f   Thumb Code     0  libinit2.o(.ARM.Collect$$libinit$$00000017)
    __rt_lib_init_lc_numeric_1               0x0800022f   Thumb Code     0  libinit2.o(.ARM.Collect$$libinit$$00000019)
    __rt_lib_init_lc_time_1                  0x0800022f   Thumb Code     0  libinit2.o(.ARM.Collect$$libinit$$0000001B)
    __rt_lib_init_preinit_1                  0x0800022f   Thumb Code     0  libinit2.o(.ARM.Collect$$libinit$$00000006)
    __rt_lib_init_rand_1                     0x0800022f   Thumb Code     0  libinit2.o(.ARM.Collect$$libinit$$00000010)
    __rt_lib_init_relocate_pie_1             0x0800022f   Thumb Code     0  libinit2.o(.ARM.Collect$$libinit$$00000004)
    __rt_lib_init_return                     0x0800022f   Thumb Code     0  libinit2.o(.ARM.Collect$$libinit$$00000035)
    __rt_lib_init_signal_1                   0x0800022f   Thumb Code     0  libinit2.o(.ARM.Collect$$libinit$$0000001F)
    __rt_lib_init_stdio_1                    0x0800022f   Thumb Code     0  libinit2.o(.ARM.Collect$$libinit$$00000027)
    __rt_lib_init_user_alloc_1               0x0800022f   Thumb Code     0  libinit2.o(.ARM.Collect$$libinit$$0000000E)
    __rt_lib_shutdown                        0x08000231   Thumb Code     0  libshutdown.o(.ARM.Collect$$libshutdown$$00000000)
    __rt_lib_shutdown_cpp_1                  0x08000233   Thumb Code     0  libshutdown2.o(.ARM.Collect$$libshutdown$$00000002)
    __rt_lib_shutdown_fp_trap_1              0x08000233   Thumb Code     0  libshutdown2.o(.ARM.Collect$$libshutdown$$00000007)
    __rt_lib_shutdown_heap_1                 0x08000233   Thumb Code     0  libshutdown2.o(.ARM.Collect$$libshutdown$$0000000F)
    __rt_lib_shutdown_return                 0x08000233   Thumb Code     0  libshutdown2.o(.ARM.Collect$$libshutdown$$00000010)
    __rt_lib_shutdown_signal_1               0x08000233   Thumb Code     0  libshutdown2.o(.ARM.Collect$$libshutdown$$0000000A)
    __rt_lib_shutdown_stdio_1                0x08000233   Thumb Code     0  libshutdown2.o(.ARM.Collect$$libshutdown$$00000004)
    __rt_lib_shutdown_user_alloc_1           0x08000233   Thumb Code     0  libshutdown2.o(.ARM.Collect$$libshutdown$$0000000C)
    __rt_entry                               0x08000235   Thumb Code     0  __rtentry.o(.ARM.Collect$$rtentry$$00000000)
    __rt_entry_presh_1                       0x08000235   Thumb Code     0  __rtentry2.o(.ARM.Collect$$rtentry$$00000002)
    __rt_entry_sh                            0x08000235   Thumb Code     0  __rtentry4.o(.ARM.Collect$$rtentry$$00000004)
    __rt_entry_li                            0x0800023b   Thumb Code     0  __rtentry2.o(.ARM.Collect$$rtentry$$0000000A)
    __rt_entry_postsh_1                      0x0800023b   Thumb Code     0  __rtentry2.o(.ARM.Collect$$rtentry$$00000009)
    __rt_entry_main                          0x0800023f   Thumb Code     0  __rtentry2.o(.ARM.Collect$$rtentry$$0000000D)
    __rt_entry_postli_1                      0x0800023f   Thumb Code     0  __rtentry2.o(.ARM.Collect$$rtentry$$0000000C)
    __rt_exit                                0x08000247   Thumb Code     0  rtexit.o(.ARM.Collect$$rtexit$$00000000)
    __rt_exit_ls                             0x08000249   Thumb Code     0  rtexit2.o(.ARM.Collect$$rtexit$$00000003)
    __rt_exit_prels_1                        0x08000249   Thumb Code     0  rtexit2.o(.ARM.Collect$$rtexit$$00000002)
    __rt_exit_exit                           0x0800024d   Thumb Code     0  rtexit2.o(.ARM.Collect$$rtexit$$00000004)
    Reset_Handler                            0x08000255   Thumb Code     8  startup_stm32f407xx.o(.text)
    ADC_IRQHandler                           0x0800026f   Thumb Code     0  startup_stm32f407xx.o(.text)
    CAN1_RX1_IRQHandler                      0x0800026f   Thumb Code     0  startup_stm32f407xx.o(.text)
    CAN1_SCE_IRQHandler                      0x0800026f   Thumb Code     0  startup_stm32f407xx.o(.text)
    CAN1_TX_IRQHandler                       0x0800026f   Thumb Code     0  startup_stm32f407xx.o(.text)
    CAN2_RX1_IRQHandler                      0x0800026f   Thumb Code     0  startup_stm32f407xx.o(.text)
    CAN2_SCE_IRQHandler                      0x0800026f   Thumb Code     0  startup_stm32f407xx.o(.text)
    CAN2_TX_IRQHandler                       0x0800026f   Thumb Code     0  startup_stm32f407xx.o(.text)
    DCMI_IRQHandler                          0x0800026f   Thumb Code     0  startup_stm32f407xx.o(.text)
    DMA1_Stream0_IRQHandler                  0x0800026f   Thumb Code     0  startup_stm32f407xx.o(.text)
    DMA1_Stream2_IRQHandler                  0x0800026f   Thumb Code     0  startup_stm32f407xx.o(.text)
    DMA1_Stream3_IRQHandler                  0x0800026f   Thumb Code     0  startup_stm32f407xx.o(.text)
    DMA1_Stream4_IRQHandler                  0x0800026f   Thumb Code     0  startup_stm32f407xx.o(.text)
    DMA1_Stream5_IRQHandler                  0x0800026f   Thumb Code     0  startup_stm32f407xx.o(.text)
    DMA1_Stream6_IRQHandler                  0x0800026f   Thumb Code     0  startup_stm32f407xx.o(.text)
    DMA1_Stream7_IRQHandler                  0x0800026f   Thumb Code     0  startup_stm32f407xx.o(.text)
    DMA2_Stream1_IRQHandler                  0x0800026f   Thumb Code     0  startup_stm32f407xx.o(.text)
    DMA2_Stream2_IRQHandler                  0x0800026f   Thumb Code     0  startup_stm32f407xx.o(.text)
    DMA2_Stream4_IRQHandler                  0x0800026f   Thumb Code     0  startup_stm32f407xx.o(.text)
    DMA2_Stream5_IRQHandler                  0x0800026f   Thumb Code     0  startup_stm32f407xx.o(.text)
    DMA2_Stream6_IRQHandler                  0x0800026f   Thumb Code     0  startup_stm32f407xx.o(.text)
    DMA2_Stream7_IRQHandler                  0x0800026f   Thumb Code     0  startup_stm32f407xx.o(.text)
    ETH_IRQHandler                           0x0800026f   Thumb Code     0  startup_stm32f407xx.o(.text)
    ETH_WKUP_IRQHandler                      0x0800026f   Thumb Code     0  startup_stm32f407xx.o(.text)
    EXTI0_IRQHandler                         0x0800026f   Thumb Code     0  startup_stm32f407xx.o(.text)
    EXTI15_10_IRQHandler                     0x0800026f   Thumb Code     0  startup_stm32f407xx.o(.text)
    EXTI1_IRQHandler                         0x0800026f   Thumb Code     0  startup_stm32f407xx.o(.text)
    EXTI2_IRQHandler                         0x0800026f   Thumb Code     0  startup_stm32f407xx.o(.text)
    EXTI3_IRQHandler                         0x0800026f   Thumb Code     0  startup_stm32f407xx.o(.text)
    EXTI4_IRQHandler                         0x0800026f   Thumb Code     0  startup_stm32f407xx.o(.text)
    EXTI9_5_IRQHandler                       0x0800026f   Thumb Code     0  startup_stm32f407xx.o(.text)
    FLASH_IRQHandler                         0x0800026f   Thumb Code     0  startup_stm32f407xx.o(.text)
    FMC_IRQHandler                           0x0800026f   Thumb Code     0  startup_stm32f407xx.o(.text)
    FPU_IRQHandler                           0x0800026f   Thumb Code     0  startup_stm32f407xx.o(.text)
    HASH_RNG_IRQHandler                      0x0800026f   Thumb Code     0  startup_stm32f407xx.o(.text)
    I2C1_ER_IRQHandler                       0x0800026f   Thumb Code     0  startup_stm32f407xx.o(.text)
    I2C1_EV_IRQHandler                       0x0800026f   Thumb Code     0  startup_stm32f407xx.o(.text)
    I2C2_ER_IRQHandler                       0x0800026f   Thumb Code     0  startup_stm32f407xx.o(.text)
    I2C2_EV_IRQHandler                       0x0800026f   Thumb Code     0  startup_stm32f407xx.o(.text)
    I2C3_ER_IRQHandler                       0x0800026f   Thumb Code     0  startup_stm32f407xx.o(.text)
    I2C3_EV_IRQHandler                       0x0800026f   Thumb Code     0  startup_stm32f407xx.o(.text)
    OTG_FS_IRQHandler                        0x0800026f   Thumb Code     0  startup_stm32f407xx.o(.text)
    OTG_FS_WKUP_IRQHandler                   0x0800026f   Thumb Code     0  startup_stm32f407xx.o(.text)
    OTG_HS_EP1_IN_IRQHandler                 0x0800026f   Thumb Code     0  startup_stm32f407xx.o(.text)
    OTG_HS_EP1_OUT_IRQHandler                0x0800026f   Thumb Code     0  startup_stm32f407xx.o(.text)
    OTG_HS_IRQHandler                        0x0800026f   Thumb Code     0  startup_stm32f407xx.o(.text)
    OTG_HS_WKUP_IRQHandler                   0x0800026f   Thumb Code     0  startup_stm32f407xx.o(.text)
    PVD_IRQHandler                           0x0800026f   Thumb Code     0  startup_stm32f407xx.o(.text)
    RCC_IRQHandler                           0x0800026f   Thumb Code     0  startup_stm32f407xx.o(.text)
    RTC_Alarm_IRQHandler                     0x0800026f   Thumb Code     0  startup_stm32f407xx.o(.text)
    RTC_WKUP_IRQHandler                      0x0800026f   Thumb Code     0  startup_stm32f407xx.o(.text)
    SDIO_IRQHandler                          0x0800026f   Thumb Code     0  startup_stm32f407xx.o(.text)
    SPI1_IRQHandler                          0x0800026f   Thumb Code     0  startup_stm32f407xx.o(.text)
    SPI2_IRQHandler                          0x0800026f   Thumb Code     0  startup_stm32f407xx.o(.text)
    SPI3_IRQHandler                          0x0800026f   Thumb Code     0  startup_stm32f407xx.o(.text)
    TAMP_STAMP_IRQHandler                    0x0800026f   Thumb Code     0  startup_stm32f407xx.o(.text)
    TIM1_BRK_TIM9_IRQHandler                 0x0800026f   Thumb Code     0  startup_stm32f407xx.o(.text)
    TIM1_CC_IRQHandler                       0x0800026f   Thumb Code     0  startup_stm32f407xx.o(.text)
    TIM1_TRG_COM_TIM11_IRQHandler            0x0800026f   Thumb Code     0  startup_stm32f407xx.o(.text)
    TIM1_UP_TIM10_IRQHandler                 0x0800026f   Thumb Code     0  startup_stm32f407xx.o(.text)
    TIM2_IRQHandler                          0x0800026f   Thumb Code     0  startup_stm32f407xx.o(.text)
    TIM3_IRQHandler                          0x0800026f   Thumb Code     0  startup_stm32f407xx.o(.text)
    TIM4_IRQHandler                          0x0800026f   Thumb Code     0  startup_stm32f407xx.o(.text)
    TIM5_IRQHandler                          0x0800026f   Thumb Code     0  startup_stm32f407xx.o(.text)
    TIM8_BRK_TIM12_IRQHandler                0x0800026f   Thumb Code     0  startup_stm32f407xx.o(.text)
    TIM8_CC_IRQHandler                       0x0800026f   Thumb Code     0  startup_stm32f407xx.o(.text)
    TIM8_TRG_COM_TIM14_IRQHandler            0x0800026f   Thumb Code     0  startup_stm32f407xx.o(.text)
    TIM8_UP_TIM13_IRQHandler                 0x0800026f   Thumb Code     0  startup_stm32f407xx.o(.text)
    UART4_IRQHandler                         0x0800026f   Thumb Code     0  startup_stm32f407xx.o(.text)
    UART5_IRQHandler                         0x0800026f   Thumb Code     0  startup_stm32f407xx.o(.text)
    USART1_IRQHandler                        0x0800026f   Thumb Code     0  startup_stm32f407xx.o(.text)
    USART2_IRQHandler                        0x0800026f   Thumb Code     0  startup_stm32f407xx.o(.text)
    USART6_IRQHandler                        0x0800026f   Thumb Code     0  startup_stm32f407xx.o(.text)
    WWDG_IRQHandler                          0x0800026f   Thumb Code     0  startup_stm32f407xx.o(.text)
    __user_initial_stackheap                 0x08000271   Thumb Code     0  startup_stm32f407xx.o(.text)
    __aeabi_uldivmod                         0x08000295   Thumb Code     0  lludivv7m.o(.text)
    _ll_udiv                                 0x08000295   Thumb Code   240  lludivv7m.o(.text)
    __aeabi_memset4                          0x08000385   Thumb Code    16  aeabi_memset4.o(.text)
    __aeabi_memset8                          0x08000385   Thumb Code     0  aeabi_memset4.o(.text)
    __aeabi_memclr4                          0x08000395   Thumb Code     0  rt_memclr_w.o(.text)
    __aeabi_memclr8                          0x08000395   Thumb Code     0  rt_memclr_w.o(.text)
    __rt_memclr_w                            0x08000395   Thumb Code     0  rt_memclr_w.o(.text)
    _memset_w                                0x08000399   Thumb Code    74  rt_memclr_w.o(.text)
    __use_two_region_memory                  0x080003e3   Thumb Code     2  heapauxi.o(.text)
    __rt_heap_escrow$2region                 0x080003e5   Thumb Code     2  heapauxi.o(.text)
    __rt_heap_expand$2region                 0x080003e7   Thumb Code     2  heapauxi.o(.text)
    __read_errno                             0x080003e9   Thumb Code    10  _rserrno.o(.text)
    __set_errno                              0x080003f3   Thumb Code    12  _rserrno.o(.text)
    __aeabi_errno_addr                       0x08000401   Thumb Code     8  rt_errno_addr_intlibspace.o(.text)
    __errno$intlibspace                      0x08000401   Thumb Code     0  rt_errno_addr_intlibspace.o(.text)
    __rt_errno_addr$intlibspace              0x08000401   Thumb Code     0  rt_errno_addr_intlibspace.o(.text)
    __user_libspace                          0x08000409   Thumb Code     8  libspace.o(.text)
    __user_perproc_libspace                  0x08000409   Thumb Code     0  libspace.o(.text)
    __user_perthread_libspace                0x08000409   Thumb Code     0  libspace.o(.text)
    __user_setup_stackheap                   0x08000411   Thumb Code    74  sys_stackheap_outer.o(.text)
    exit                                     0x0800045b   Thumb Code    18  exit.o(.text)
    _sys_exit                                0x0800046d   Thumb Code     8  sys_exit.o(.text)
    __I$use$semihosting                      0x08000479   Thumb Code     0  use_no_semi.o(.text)
    __use_no_semihosting_swi                 0x08000479   Thumb Code     2  use_no_semi.o(.text)
    __semihosting_library_function           0x0800047b   Thumb Code     0  indicate_semi.o(.text)
    BMI088_ACCEL_NS_H                        0x0800047d   Thumb Code    14  bmi088middleware.o(.text.BMI088_ACCEL_NS_H)
    BMI088_ACCEL_NS_L                        0x0800048d   Thumb Code    14  bmi088middleware.o(.text.BMI088_ACCEL_NS_L)
    BMI088_GPIO_init                         0x0800049d   Thumb Code     2  bmi088middleware.o(.text.BMI088_GPIO_init)
    BMI088_GYRO_NS_H                         0x080004a1   Thumb Code    16  bmi088middleware.o(.text.BMI088_GYRO_NS_H)
    BMI088_GYRO_NS_L                         0x080004b1   Thumb Code    16  bmi088middleware.o(.text.BMI088_GYRO_NS_L)
    BMI088_com_init                          0x080004c1   Thumb Code     2  bmi088middleware.o(.text.BMI088_com_init)
    BMI088_delay_ms                          0x080004c5   Thumb Code   486  bmi088middleware.o(.text.BMI088_delay_ms)
    BMI088_delay_us                          0x080006ad   Thumb Code    74  bmi088middleware.o(.text.BMI088_delay_us)
    BMI088_init                              0x080006f9   Thumb Code    24  bmi088driver.o(.text.BMI088_init)
    BMI088_read                              0x08000711   Thumb Code   412  bmi088driver.o(.text.BMI088_read)
    BMI088_read_write_byte                   0x080008ad   Thumb Code    46  bmi088middleware.o(.text.BMI088_read_write_byte)
    BusFault_Handler                         0x080008dd   Thumb Code     2  stm32f4xx_it.o(.text.BusFault_Handler)
    Buzzer_Init                              0x080008e1   Thumb Code    36  buzzer.o(.text.Buzzer_Init)
    CAN1_RX0_IRQHandler                      0x08000905   Thumb Code    12  stm32f4xx_it.o(.text.CAN1_RX0_IRQHandler)
    CAN2_RX0_IRQHandler                      0x08000911   Thumb Code    12  stm32f4xx_it.o(.text.CAN2_RX0_IRQHandler)
    CAN_Init                                 0x0800091d   Thumb Code   166  user_can.o(.text.CAN_Init)
    CAN_Send_DM_Motor_Data                   0x080009c5   Thumb Code    58  user_can.o(.text.CAN_Send_DM_Motor_Data)
    Chassis_Ctrl_CalculateWheelTargets       0x08000a01   Thumb Code   516  chassis.o(.text.Chassis_Ctrl_CalculateWheelTargets)
    Chassis_Ctrl_DirectionsCalibrated        0x08000c1d   Thumb Code     4  chassis.o(.text.Chassis_Ctrl_DirectionsCalibrated)
    Chassis_Ctrl_Init                        0x08000c21   Thumb Code   280  chassis.o(.text.Chassis_Ctrl_Init)
    Chassis_Ctrl_PrepareRotate               0x08000d3d   Thumb Code    42  chassis.o(.text.Chassis_Ctrl_PrepareRotate)
    Chassis_Ctrl_ResetRotateExit             0x08000d69   Thumb Code    42  chassis.o(.text.Chassis_Ctrl_ResetRotateExit)
    Chassis_Ctrl_ResetWheelPIDs              0x08000d95   Thumb Code    46  chassis.o(.text.Chassis_Ctrl_ResetWheelPIDs)
    Chassis_Ctrl_SetRemoteTargets            0x08000dc5   Thumb Code    42  chassis.o(.text.Chassis_Ctrl_SetRemoteTargets)
    Chassis_Ctrl_SetRotateTargets            0x08000df1   Thumb Code   112  chassis.o(.text.Chassis_Ctrl_SetRotateTargets)
    Chassis_Ctrl_Stop                        0x08000e69   Thumb Code    98  chassis.o(.text.Chassis_Ctrl_Stop)
    Chassis_Ctrl_UpdateOutputs               0x08000ecd   Thumb Code   174  chassis.o(.text.Chassis_Ctrl_UpdateOutputs)
    Chassis_Ctrl_UpdateRotateExit            0x08000f7d   Thumb Code  1232  chassis.o(.text.Chassis_Ctrl_UpdateRotateExit)
    DJI3508_Get_Data                         0x08001479   Thumb Code    76  motor_drv.o(.text.DJI3508_Get_Data)
    DMA1_Stream1_IRQHandler                  0x080014d1   Thumb Code    12  stm32f4xx_it.o(.text.DMA1_Stream1_IRQHandler)
    DMA2_Stream0_IRQHandler                  0x080014dd   Thumb Code    12  stm32f4xx_it.o(.text.DMA2_Stream0_IRQHandler)
    DMA2_Stream3_IRQHandler                  0x080014e9   Thumb Code    12  stm32f4xx_it.o(.text.DMA2_Stream3_IRQHandler)
    DebugMon_Handler                         0x080014f5   Thumb Code     2  stm32f4xx_it.o(.text.DebugMon_Handler)
    Error_GetResult                          0x080014f9   Thumb Code    12  error.o(.text.Error_GetResult)
    Error_Handler                            0x08001505   Thumb Code     6  main.o(.text.Error_Handler)
    Error_Init                               0x0800150d   Thumb Code    14  error.o(.text.Error_Init)
    GM6020_Get_Data                          0x0800151d   Thumb Code    68  motor_drv.o(.text.GM6020_Get_Data)
    Gimbal_Ctrl_CircularError                0x08001569   Thumb Code    56  gimbal.o(.text.Gimbal_Ctrl_CircularError)
    Gimbal_Ctrl_Init                         0x080015b1   Thumb Code   284  gimbal.o(.text.Gimbal_Ctrl_Init)
    Gimbal_Ctrl_Stop                         0x080016d5   Thumb Code    74  gimbal.o(.text.Gimbal_Ctrl_Stop)
    Gimbal_Ctrl_UpdateNormal                 0x08001721   Thumb Code   612  gimbal.o(.text.Gimbal_Ctrl_UpdateNormal)
    Gimbal_Ctrl_UpdateRotate                 0x080019ad   Thumb Code   676  gimbal.o(.text.Gimbal_Ctrl_UpdateRotate)
    HAL_CAN_ActivateNotification             0x08001c71   Thumb Code    46  stm32f4xx_hal_can.o(.text.HAL_CAN_ActivateNotification)
    HAL_CAN_AddTxMessage                     0x08001ca1   Thumb Code   164  stm32f4xx_hal_can.o(.text.HAL_CAN_AddTxMessage)
    HAL_CAN_ConfigFilter                     0x08001d45   Thumb Code   222  stm32f4xx_hal_can.o(.text.HAL_CAN_ConfigFilter)
    HAL_CAN_ErrorCallback                    0x08001e25   Thumb Code     2  stm32f4xx_hal_can.o(.text.HAL_CAN_ErrorCallback)
    HAL_CAN_GetRxMessage                     0x08001e29   Thumb Code   302  stm32f4xx_hal_can.o(.text.HAL_CAN_GetRxMessage)
    HAL_CAN_GetTxMailboxesFreeLevel          0x08001f59   Thumb Code    40  stm32f4xx_hal_can.o(.text.HAL_CAN_GetTxMailboxesFreeLevel)
    HAL_CAN_IRQHandler                       0x08001f81   Thumb Code   606  stm32f4xx_hal_can.o(.text.HAL_CAN_IRQHandler)
    HAL_CAN_Init                             0x080021e1   Thumb Code   244  stm32f4xx_hal_can.o(.text.HAL_CAN_Init)
    HAL_CAN_MspInit                          0x080022d5   Thumb Code   286  can.o(.text.HAL_CAN_MspInit)
    HAL_CAN_RxFifo0FullCallback              0x080023f5   Thumb Code     2  stm32f4xx_hal_can.o(.text.HAL_CAN_RxFifo0FullCallback)
    HAL_CAN_RxFifo0MsgPendingCallback        0x080023f9   Thumb Code   266  user_can.o(.text.HAL_CAN_RxFifo0MsgPendingCallback)
    HAL_CAN_RxFifo1FullCallback              0x08002505   Thumb Code     2  stm32f4xx_hal_can.o(.text.HAL_CAN_RxFifo1FullCallback)
    HAL_CAN_RxFifo1MsgPendingCallback        0x08002509   Thumb Code     2  stm32f4xx_hal_can.o(.text.HAL_CAN_RxFifo1MsgPendingCallback)
    HAL_CAN_SleepCallback                    0x0800250d   Thumb Code     2  stm32f4xx_hal_can.o(.text.HAL_CAN_SleepCallback)
    HAL_CAN_Start                            0x08002511   Thumb Code    90  stm32f4xx_hal_can.o(.text.HAL_CAN_Start)
    HAL_CAN_TxMailbox0AbortCallback          0x0800256d   Thumb Code     2  stm32f4xx_hal_can.o(.text.HAL_CAN_TxMailbox0AbortCallback)
    HAL_CAN_TxMailbox0CompleteCallback       0x08002571   Thumb Code     2  stm32f4xx_hal_can.o(.text.HAL_CAN_TxMailbox0CompleteCallback)
    HAL_CAN_TxMailbox1AbortCallback          0x08002575   Thumb Code     2  stm32f4xx_hal_can.o(.text.HAL_CAN_TxMailbox1AbortCallback)
    HAL_CAN_TxMailbox1CompleteCallback       0x08002579   Thumb Code     2  stm32f4xx_hal_can.o(.text.HAL_CAN_TxMailbox1CompleteCallback)
    HAL_CAN_TxMailbox2AbortCallback          0x0800257d   Thumb Code     2  stm32f4xx_hal_can.o(.text.HAL_CAN_TxMailbox2AbortCallback)
    HAL_CAN_TxMailbox2CompleteCallback       0x08002581   Thumb Code     2  stm32f4xx_hal_can.o(.text.HAL_CAN_TxMailbox2CompleteCallback)
    HAL_CAN_WakeUpFromRxMsgCallback          0x08002585   Thumb Code     2  stm32f4xx_hal_can.o(.text.HAL_CAN_WakeUpFromRxMsgCallback)
    HAL_DMA_Abort                            0x08002589   Thumb Code   142  stm32f4xx_hal_dma.o(.text.HAL_DMA_Abort)
    HAL_DMA_Abort_IT                         0x08002619   Thumb Code    36  stm32f4xx_hal_dma.o(.text.HAL_DMA_Abort_IT)
    HAL_DMA_GetError                         0x0800263d   Thumb Code     4  stm32f4xx_hal_dma.o(.text.HAL_DMA_GetError)
    HAL_DMA_IRQHandler                       0x08002641   Thumb Code   452  stm32f4xx_hal_dma.o(.text.HAL_DMA_IRQHandler)
    HAL_DMA_Init                             0x08002805   Thumb Code   354  stm32f4xx_hal_dma.o(.text.HAL_DMA_Init)
    HAL_DMA_Start_IT                         0x08002969   Thumb Code   162  stm32f4xx_hal_dma.o(.text.HAL_DMA_Start_IT)
    HAL_Delay                                0x08002a0d   Thumb Code    40  stm32f4xx_hal.o(.text.HAL_Delay)
    HAL_GPIO_Init                            0x08002a35   Thumb Code   414  stm32f4xx_hal_gpio.o(.text.HAL_GPIO_Init)
    HAL_GPIO_WritePin                        0x08002bd5   Thumb Code    10  stm32f4xx_hal_gpio.o(.text.HAL_GPIO_WritePin)
    HAL_GetTick                              0x08002be1   Thumb Code    12  stm32f4xx_hal.o(.text.HAL_GetTick)
    HAL_IncTick                              0x08002bed   Thumb Code    26  stm32f4xx_hal.o(.text.HAL_IncTick)
    HAL_Init                                 0x08002c09   Thumb Code    54  stm32f4xx_hal.o(.text.HAL_Init)
    HAL_InitTick                             0x08002c41   Thumb Code   178  stm32f4xx_hal_timebase_tim.o(.text.HAL_InitTick)
    HAL_MspInit                              0x08002cf5   Thumb Code    66  stm32f4xx_hal_msp.o(.text.HAL_MspInit)
    HAL_NVIC_EnableIRQ                       0x08002d39   Thumb Code    34  stm32f4xx_hal_cortex.o(.text.HAL_NVIC_EnableIRQ)
    HAL_NVIC_SetPriority                     0x08002d5d   Thumb Code    86  stm32f4xx_hal_cortex.o(.text.HAL_NVIC_SetPriority)
    HAL_NVIC_SetPriorityGrouping             0x08002db5   Thumb Code    32  stm32f4xx_hal_cortex.o(.text.HAL_NVIC_SetPriorityGrouping)
    HAL_NVIC_SystemReset                     0x08002dd5   Thumb Code     4  stm32f4xx_hal_cortex.o(.text.HAL_NVIC_SystemReset)
    HAL_RCC_ClockConfig                      0x08002dd9   Thumb Code   356  stm32f4xx_hal_rcc.o(.text.HAL_RCC_ClockConfig)
    HAL_RCC_GetClockConfig                   0x08002f3d   Thumb Code    62  stm32f4xx_hal_rcc.o(.text.HAL_RCC_GetClockConfig)
    HAL_RCC_GetPCLK1Freq                     0x08002f7d   Thumb Code    38  stm32f4xx_hal_rcc.o(.text.HAL_RCC_GetPCLK1Freq)
    HAL_RCC_GetPCLK2Freq                     0x08002fa5   Thumb Code    38  stm32f4xx_hal_rcc.o(.text.HAL_RCC_GetPCLK2Freq)
    HAL_RCC_GetSysClockFreq                  0x08002fcd   Thumb Code   110  stm32f4xx_hal_rcc.o(.text.HAL_RCC_GetSysClockFreq)
    HAL_RCC_OscConfig                        0x0800303d   Thumb Code   940  stm32f4xx_hal_rcc.o(.text.HAL_RCC_OscConfig)
    HAL_SPI_Init                             0x080033e9   Thumb Code   176  stm32f4xx_hal_spi.o(.text.HAL_SPI_Init)
    HAL_SPI_MspInit                          0x08003499   Thumb Code   302  spi.o(.text.HAL_SPI_MspInit)
    HAL_SPI_TransmitReceive                  0x080035c9   Thumb Code   832  stm32f4xx_hal_spi.o(.text.HAL_SPI_TransmitReceive)
    HAL_TIMEx_BreakCallback                  0x08003909   Thumb Code     2  stm32f4xx_hal_tim_ex.o(.text.HAL_TIMEx_BreakCallback)
    HAL_TIMEx_CommutCallback                 0x0800390d   Thumb Code     2  stm32f4xx_hal_tim_ex.o(.text.HAL_TIMEx_CommutCallback)
    HAL_TIMEx_MasterConfigSynchronization    0x08003911   Thumb Code   186  stm32f4xx_hal_tim_ex.o(.text.HAL_TIMEx_MasterConfigSynchronization)
    HAL_TIM_Base_Init                        0x080039cd   Thumb Code    90  stm32f4xx_hal_tim.o(.text.HAL_TIM_Base_Init)
    HAL_TIM_Base_MspInit                     0x08003a29   Thumb Code   116  tim.o(.text.HAL_TIM_Base_MspInit)
    HAL_TIM_Base_Start_IT                    0x08003a9d   Thumb Code   170  stm32f4xx_hal_tim.o(.text.HAL_TIM_Base_Start_IT)
    HAL_TIM_ConfigClockSource                0x08003b49   Thumb Code   416  stm32f4xx_hal_tim.o(.text.HAL_TIM_ConfigClockSource)
    HAL_TIM_IC_CaptureCallback               0x08003ce9   Thumb Code     2  stm32f4xx_hal_tim.o(.text.HAL_TIM_IC_CaptureCallback)
    HAL_TIM_IRQHandler                       0x08003ced   Thumb Code   334  stm32f4xx_hal_tim.o(.text.HAL_TIM_IRQHandler)
    HAL_TIM_OC_DelayElapsedCallback          0x08003e3d   Thumb Code     2  stm32f4xx_hal_tim.o(.text.HAL_TIM_OC_DelayElapsedCallback)
    HAL_TIM_PWM_ConfigChannel                0x08003e41   Thumb Code   544  stm32f4xx_hal_tim.o(.text.HAL_TIM_PWM_ConfigChannel)
    HAL_TIM_PWM_Init                         0x08004061   Thumb Code    90  stm32f4xx_hal_tim.o(.text.HAL_TIM_PWM_Init)
    HAL_TIM_PWM_MspInit                      0x080040bd   Thumb Code     2  stm32f4xx_hal_tim.o(.text.HAL_TIM_PWM_MspInit)
    HAL_TIM_PWM_PulseFinishedCallback        0x080040c1   Thumb Code     2  stm32f4xx_hal_tim.o(.text.HAL_TIM_PWM_PulseFinishedCallback)
    HAL_TIM_PWM_Start                        0x080040c5   Thumb Code   270  stm32f4xx_hal_tim.o(.text.HAL_TIM_PWM_Start)
    HAL_TIM_PeriodElapsedCallback            0x080041d5   Thumb Code    20  main.o(.text.HAL_TIM_PeriodElapsedCallback)
    HAL_TIM_TriggerCallback                  0x080041e9   Thumb Code     2  stm32f4xx_hal_tim.o(.text.HAL_TIM_TriggerCallback)
    HAL_UARTEx_ReceiveToIdle_DMA             0x080041ed   Thumb Code   494  stm32f4xx_hal_uart.o(.text.HAL_UARTEx_ReceiveToIdle_DMA)
    HAL_UARTEx_RxEventCallback               0x080043dd   Thumb Code   230  remote.o(.text.HAL_UARTEx_RxEventCallback)
    HAL_UART_AbortReceive                    0x080044c5   Thumb Code   366  stm32f4xx_hal_uart.o(.text.HAL_UART_AbortReceive)
    HAL_UART_ErrorCallback                   0x08004635   Thumb Code   136  remote.o(.text.HAL_UART_ErrorCallback)
    HAL_UART_IRQHandler                      0x080046bd   Thumb Code  1428  stm32f4xx_hal_uart.o(.text.HAL_UART_IRQHandler)
    HAL_UART_Init                            0x08004c51   Thumb Code    96  stm32f4xx_hal_uart.o(.text.HAL_UART_Init)
    HAL_UART_MspInit                         0x08004cb1   Thumb Code   202  usart.o(.text.HAL_UART_MspInit)
    HAL_UART_RxCpltCallback                  0x08004d7d   Thumb Code     2  stm32f4xx_hal_uart.o(.text.HAL_UART_RxCpltCallback)
    HAL_UART_RxHalfCpltCallback              0x08004d81   Thumb Code     2  stm32f4xx_hal_uart.o(.text.HAL_UART_RxHalfCpltCallback)
    HAL_UART_TxCpltCallback                  0x08004d85   Thumb Code     2  stm32f4xx_hal_uart.o(.text.HAL_UART_TxCpltCallback)
    HardFault_Handler                        0x08004d89   Thumb Code     2  stm32f4xx_it.o(.text.HardFault_Handler)
    IMU_Attitude_IsReady                     0x08004d8d   Thumb Code    14  imu_attitude.o(.text.IMU_Attitude_IsReady)
    IMU_Attitude_Update                      0x08004d9d   Thumb Code  1588  imu_attitude.o(.text.IMU_Attitude_Update)
    MX_CAN1_Init                             0x080053f5   Thumb Code    72  can.o(.text.MX_CAN1_Init)
    MX_CAN2_Init                             0x0800543d   Thumb Code    72  can.o(.text.MX_CAN2_Init)
    MX_DMA_Init                              0x08005485   Thumb Code   108  dma.o(.text.MX_DMA_Init)
    MX_FREERTOS_Init                         0x080054f1   Thumb Code   192  freertos.o(.text.MX_FREERTOS_Init)
    MX_GPIO_Init                             0x0800563d   Thumb Code   232  gpio.o(.text.MX_GPIO_Init)
    MX_SPI1_Init                             0x08005725   Thumb Code    82  spi.o(.text.MX_SPI1_Init)
    MX_TIM4_Init                             0x08005779   Thumb Code   270  tim.o(.text.MX_TIM4_Init)
    MX_TIM6_Init                             0x08005889   Thumb Code    80  tim.o(.text.MX_TIM6_Init)
    MX_USART3_UART_Init                      0x080058d9   Thumb Code    72  usart.o(.text.MX_USART3_UART_Init)
    MemManage_Handler                        0x08005921   Thumb Code     2  stm32f4xx_it.o(.text.MemManage_Handler)
    Motor_Drv_Init                           0x08005925   Thumb Code   178  motor_drv.o(.text.Motor_Drv_Init)
    Motor_Drv_Send_All                       0x080059d9   Thumb Code   792  motor_drv.o(.text.Motor_Drv_Send_All)
    Motor_Drv_SetGimbalTorque                0x08005cfd   Thumb Code    28  motor_drv.o(.text.Motor_Drv_SetGimbalTorque)
    Motor_Drv_SetWheelTorque                 0x08005d19   Thumb Code    28  motor_drv.o(.text.Motor_Drv_SetWheelTorque)
    Motor_Drv_StopAll                        0x08005d35   Thumb Code    36  motor_drv.o(.text.Motor_Drv_StopAll)
    Motor_Task_Init                          0x08005d59   Thumb Code    26  motor_task.o(.text.Motor_Task_Init)
    NMI_Handler                              0x08005d75   Thumb Code     2  stm32f4xx_it.o(.text.NMI_Handler)
    OS_BeepCallback                          0x08005d79   Thumb Code   126  buzzer.o(.text.OS_BeepCallback)
    OS_ErrorCallback                         0x08005df9   Thumb Code   194  error.o(.text.OS_ErrorCallback)
    OS_IMUCallback                           0x08005ebd   Thumb Code   108  imu_attitude.o(.text.OS_IMUCallback)
    OS_MotorCallback                         0x08005f2d   Thumb Code   106  motor_task.o(.text.OS_MotorCallback)
    PendSV_Handler                           0x08005fa1   Thumb Code   100  port.o(.text.PendSV_Handler)
    Remote_Init                              0x08006005   Thumb Code    80  remote.o(.text.Remote_Init)
    Remote_IsOnline                          0x08006055   Thumb Code    28  remote.o(.text.Remote_IsOnline)
    Remote_NormalizeChannel                  0x08006071   Thumb Code    44  remote.o(.text.Remote_NormalizeChannel)
    Robot_Control_Init                       0x080060a1   Thumb Code    36  robot_control.o(.text.Robot_Control_Init)
    Robot_Control_Update_2ms                 0x080060c5   Thumb Code   444  robot_control.o(.text.Robot_Control_Update_2ms)
    Rotate_Init                              0x08006285   Thumb Code     4  rotate.o(.text.Rotate_Init)
    Rotate_UpdateActive                      0x08006289   Thumb Code   130  rotate.o(.text.Rotate_UpdateActive)
    Rotate_UpdateExit                        0x0800630d   Thumb Code   124  rotate.o(.text.Rotate_UpdateExit)
    SVC_Handler                              0x080064b1   Thumb Code    36  port.o(.text.SVC_Handler)
    StartDefaultTask                         0x080064d5   Thumb Code     8  freertos.o(.text.StartDefaultTask)
    SysTick_Handler                          0x080064dd   Thumb Code    52  port.o(.text.SysTick_Handler)
    SystemClock_Config                       0x08006511   Thumb Code   172  main.o(.text.SystemClock_Config)
    SystemInit                               0x080065bd   Thumb Code    18  system_stm32f4xx.o(.text.SystemInit)
    TIM6_DAC_IRQHandler                      0x080065d1   Thumb Code    12  stm32f4xx_it.o(.text.TIM6_DAC_IRQHandler)
    TIM7_IRQHandler                          0x080065dd   Thumb Code    12  stm32f4xx_it.o(.text.TIM7_IRQHandler)
    TIM_Base_SetConfig                       0x080065e9   Thumb Code   314  stm32f4xx_hal_tim.o(.text.TIM_Base_SetConfig)
    USART3_IRQHandler                        0x08006c0d   Thumb Code    12  stm32f4xx_it.o(.text.USART3_IRQHandler)
    USER_PID_Calculate                       0x08006c19   Thumb Code    20  user_pid.o(.text.USER_PID_Calculate)
    USER_PID_CalculateFromError              0x08006c2d   Thumb Code   352  user_pid.o(.text.USER_PID_CalculateFromError)
    USER_PID_Init                            0x08006d91   Thumb Code    62  user_pid.o(.text.USER_PID_Init)
    USER_PID_Reset                           0x08006dd1   Thumb Code    20  user_pid.o(.text.USER_PID_Reset)
    UsageFault_Handler                       0x08006de5   Thumb Code     2  stm32f4xx_it.o(.text.UsageFault_Handler)
    bmi088_accel_init                        0x08006e15   Thumb Code   588  bmi088driver.o(.text.bmi088_accel_init)
    bmi088_gyro_init                         0x08007061   Thumb Code   526  bmi088driver.o(.text.bmi088_gyro_init)
    main                                     0x08007271   Thumb Code    54  main.o(.text.main)
    osDelay                                  0x080072a9   Thumb Code    16  cmsis_os.o(.text.osDelay)
    osKernelStart                            0x080072b9   Thumb Code    10  cmsis_os.o(.text.osKernelStart)
    osThreadCreate                           0x080072c5   Thumb Code    92  cmsis_os.o(.text.osThreadCreate)
    pvPortMalloc                             0x08007611   Thumb Code   492  heap_4.o(.text.pvPortMalloc)
    pxPortInitialiseStack                    0x080077fd   Thumb Code    36  port.o(.text.pxPortInitialiseStack)
    uxListRemove                             0x08007821   Thumb Code    34  list.o(.text.uxListRemove)
    vApplicationGetIdleTaskMemory            0x08007845   Thumb Code    26  freertos.o(.text.vApplicationGetIdleTaskMemory)
    vApplicationStackOverflowHook            0x08007861   Thumb Code    18  freertos.o(.text.vApplicationStackOverflowHook)
    vListInitialise                          0x08007875   Thumb Code    22  list.o(.text.vListInitialise)
    vListInitialiseItem                      0x0800788d   Thumb Code     6  list.o(.text.vListInitialiseItem)
    vListInsert                              0x08007895   Thumb Code    98  list.o(.text.vListInsert)
    vListInsertEnd                           0x080078f9   Thumb Code    26  list.o(.text.vListInsertEnd)
    vPortEnterCritical                       0x08007929   Thumb Code    70  port.o(.text.vPortEnterCritical)
    vPortExitCritical                        0x08007971   Thumb Code    46  port.o(.text.vPortExitCritical)
    vPortFree                                0x080079a1   Thumb Code   222  heap_4.o(.text.vPortFree)
    vPortSetupTimerInterrupt                 0x08007a81   Thumb Code    52  port.o(.text.vPortSetupTimerInterrupt)
    vTaskDelay                               0x08007ab5   Thumb Code   158  tasks.o(.text.vTaskDelay)
    vTaskDelayUntil                          0x08007b55   Thumb Code   224  tasks.o(.text.vTaskDelayUntil)
    vTaskStartScheduler                      0x08007c35   Thumb Code   196  tasks.o(.text.vTaskStartScheduler)
    vTaskSuspendAll                          0x08007d01   Thumb Code    16  tasks.o(.text.vTaskSuspendAll)
    vTaskSwitchContext                       0x08007d11   Thumb Code   154  tasks.o(.text.vTaskSwitchContext)
    xPortStartScheduler                      0x08007dad   Thumb Code   392  port.o(.text.xPortStartScheduler)
    xTaskCreate                              0x08007f35   Thumb Code    96  tasks.o(.text.xTaskCreate)
    xTaskCreateStatic                        0x08007f95   Thumb Code   118  tasks.o(.text.xTaskCreateStatic)
    xTaskGetTickCount                        0x0800800d   Thumb Code    12  tasks.o(.text.xTaskGetTickCount)
    xTaskIncrementTick                       0x08008019   Thumb Code   262  tasks.o(.text.xTaskIncrementTick)
    xTaskResumeAll                           0x08008121   Thumb Code   234  tasks.o(.text.xTaskResumeAll)
    __ARM_fpclassifyf                        0x0800820b   Thumb Code    38  fpclassifyf.o(i.__ARM_fpclassifyf)
    __hardfp_asinf                           0x08008231   Thumb Code   258  asinf.o(i.__hardfp_asinf)
    __hardfp_atan2f                          0x0800835d   Thumb Code   594  atan2f.o(i.__hardfp_atan2f)
    __hardfp_cosf                            0x08008609   Thumb Code   280  cosf.o(i.__hardfp_cosf)
    __hardfp_sinf                            0x08008759   Thumb Code   344  sinf.o(i.__hardfp_sinf)
    __mathlib_flt_infnan                     0x080088e9   Thumb Code     6  funder.o(i.__mathlib_flt_infnan)
    __mathlib_flt_infnan2                    0x080088ef   Thumb Code     6  funder.o(i.__mathlib_flt_infnan2)
    __mathlib_flt_invalid                    0x080088f5   Thumb Code    10  funder.o(i.__mathlib_flt_invalid)
    __mathlib_flt_underflow                  0x08008905   Thumb Code    10  funder.o(i.__mathlib_flt_underflow)
    __mathlib_rredf2                         0x08008915   Thumb Code   316  rredf.o(i.__mathlib_rredf2)
    sqrtf                                    0x08008a69   Thumb Code    62  sqrtf.o(i.sqrtf)
    _fp_init                                 0x08008aa7   Thumb Code    26  fpinit.o(x$fpl$fpinit)
    __fplib_config_fpu_vfp                   0x08008abf   Thumb Code     0  fpinit.o(x$fpl$fpinit)
    __fplib_config_pureend_doubles           0x08008abf   Thumb Code     0  fpinit.o(x$fpl$fpinit)
    __I$use$fp                               0x08008ac0   Number         0  usenofp.o(x$fpl$usenofp)
    AHBPrescTable                            0x08008ae0   Data          16  system_stm32f4xx.o(.rodata.AHBPrescTable)
    APBPrescTable                            0x08008af0   Data           8  system_stm32f4xx.o(.rodata.APBPrescTable)
    Region$$Table$$Base                      0x08008b58   Number         0  anon$$obj.o(Region$$Table)
    Region$$Table$$Limit                     0x08008b98   Number         0  anon$$obj.o(Region$$Table)
    BMI088_ACCEL_SEN                         0x20000000   Data           4  bmi088driver.o(.data..L_MergedGlobals)
    BMI088_GYRO_SEN                          0x20000004   Data           4  bmi088driver.o(.data..L_MergedGlobals)
    rc_ctrl                                  0x2000000c   Data          28  remote.o(.bss..L_MergedGlobals)
    friction_wheels                          0x20000054   Data          48  motor_drv.o(.bss..L_MergedGlobals)
    gimbal_motors                            0x20000084   Data          48  motor_drv.o(.bss..L_MergedGlobals)
    chassis_control                          0x200000d8   Data         296  chassis.o(.bss.chassis_control)
    gimbal_control                           0x20000200   Data         328  gimbal.o(.bss.gimbal_control)
    hcan2                                    0x20000348   Data          40  can.o(.bss.hcan2)
    hdma_spi1_tx                             0x20000370   Data          96  spi.o(.bss.hdma_spi1_tx)
    hspi1                                    0x200003d0   Data          88  spi.o(.bss.hspi1)
    huart3                                   0x20000428   Data          72  usart.o(.bss.huart3)
    imu_raw_data                             0x20000470   Data          28  imu_attitude.o(.bss.imu_raw_data)
    uwTick                                   0x20018b2c   Data           4  stm32f4xx_hal.o(.bss.uwTick)
    wheel_motors                             0x20018b30   Data          96  motor_drv.o(.bss.wheel_motors)
    uwTickFreq                               0x2001c000   Data           1  stm32f4xx_hal.o(.data..L_MergedGlobals)
    uwTickPrio                               0x2001c004   Data           4  stm32f4xx_hal.o(.data..L_MergedGlobals)
    SystemCoreClock                          0x2001c008   Data           4  system_stm32f4xx.o(.data.SystemCoreClock)
    motor_inertial_yaw_feedforward_gain      0x2001c010   Data           4  gimbal.o(.data.motor_inertial_yaw_feedforward_gain)
    __libspace_start                         0x2001c018   Data          96  libspace.o(.bss)
    __temporary_stack_top$libspace           0x2001c078   Data           0  libspace.o(.bss)
    defaultTaskHandle                        0x2001c078   Data           4  freertos.o(.bss..L_MergedGlobals)
    IMUTaskHandle                            0x2001c07c   Data           4  freertos.o(.bss..L_MergedGlobals)
    BeepTaskHandle                           0x2001c080   Data           4  freertos.o(.bss..L_MergedGlobals)
    MotorTaskHandle                          0x2001c084   Data           4  freertos.o(.bss..L_MergedGlobals)
    ErrorTaskHandle                          0x2001c088   Data           4  freertos.o(.bss..L_MergedGlobals)
    pxCurrentTCB                             0x2001c08c   Data           4  tasks.o(.bss..L_MergedGlobals)
    hcan1                                    0x2001c134   Data          40  can.o(.bss.hcan1)
    hdma_spi1_rx                             0x2001c15c   Data          96  spi.o(.bss.hdma_spi1_rx)
    hdma_usart3_rx                           0x2001c1bc   Data          96  usart.o(.bss.hdma_usart3_rx)
    htim4                                    0x2001c21c   Data          72  tim.o(.bss.htim4)
    htim6                                    0x2001c264   Data          72  tim.o(.bss.htim6)
    htim7                                    0x2001c2ac   Data          72  stm32f4xx_hal_timebase_tim.o(.bss.htim7)
    imu_attitude                             0x2001c2f4   Data         104  imu_attitude.o(.bss.imu_attitude)
    robot_control                            0x2001c3e8   Data           1  robot_control.o(.bss.robot_control)



==============================================================================

Memory Map of the image

  Image Entry point : 0x08000189

  Load Region LR_IROM1 (Base: 0x08000000, Size: 0x00008bc0, Max: 0x00100000, ABSOLUTE)

    Execution Region ER_IROM1 (Exec base: 0x08000000, Load base: 0x08000000, Size: 0x00008b98, Max: 0x00100000, ABSOLUTE)

    Exec Addr    Load Addr    Size         Type   Attr      Idx    E Section Name        Object

    0x08000000   0x08000000   0x00000188   Data   RO            3    RESET               startup_stm32f407xx.o
    0x08000188   0x08000188   0x00000008   Code   RO         1955  * !!!main             c_w.l(__main.o)
    0x08000190   0x08000190   0x0000005c   Code   RO         2201    !!!scatter          c_w.l(__scatter.o)
    0x080001ec   0x080001ec   0x0000001a   Code   RO         2205    !!handler_copy      c_w.l(__scatter_copy.o)
    0x08000206   0x08000206   0x00000002   PAD
    0x08000208   0x08000208   0x00000002   Code   RO         2202    !!handler_null      c_w.l(__scatter.o)
    0x0800020a   0x0800020a   0x00000002   PAD
    0x0800020c   0x0800020c   0x0000001c   Code   RO         2207    !!handler_zi        c_w.l(__scatter_zi.o)
    0x08000228   0x08000228   0x00000002   Code   RO         2066    .ARM.Collect$$libinit$$00000000  c_w.l(libinit.o)
    0x0800022a   0x0800022a   0x00000004   Code   RO         2075    .ARM.Collect$$libinit$$00000001  c_w.l(libinit2.o)
    0x0800022e   0x0800022e   0x00000000   Code   RO         2078    .ARM.Collect$$libinit$$00000004  c_w.l(libinit2.o)
    0x0800022e   0x0800022e   0x00000000   Code   RO         2080    .ARM.Collect$$libinit$$00000006  c_w.l(libinit2.o)
    0x0800022e   0x0800022e   0x00000000   Code   RO         2083    .ARM.Collect$$libinit$$0000000C  c_w.l(libinit2.o)
    0x0800022e   0x0800022e   0x00000000   Code   RO         2085    .ARM.Collect$$libinit$$0000000E  c_w.l(libinit2.o)
    0x0800022e   0x0800022e   0x00000000   Code   RO         2087    .ARM.Collect$$libinit$$00000010  c_w.l(libinit2.o)
    0x0800022e   0x0800022e   0x00000000   Code   RO         2090    .ARM.Collect$$libinit$$00000013  c_w.l(libinit2.o)
    0x0800022e   0x0800022e   0x00000000   Code   RO         2092    .ARM.Collect$$libinit$$00000015  c_w.l(libinit2.o)
    0x0800022e   0x0800022e   0x00000000   Code   RO         2094    .ARM.Collect$$libinit$$00000017  c_w.l(libinit2.o)
    0x0800022e   0x0800022e   0x00000000   Code   RO         2096    .ARM.Collect$$libinit$$00000019  c_w.l(libinit2.o)
    0x0800022e   0x0800022e   0x00000000   Code   RO         2098    .ARM.Collect$$libinit$$0000001B  c_w.l(libinit2.o)
    0x0800022e   0x0800022e   0x00000000   Code   RO         2100    .ARM.Collect$$libinit$$0000001D  c_w.l(libinit2.o)
    0x0800022e   0x0800022e   0x00000000   Code   RO         2102    .ARM.Collect$$libinit$$0000001F  c_w.l(libinit2.o)
    0x0800022e   0x0800022e   0x00000000   Code   RO         2104    .ARM.Collect$$libinit$$00000021  c_w.l(libinit2.o)
    0x0800022e   0x0800022e   0x00000000   Code   RO         2106    .ARM.Collect$$libinit$$00000023  c_w.l(libinit2.o)
    0x0800022e   0x0800022e   0x00000000   Code   RO         2108    .ARM.Collect$$libinit$$00000025  c_w.l(libinit2.o)
    0x0800022e   0x0800022e   0x00000000   Code   RO         2110    .ARM.Collect$$libinit$$00000027  c_w.l(libinit2.o)
    0x0800022e   0x0800022e   0x00000000   Code   RO         2114    .ARM.Collect$$libinit$$0000002E  c_w.l(libinit2.o)
    0x0800022e   0x0800022e   0x00000000   Code   RO         2116    .ARM.Collect$$libinit$$00000030  c_w.l(libinit2.o)
    0x0800022e   0x0800022e   0x00000000   Code   RO         2118    .ARM.Collect$$libinit$$00000032  c_w.l(libinit2.o)
    0x0800022e   0x0800022e   0x00000000   Code   RO         2120    .ARM.Collect$$libinit$$00000034  c_w.l(libinit2.o)
    0x0800022e   0x0800022e   0x00000002   Code   RO         2121    .ARM.Collect$$libinit$$00000035  c_w.l(libinit2.o)
    0x08000230   0x08000230   0x00000002   Code   RO         2156    .ARM.Collect$$libshutdown$$00000000  c_w.l(libshutdown.o)
    0x08000232   0x08000232   0x00000000   Code   RO         2184    .ARM.Collect$$libshutdown$$00000002  c_w.l(libshutdown2.o)
    0x08000232   0x08000232   0x00000000   Code   RO         2186    .ARM.Collect$$libshutdown$$00000004  c_w.l(libshutdown2.o)
    0x08000232   0x08000232   0x00000000   Code   RO         2189    .ARM.Collect$$libshutdown$$00000007  c_w.l(libshutdown2.o)
    0x08000232   0x08000232   0x00000000   Code   RO         2192    .ARM.Collect$$libshutdown$$0000000A  c_w.l(libshutdown2.o)
    0x08000232   0x08000232   0x00000000   Code   RO         2194    .ARM.Collect$$libshutdown$$0000000C  c_w.l(libshutdown2.o)
    0x08000232   0x08000232   0x00000000   Code   RO         2197    .ARM.Collect$$libshutdown$$0000000F  c_w.l(libshutdown2.o)
    0x08000232   0x08000232   0x00000002   Code   RO         2198    .ARM.Collect$$libshutdown$$00000010  c_w.l(libshutdown2.o)
    0x08000234   0x08000234   0x00000000   Code   RO         1987    .ARM.Collect$$rtentry$$00000000  c_w.l(__rtentry.o)
    0x08000234   0x08000234   0x00000000   Code   RO         2027    .ARM.Collect$$rtentry$$00000002  c_w.l(__rtentry2.o)
    0x08000234   0x08000234   0x00000006   Code   RO         2039    .ARM.Collect$$rtentry$$00000004  c_w.l(__rtentry4.o)
    0x0800023a   0x0800023a   0x00000000   Code   RO         2029    .ARM.Collect$$rtentry$$00000009  c_w.l(__rtentry2.o)
    0x0800023a   0x0800023a   0x00000004   Code   RO         2030    .ARM.Collect$$rtentry$$0000000A  c_w.l(__rtentry2.o)
    0x0800023e   0x0800023e   0x00000000   Code   RO         2032    .ARM.Collect$$rtentry$$0000000C  c_w.l(__rtentry2.o)
    0x0800023e   0x0800023e   0x00000008   Code   RO         2033    .ARM.Collect$$rtentry$$0000000D  c_w.l(__rtentry2.o)
    0x08000246   0x08000246   0x00000002   Code   RO         2067    .ARM.Collect$$rtexit$$00000000  c_w.l(rtexit.o)
    0x08000248   0x08000248   0x00000000   Code   RO         2127    .ARM.Collect$$rtexit$$00000002  c_w.l(rtexit2.o)
    0x08000248   0x08000248   0x00000004   Code   RO         2128    .ARM.Collect$$rtexit$$00000003  c_w.l(rtexit2.o)
    0x0800024c   0x0800024c   0x00000006   Code   RO         2129    .ARM.Collect$$rtexit$$00000004  c_w.l(rtexit2.o)
    0x08000252   0x08000252   0x00000002   PAD
    0x08000254   0x08000254   0x00000040   Code   RO            4    .text               startup_stm32f407xx.o
    0x08000294   0x08000294   0x000000f0   Code   RO         1943    .text               c_w.l(lludivv7m.o)
    0x08000384   0x08000384   0x00000010   Code   RO         1949    .text               c_w.l(aeabi_memset4.o)
    0x08000394   0x08000394   0x0000004e   Code   RO         1951    .text               c_w.l(rt_memclr_w.o)
    0x080003e2   0x080003e2   0x00000006   Code   RO         1953    .text               c_w.l(heapauxi.o)
    0x080003e8   0x080003e8   0x00000016   Code   RO         1992    .text               c_w.l(_rserrno.o)
    0x080003fe   0x080003fe   0x00000002   PAD
    0x08000400   0x08000400   0x00000008   Code   RO         2046    .text               c_w.l(rt_errno_addr_intlibspace.o)
    0x08000408   0x08000408   0x00000008   Code   RO         2050    .text               c_w.l(libspace.o)
    0x08000410   0x08000410   0x0000004a   Code   RO         2053    .text               c_w.l(sys_stackheap_outer.o)
    0x0800045a   0x0800045a   0x00000012   Code   RO         2055    .text               c_w.l(exit.o)
    0x0800046c   0x0800046c   0x0000000c   Code   RO         2122    .text               c_w.l(sys_exit.o)
    0x08000478   0x08000478   0x00000002   Code   RO         2145    .text               c_w.l(use_no_semi.o)
    0x0800047a   0x0800047a   0x00000000   Code   RO         2147    .text               c_w.l(indicate_semi.o)
    0x0800047a   0x0800047a   0x00000002   PAD
    0x0800047c   0x0800047c   0x0000000e   Code   RO         1482    .text.BMI088_ACCEL_NS_H  bmi088middleware.o
    0x0800048a   0x0800048a   0x00000002   PAD
    0x0800048c   0x0800048c   0x0000000e   Code   RO         1480    .text.BMI088_ACCEL_NS_L  bmi088middleware.o
    0x0800049a   0x0800049a   0x00000002   PAD
    0x0800049c   0x0800049c   0x00000002   Code   RO         1472    .text.BMI088_GPIO_init  bmi088middleware.o
    0x0800049e   0x0800049e   0x00000002   PAD
    0x080004a0   0x080004a0   0x00000010   Code   RO         1486    .text.BMI088_GYRO_NS_H  bmi088middleware.o
    0x080004b0   0x080004b0   0x00000010   Code   RO         1484    .text.BMI088_GYRO_NS_L  bmi088middleware.o
    0x080004c0   0x080004c0   0x00000002   Code   RO         1474    .text.BMI088_com_init  bmi088middleware.o
    0x080004c2   0x080004c2   0x00000002   PAD
    0x080004c4   0x080004c4   0x000001e6   Code   RO         1476    .text.BMI088_delay_ms  bmi088middleware.o
    0x080006aa   0x080006aa   0x00000002   PAD
    0x080006ac   0x080006ac   0x0000004a   Code   RO         1478    .text.BMI088_delay_us  bmi088middleware.o
    0x080006f6   0x080006f6   0x00000002   PAD
    0x080006f8   0x080006f8   0x00000018   Code   RO         1453    .text.BMI088_init   bmi088driver.o
    0x08000710   0x08000710   0x0000019c   Code   RO         1459    .text.BMI088_read   bmi088driver.o
    0x080008ac   0x080008ac   0x0000002e   Code   RO         1488    .text.BMI088_read_write_byte  bmi088middleware.o
    0x080008da   0x080008da   0x00000002   PAD
    0x080008dc   0x080008dc   0x00000002   Code   RO          152    .text.BusFault_Handler  stm32f4xx_it.o
    0x080008de   0x080008de   0x00000002   PAD
    0x080008e0   0x080008e0   0x00000024   Code   RO         1273    .text.Buzzer_Init   buzzer.o
    0x08000904   0x08000904   0x0000000c   Code   RO          160    .text.CAN1_RX0_IRQHandler  stm32f4xx_it.o
    0x08000910   0x08000910   0x0000000c   Code   RO          172    .text.CAN2_RX0_IRQHandler  stm32f4xx_it.o
    0x0800091c   0x0800091c   0x000000a6   Code   RO         1240    .text.CAN_Init      user_can.o
    0x080009c2   0x080009c2   0x00000002   PAD
    0x080009c4   0x080009c4   0x0000003a   Code   RO         1244    .text.CAN_Send_DM_Motor_Data  user_can.o
    0x080009fe   0x080009fe   0x00000002   PAD
    0x08000a00   0x08000a00   0x0000021c   Code   RO         1427    .text.Chassis_Ctrl_CalculateWheelTargets  chassis.o
    0x08000c1c   0x08000c1c   0x00000004   Code   RO         1419    .text.Chassis_Ctrl_DirectionsCalibrated  chassis.o
    0x08000c20   0x08000c20   0x0000011c   Code   RO         1409    .text.Chassis_Ctrl_Init  chassis.o
    0x08000d3c   0x08000d3c   0x0000002a   Code   RO         1417    .text.Chassis_Ctrl_PrepareRotate  chassis.o
    0x08000d66   0x08000d66   0x00000002   PAD
    0x08000d68   0x08000d68   0x0000002a   Code   RO         1413    .text.Chassis_Ctrl_ResetRotateExit  chassis.o
    0x08000d92   0x08000d92   0x00000002   PAD
    0x08000d94   0x08000d94   0x0000002e   Code   RO         1415    .text.Chassis_Ctrl_ResetWheelPIDs  chassis.o
    0x08000dc2   0x08000dc2   0x00000002   PAD
    0x08000dc4   0x08000dc4   0x0000002a   Code   RO         1421    .text.Chassis_Ctrl_SetRemoteTargets  chassis.o
    0x08000dee   0x08000dee   0x00000002   PAD
    0x08000df0   0x08000df0   0x00000078   Code   RO         1423    .text.Chassis_Ctrl_SetRotateTargets  chassis.o
    0x08000e68   0x08000e68   0x00000062   Code   RO         1411    .text.Chassis_Ctrl_Stop  chassis.o
    0x08000eca   0x08000eca   0x00000002   PAD
    0x08000ecc   0x08000ecc   0x000000ae   Code   RO         1429    .text.Chassis_Ctrl_UpdateOutputs  chassis.o
    0x08000f7a   0x08000f7a   0x00000002   PAD
    0x08000f7c   0x08000f7c   0x000004fc   Code   RO         1425    .text.Chassis_Ctrl_UpdateRotateExit  chassis.o
    0x08001478   0x08001478   0x00000058   Code   RO         1294    .text.DJI3508_Get_Data  motor_drv.o
    0x080014d0   0x080014d0   0x0000000c   Code   RO          158    .text.DMA1_Stream1_IRQHandler  stm32f4xx_it.o
    0x080014dc   0x080014dc   0x0000000c   Code   RO          168    .text.DMA2_Stream0_IRQHandler  stm32f4xx_it.o
    0x080014e8   0x080014e8   0x0000000c   Code   RO          170    .text.DMA2_Stream3_IRQHandler  stm32f4xx_it.o
    0x080014f4   0x080014f4   0x00000002   Code   RO          156    .text.DebugMon_Handler  stm32f4xx_it.o
    0x080014f6   0x080014f6   0x00000002   PAD
    0x080014f8   0x080014f8   0x0000000c   Code   RO         1346    .text.Error_GetResult  error.o
    0x08001504   0x08001504   0x00000006   Code   RO           15    .text.Error_Handler  main.o
    0x0800150a   0x0800150a   0x00000002   PAD
    0x0800150c   0x0800150c   0x0000000e   Code   RO         1344    .text.Error_Init    error.o
    0x0800151a   0x0800151a   0x00000002   PAD
    0x0800151c   0x0800151c   0x0000004c   Code   RO         1296    .text.GM6020_Get_Data  motor_drv.o
    0x08001568   0x08001568   0x00000048   Code   RO         1389    .text.Gimbal_Ctrl_CircularError  gimbal.o
    0x080015b0   0x080015b0   0x00000124   Code   RO         1391    .text.Gimbal_Ctrl_Init  gimbal.o
    0x080016d4   0x080016d4   0x0000004a   Code   RO         1393    .text.Gimbal_Ctrl_Stop  gimbal.o
    0x0800171e   0x0800171e   0x00000002   PAD
    0x08001720   0x08001720   0x0000028c   Code   RO         1395    .text.Gimbal_Ctrl_UpdateNormal  gimbal.o
    0x080019ac   0x080019ac   0x000002c4   Code   RO         1397    .text.Gimbal_Ctrl_UpdateRotate  gimbal.o
    0x08001c70   0x08001c70   0x0000002e   Code   RO          558    .text.HAL_CAN_ActivateNotification  stm32f4xx_hal_can.o
    0x08001c9e   0x08001c9e   0x00000002   PAD
    0x08001ca0   0x08001ca0   0x000000a4   Code   RO          544    .text.HAL_CAN_AddTxMessage  stm32f4xx_hal_can.o
    0x08001d44   0x08001d44   0x000000de   Code   RO          534    .text.HAL_CAN_ConfigFilter  stm32f4xx_hal_can.o
    0x08001e22   0x08001e22   0x00000002   PAD
    0x08001e24   0x08001e24   0x00000002   Code   RO          588    .text.HAL_CAN_ErrorCallback  stm32f4xx_hal_can.o
    0x08001e26   0x08001e26   0x00000002   PAD
    0x08001e28   0x08001e28   0x0000012e   Code   RO          554    .text.HAL_CAN_GetRxMessage  stm32f4xx_hal_can.o
    0x08001f56   0x08001f56   0x00000002   PAD
    0x08001f58   0x08001f58   0x00000028   Code   RO          548    .text.HAL_CAN_GetTxMailboxesFreeLevel  stm32f4xx_hal_can.o
    0x08001f80   0x08001f80   0x0000025e   Code   RO          562    .text.HAL_CAN_IRQHandler  stm32f4xx_hal_can.o
    0x080021de   0x080021de   0x00000002   PAD
    0x080021e0   0x080021e0   0x000000f4   Code   RO          524    .text.HAL_CAN_Init  stm32f4xx_hal_can.o
    0x080022d4   0x080022d4   0x0000011e   Code   RO           69    .text.HAL_CAN_MspInit  can.o
    0x080023f2   0x080023f2   0x00000002   PAD
    0x080023f4   0x080023f4   0x00000002   Code   RO          576    .text.HAL_CAN_RxFifo0FullCallback  stm32f4xx_hal_can.o
    0x080023f6   0x080023f6   0x00000002   PAD
    0x080023f8   0x080023f8   0x0000010a   Code   RO         1242    .text.HAL_CAN_RxFifo0MsgPendingCallback  user_can.o
    0x08002502   0x08002502   0x00000002   PAD
    0x08002504   0x08002504   0x00000002   Code   RO          580    .text.HAL_CAN_RxFifo1FullCallback  stm32f4xx_hal_can.o
    0x08002506   0x08002506   0x00000002   PAD
    0x08002508   0x08002508   0x00000002   Code   RO          582    .text.HAL_CAN_RxFifo1MsgPendingCallback  stm32f4xx_hal_can.o
    0x0800250a   0x0800250a   0x00000002   PAD
    0x0800250c   0x0800250c   0x00000002   Code   RO          584    .text.HAL_CAN_SleepCallback  stm32f4xx_hal_can.o
    0x0800250e   0x0800250e   0x00000002   PAD
    0x08002510   0x08002510   0x0000005a   Code   RO          536    .text.HAL_CAN_Start  stm32f4xx_hal_can.o
    0x0800256a   0x0800256a   0x00000002   PAD
    0x0800256c   0x0800256c   0x00000002   Code   RO          566    .text.HAL_CAN_TxMailbox0AbortCallback  stm32f4xx_hal_can.o
    0x0800256e   0x0800256e   0x00000002   PAD
    0x08002570   0x08002570   0x00000002   Code   RO          564    .text.HAL_CAN_TxMailbox0CompleteCallback  stm32f4xx_hal_can.o
    0x08002572   0x08002572   0x00000002   PAD
    0x08002574   0x08002574   0x00000002   Code   RO          570    .text.HAL_CAN_TxMailbox1AbortCallback  stm32f4xx_hal_can.o
    0x08002576   0x08002576   0x00000002   PAD
    0x08002578   0x08002578   0x00000002   Code   RO          568    .text.HAL_CAN_TxMailbox1CompleteCallback  stm32f4xx_hal_can.o
    0x0800257a   0x0800257a   0x00000002   PAD
    0x0800257c   0x0800257c   0x00000002   Code   RO          574    .text.HAL_CAN_TxMailbox2AbortCallback  stm32f4xx_hal_can.o
    0x0800257e   0x0800257e   0x00000002   PAD
    0x08002580   0x08002580   0x00000002   Code   RO          572    .text.HAL_CAN_TxMailbox2CompleteCallback  stm32f4xx_hal_can.o
    0x08002582   0x08002582   0x00000002   PAD
    0x08002584   0x08002584   0x00000002   Code   RO          586    .text.HAL_CAN_WakeUpFromRxMsgCallback  stm32f4xx_hal_can.o
    0x08002586   0x08002586   0x00000002   PAD
    0x08002588   0x08002588   0x0000008e   Code   RO          760    .text.HAL_DMA_Abort  stm32f4xx_hal_dma.o
    0x08002616   0x08002616   0x00000002   PAD
    0x08002618   0x08002618   0x00000024   Code   RO          762    .text.HAL_DMA_Abort_IT  stm32f4xx_hal_dma.o
    0x0800263c   0x0800263c   0x00000004   Code   RO          774    .text.HAL_DMA_GetError  stm32f4xx_hal_dma.o
    0x08002640   0x08002640   0x000001c4   Code   RO          766    .text.HAL_DMA_IRQHandler  stm32f4xx_hal_dma.o
    0x08002804   0x08002804   0x00000162   Code   RO          752    .text.HAL_DMA_Init  stm32f4xx_hal_dma.o
    0x08002966   0x08002966   0x00000002   PAD
    0x08002968   0x08002968   0x000000a2   Code   RO          758    .text.HAL_DMA_Start_IT  stm32f4xx_hal_dma.o
    0x08002a0a   0x08002a0a   0x00000002   PAD
    0x08002a0c   0x08002a0c   0x00000028   Code   RO          919    .text.HAL_Delay     stm32f4xx_hal.o
    0x08002a34   0x08002a34   0x0000019e   Code   RO          714    .text.HAL_GPIO_Init  stm32f4xx_hal_gpio.o
    0x08002bd2   0x08002bd2   0x00000002   PAD
    0x08002bd4   0x08002bd4   0x0000000a   Code   RO          720    .text.HAL_GPIO_WritePin  stm32f4xx_hal_gpio.o
    0x08002bde   0x08002bde   0x00000002   PAD
    0x08002be0   0x08002be0   0x0000000c   Code   RO          911    .text.HAL_GetTick   stm32f4xx_hal.o
    0x08002bec   0x08002bec   0x0000001a   Code   RO          909    .text.HAL_IncTick   stm32f4xx_hal.o
    0x08002c06   0x08002c06   0x00000002   PAD
    0x08002c08   0x08002c08   0x00000036   Code   RO          899    .text.HAL_Init      stm32f4xx_hal.o
    0x08002c3e   0x08002c3e   0x00000002   PAD
    0x08002c40   0x08002c40   0x000000b2   Code   RO          190    .text.HAL_InitTick  stm32f4xx_hal_timebase_tim.o
    0x08002cf2   0x08002cf2   0x00000002   PAD
    0x08002cf4   0x08002cf4   0x00000042   Code   RO          181    .text.HAL_MspInit   stm32f4xx_hal_msp.o
    0x08002d36   0x08002d36   0x00000002   PAD
    0x08002d38   0x08002d38   0x00000022   Code   RO          851    .text.HAL_NVIC_EnableIRQ  stm32f4xx_hal_cortex.o
    0x08002d5a   0x08002d5a   0x00000002   PAD
    0x08002d5c   0x08002d5c   0x00000056   Code   RO          849    .text.HAL_NVIC_SetPriority  stm32f4xx_hal_cortex.o
    0x08002db2   0x08002db2   0x00000002   PAD
    0x08002db4   0x08002db4   0x00000020   Code   RO          847    .text.HAL_NVIC_SetPriorityGrouping  stm32f4xx_hal_cortex.o
    0x08002dd4   0x08002dd4   0x00000004   Code   RO          855    .text.HAL_NVIC_SystemReset  stm32f4xx_hal_cortex.o
    0x08002dd8   0x08002dd8   0x00000164   Code   RO          608    .text.HAL_RCC_ClockConfig  stm32f4xx_hal_rcc.o
    0x08002f3c   0x08002f3c   0x0000003e   Code   RO          626    .text.HAL_RCC_GetClockConfig  stm32f4xx_hal_rcc.o
    0x08002f7a   0x08002f7a   0x00000002   PAD
    0x08002f7c   0x08002f7c   0x00000026   Code   RO          620    .text.HAL_RCC_GetPCLK1Freq  stm32f4xx_hal_rcc.o
    0x08002fa2   0x08002fa2   0x00000002   PAD
    0x08002fa4   0x08002fa4   0x00000026   Code   RO          622    .text.HAL_RCC_GetPCLK2Freq  stm32f4xx_hal_rcc.o
    0x08002fca   0x08002fca   0x00000002   PAD
    0x08002fcc   0x08002fcc   0x0000006e   Code   RO          610    .text.HAL_RCC_GetSysClockFreq  stm32f4xx_hal_rcc.o
    0x0800303a   0x0800303a   0x00000002   PAD
    0x0800303c   0x0800303c   0x000003ac   Code   RO          606    .text.HAL_RCC_OscConfig  stm32f4xx_hal_rcc.o
    0x080033e8   0x080033e8   0x000000b0   Code   RO          989    .text.HAL_SPI_Init  stm32f4xx_hal_spi.o
    0x08003498   0x08003498   0x0000012e   Code   RO           95    .text.HAL_SPI_MspInit  spi.o
    0x080035c6   0x080035c6   0x00000002   PAD
    0x080035c8   0x080035c8   0x00000340   Code   RO         1001    .text.HAL_SPI_TransmitReceive  stm32f4xx_hal_spi.o
    0x08003908   0x08003908   0x00000002   Code   RO          510    .text.HAL_TIMEx_BreakCallback  stm32f4xx_hal_tim_ex.o
    0x0800390a   0x0800390a   0x00000002   PAD
    0x0800390c   0x0800390c   0x00000002   Code   RO          506    .text.HAL_TIMEx_CommutCallback  stm32f4xx_hal_tim_ex.o
    0x0800390e   0x0800390e   0x00000002   PAD
    0x08003910   0x08003910   0x000000ba   Code   RO          500    .text.HAL_TIMEx_MasterConfigSynchronization  stm32f4xx_hal_tim_ex.o
    0x080039ca   0x080039ca   0x00000002   PAD
    0x080039cc   0x080039cc   0x0000005a   Code   RO          205    .text.HAL_TIM_Base_Init  stm32f4xx_hal_tim.o
    0x08003a26   0x08003a26   0x00000002   PAD
    0x08003a28   0x08003a28   0x00000074   Code   RO          116    .text.HAL_TIM_Base_MspInit  tim.o
    0x08003a9c   0x08003a9c   0x000000aa   Code   RO          219    .text.HAL_TIM_Base_Start_IT  stm32f4xx_hal_tim.o
    0x08003b46   0x08003b46   0x00000002   PAD
    0x08003b48   0x08003b48   0x000001a0   Code   RO          385    .text.HAL_TIM_ConfigClockSource  stm32f4xx_hal_tim.o
    0x08003ce8   0x08003ce8   0x00000002   Code   RO          341    .text.HAL_TIM_IC_CaptureCallback  stm32f4xx_hal_tim.o
    0x08003cea   0x08003cea   0x00000002   PAD
    0x08003cec   0x08003cec   0x0000014e   Code   RO          339    .text.HAL_TIM_IRQHandler  stm32f4xx_hal_tim.o
    0x08003e3a   0x08003e3a   0x00000002   PAD
    0x08003e3c   0x08003e3c   0x00000002   Code   RO          343    .text.HAL_TIM_OC_DelayElapsedCallback  stm32f4xx_hal_tim.o
    0x08003e3e   0x08003e3e   0x00000002   PAD
    0x08003e40   0x08003e40   0x00000220   Code   RO          359    .text.HAL_TIM_PWM_ConfigChannel  stm32f4xx_hal_tim.o
    0x08004060   0x08004060   0x0000005a   Code   RO          259    .text.HAL_TIM_PWM_Init  stm32f4xx_hal_tim.o
    0x080040ba   0x080040ba   0x00000002   PAD
    0x080040bc   0x080040bc   0x00000002   Code   RO          261    .text.HAL_TIM_PWM_MspInit  stm32f4xx_hal_tim.o
    0x080040be   0x080040be   0x00000002   PAD
    0x080040c0   0x080040c0   0x00000002   Code   RO          345    .text.HAL_TIM_PWM_PulseFinishedCallback  stm32f4xx_hal_tim.o
    0x080040c2   0x080040c2   0x00000002   PAD
    0x080040c4   0x080040c4   0x0000010e   Code   RO          267    .text.HAL_TIM_PWM_Start  stm32f4xx_hal_tim.o
    0x080041d2   0x080041d2   0x00000002   PAD
    0x080041d4   0x080041d4   0x00000014   Code   RO           17    .text.HAL_TIM_PeriodElapsedCallback  main.o
    0x080041e8   0x080041e8   0x00000002   Code   RO          349    .text.HAL_TIM_TriggerCallback  stm32f4xx_hal_tim.o
    0x080041ea   0x080041ea   0x00000002   PAD
    0x080041ec   0x080041ec   0x000001ee   Code   RO         1151    .text.HAL_UARTEx_ReceiveToIdle_DMA  stm32f4xx_hal_uart.o
    0x080043da   0x080043da   0x00000002   PAD
    0x080043dc   0x080043dc   0x000000e6   Code   RO         1262    .text.HAL_UARTEx_RxEventCallback  remote.o
    0x080044c2   0x080044c2   0x00000002   PAD
    0x080044c4   0x080044c4   0x0000016e   Code   RO         1159    .text.HAL_UART_AbortReceive  stm32f4xx_hal_uart.o
    0x08004632   0x08004632   0x00000002   PAD
    0x08004634   0x08004634   0x00000088   Code   RO         1260    .text.HAL_UART_ErrorCallback  remote.o
    0x080046bc   0x080046bc   0x00000594   Code   RO         1181    .text.HAL_UART_IRQHandler  stm32f4xx_hal_uart.o
    0x08004c50   0x08004c50   0x00000060   Code   RO         1103    .text.HAL_UART_Init  stm32f4xx_hal_uart.o
    0x08004cb0   0x08004cb0   0x000000ca   Code   RO          132    .text.HAL_UART_MspInit  usart.o
    0x08004d7a   0x08004d7a   0x00000002   PAD
    0x08004d7c   0x08004d7c   0x00000002   Code   RO         1195    .text.HAL_UART_RxCpltCallback  stm32f4xx_hal_uart.o
    0x08004d7e   0x08004d7e   0x00000002   PAD
    0x08004d80   0x08004d80   0x00000002   Code   RO         1197    .text.HAL_UART_RxHalfCpltCallback  stm32f4xx_hal_uart.o
    0x08004d82   0x08004d82   0x00000002   PAD
    0x08004d84   0x08004d84   0x00000002   Code   RO         1191    .text.HAL_UART_TxCpltCallback  stm32f4xx_hal_uart.o
    0x08004d86   0x08004d86   0x00000002   PAD
    0x08004d88   0x08004d88   0x00000002   Code   RO          148    .text.HardFault_Handler  stm32f4xx_it.o
    0x08004d8a   0x08004d8a   0x00000002   PAD
    0x08004d8c   0x08004d8c   0x0000000e   Code   RO         1500    .text.IMU_Attitude_IsReady  imu_attitude.o
    0x08004d9a   0x08004d9a   0x00000002   PAD
    0x08004d9c   0x08004d9c   0x00000658   Code   RO         1502    .text.IMU_Attitude_Update  imu_attitude.o
    0x080053f4   0x080053f4   0x00000048   Code   RO           65    .text.MX_CAN1_Init  can.o
    0x0800543c   0x0800543c   0x00000048   Code   RO           67    .text.MX_CAN2_Init  can.o
    0x08005484   0x08005484   0x0000006c   Code   RO           84    .text.MX_DMA_Init   dma.o
    0x080054f0   0x080054f0   0x0000014c   Code   RO           39    .text.MX_FREERTOS_Init  freertos.o
    0x0800563c   0x0800563c   0x000000e8   Code   RO           28    .text.MX_GPIO_Init  gpio.o
    0x08005724   0x08005724   0x00000052   Code   RO           93    .text.MX_SPI1_Init  spi.o
    0x08005776   0x08005776   0x00000002   PAD
    0x08005778   0x08005778   0x0000010e   Code   RO          110    .text.MX_TIM4_Init  tim.o
    0x08005886   0x08005886   0x00000002   PAD
    0x08005888   0x08005888   0x00000050   Code   RO          114    .text.MX_TIM6_Init  tim.o
    0x080058d8   0x080058d8   0x00000048   Code   RO          130    .text.MX_USART3_UART_Init  usart.o
    0x08005920   0x08005920   0x00000002   Code   RO          150    .text.MemManage_Handler  stm32f4xx_it.o
    0x08005922   0x08005922   0x00000002   PAD
    0x08005924   0x08005924   0x000000b2   Code   RO         1290    .text.Motor_Drv_Init  motor_drv.o
    0x080059d6   0x080059d6   0x00000002   PAD
    0x080059d8   0x080059d8   0x00000324   Code   RO         1298    .text.Motor_Drv_Send_All  motor_drv.o
    0x08005cfc   0x08005cfc   0x0000001c   Code   RO         1304    .text.Motor_Drv_SetGimbalTorque  motor_drv.o
    0x08005d18   0x08005d18   0x0000001c   Code   RO         1300    .text.Motor_Drv_SetWheelTorque  motor_drv.o
    0x08005d34   0x08005d34   0x00000024   Code   RO         1292    .text.Motor_Drv_StopAll  motor_drv.o
    0x08005d58   0x08005d58   0x0000001a   Code   RO         1377    .text.Motor_Task_Init  motor_task.o
    0x08005d72   0x08005d72   0x00000002   PAD
    0x08005d74   0x08005d74   0x00000002   Code   RO          146    .text.NMI_Handler   stm32f4xx_it.o
    0x08005d76   0x08005d76   0x00000002   PAD
    0x08005d78   0x08005d78   0x0000007e   Code   RO         1279    .text.OS_BeepCallback  buzzer.o
    0x08005df6   0x08005df6   0x00000002   PAD
    0x08005df8   0x08005df8   0x000000c2   Code   RO         1352    .text.OS_ErrorCallback  error.o
    0x08005eba   0x08005eba   0x00000002   PAD
    0x08005ebc   0x08005ebc   0x00000070   Code   RO         1504    .text.OS_IMUCallback  imu_attitude.o
    0x08005f2c   0x08005f2c   0x0000006a   Code   RO         1379    .text.OS_MotorCallback  motor_task.o
    0x08005f96   0x08005f96   0x0000000a   PAD
    0x08005fa0   0x08005fa0   0x00000064   Code   RO         1926    .text.PendSV_Handler  port.o
    0x08006004   0x08006004   0x00000050   Code   RO         1254    .text.Remote_Init   remote.o
    0x08006054   0x08006054   0x0000001c   Code   RO         1256    .text.Remote_IsOnline  remote.o
    0x08006070   0x08006070   0x00000030   Code   RO         1258    .text.Remote_NormalizeChannel  remote.o
    0x080060a0   0x080060a0   0x00000024   Code   RO         1440    .text.Robot_Control_Init  robot_control.o
    0x080060c4   0x080060c4   0x000001c0   Code   RO         1442    .text.Robot_Control_Update_2ms  robot_control.o
    0x08006284   0x08006284   0x00000004   Code   RO         1363    .text.Rotate_Init   rotate.o
    0x08006288   0x08006288   0x00000082   Code   RO         1365    .text.Rotate_UpdateActive  rotate.o
    0x0800630a   0x0800630a   0x00000002   PAD
    0x0800630c   0x0800630c   0x00000080   Code   RO         1367    .text.Rotate_UpdateExit  rotate.o
    0x0800638c   0x0800638c   0x00000124   Code   RO         1093    .text.SPI_WaitFlagStateUntilTimeout  stm32f4xx_hal_spi.o
    0x080064b0   0x080064b0   0x00000024   Code   RO         1910    .text.SVC_Handler   port.o
    0x080064d4   0x080064d4   0x00000008   Code   RO           41    .text.StartDefaultTask  freertos.o
    0x080064dc   0x080064dc   0x00000034   Code   RO         1928    .text.SysTick_Handler  port.o
    0x08006510   0x08006510   0x000000ac   Code   RO           13    .text.SystemClock_Config  main.o
    0x080065bc   0x080065bc   0x00000012   Code   RO         1225    .text.SystemInit    system_stm32f4xx.o
    0x080065ce   0x080065ce   0x00000002   PAD
    0x080065d0   0x080065d0   0x0000000c   Code   RO          164    .text.TIM6_DAC_IRQHandler  stm32f4xx_it.o
    0x080065dc   0x080065dc   0x0000000c   Code   RO          166    .text.TIM7_IRQHandler  stm32f4xx_it.o
    0x080065e8   0x080065e8   0x0000013a   Code   RO          209    .text.TIM_Base_SetConfig  stm32f4xx_hal_tim.o
    0x08006722   0x08006722   0x00000002   PAD
    0x08006724   0x08006724   0x0000000a   Code   RO         1185    .text.UART_DMAAbortOnError  stm32f4xx_hal_uart.o
    0x0800672e   0x0800672e   0x00000002   PAD
    0x08006730   0x08006730   0x0000017c   Code   RO         1135    .text.UART_DMAError  stm32f4xx_hal_uart.o
    0x080068ac   0x080068ac   0x0000015e   Code   RO         1213    .text.UART_DMAReceiveCplt  stm32f4xx_hal_uart.o
    0x08006a0a   0x08006a0a   0x00000002   PAD
    0x08006a0c   0x08006a0c   0x00000018   Code   RO         1215    .text.UART_DMARxHalfCplt  stm32f4xx_hal_uart.o
    0x08006a24   0x08006a24   0x000000fe   Code   RO         1183    .text.UART_Receive_IT  stm32f4xx_hal_uart.o
    0x08006b22   0x08006b22   0x00000002   PAD
    0x08006b24   0x08006b24   0x000000e6   Code   RO         1107    .text.UART_SetConfig  stm32f4xx_hal_uart.o
    0x08006c0a   0x08006c0a   0x00000002   PAD
    0x08006c0c   0x08006c0c   0x0000000c   Code   RO          162    .text.USART3_IRQHandler  stm32f4xx_it.o
    0x08006c18   0x08006c18   0x00000014   Code   RO         1334    .text.USER_PID_Calculate  user_pid.o
    0x08006c2c   0x08006c2c   0x00000164   Code   RO         1332    .text.USER_PID_CalculateFromError  user_pid.o
    0x08006d90   0x08006d90   0x0000003e   Code   RO         1316    .text.USER_PID_Init  user_pid.o
    0x08006dce   0x08006dce   0x00000002   PAD
    0x08006dd0   0x08006dd0   0x00000014   Code   RO         1318    .text.USER_PID_Reset  user_pid.o
    0x08006de4   0x08006de4   0x00000002   Code   RO          154    .text.UsageFault_Handler  stm32f4xx_it.o
    0x08006de6   0x08006de6   0x00000002   PAD
    0x08006de8   0x08006de8   0x0000002a   Code   RO          857    .text.__NVIC_SystemReset  stm32f4xx_hal_cortex.o
    0x08006e12   0x08006e12   0x00000002   PAD
    0x08006e14   0x08006e14   0x0000024c   Code   RO         1455    .text.bmi088_accel_init  bmi088driver.o
    0x08007060   0x08007060   0x0000020e   Code   RO         1457    .text.bmi088_gyro_init  bmi088driver.o
    0x0800726e   0x0800726e   0x00000002   PAD
    0x08007270   0x08007270   0x00000036   Code   RO           11    .text.main          main.o
    0x080072a6   0x080072a6   0x00000002   PAD
    0x080072a8   0x080072a8   0x00000010   Code   RO         1788    .text.osDelay       cmsis_os.o
    0x080072b8   0x080072b8   0x0000000a   Code   RO         1770    .text.osKernelStart  cmsis_os.o
    0x080072c2   0x080072c2   0x00000002   PAD
    0x080072c4   0x080072c4   0x0000005c   Code   RO         1776    .text.osThreadCreate  cmsis_os.o
    0x08007320   0x08007320   0x000000fc   Code   RO         1664    .text.prvAddNewTaskToReadyList  tasks.o
    0x0800741c   0x0800741c   0x00000086   Code   RO         1696    .text.prvIdleTask   tasks.o
    0x080074a2   0x080074a2   0x00000002   PAD
    0x080074a4   0x080074a4   0x00000104   Code   RO         1662    .text.prvInitialiseNewTask  tasks.o
    0x080075a8   0x080075a8   0x00000028   Code   RO         1918    .text.prvPortStartFirstTask  port.o
    0x080075d0   0x080075d0   0x0000003e   Code   RO         1908    .text.prvTaskExitError  port.o
    0x0800760e   0x0800760e   0x00000002   PAD
    0x08007610   0x08007610   0x000001ec   Code   RO         1884    .text.pvPortMalloc  heap_4.o
    0x080077fc   0x080077fc   0x00000024   Code   RO         1906    .text.pxPortInitialiseStack  port.o
    0x08007820   0x08007820   0x00000022   Code   RO         1553    .text.uxListRemove  list.o
    0x08007842   0x08007842   0x00000002   PAD
    0x08007844   0x08007844   0x0000001a   Code   RO           37    .text.vApplicationGetIdleTaskMemory  freertos.o
    0x0800785e   0x0800785e   0x00000002   PAD
    0x08007860   0x08007860   0x00000012   Code   RO           51    .text.vApplicationStackOverflowHook  freertos.o
    0x08007872   0x08007872   0x00000002   PAD
    0x08007874   0x08007874   0x00000016   Code   RO         1545    .text.vListInitialise  list.o
    0x0800788a   0x0800788a   0x00000002   PAD
    0x0800788c   0x0800788c   0x00000006   Code   RO         1547    .text.vListInitialiseItem  list.o
    0x08007892   0x08007892   0x00000002   PAD
    0x08007894   0x08007894   0x00000062   Code   RO         1551    .text.vListInsert   list.o
    0x080078f6   0x080078f6   0x00000002   PAD
    0x080078f8   0x080078f8   0x0000001a   Code   RO         1549    .text.vListInsertEnd  list.o
    0x08007912   0x08007912   0x00000002   PAD
    0x08007914   0x08007914   0x00000014   Code   RO         1916    .text.vPortEnableVFP  port.o
    0x08007928   0x08007928   0x00000046   Code   RO         1922    .text.vPortEnterCritical  port.o
    0x0800796e   0x0800796e   0x00000002   PAD
    0x08007970   0x08007970   0x0000002e   Code   RO         1924    .text.vPortExitCritical  port.o
    0x0800799e   0x0800799e   0x00000002   PAD
    0x080079a0   0x080079a0   0x000000de   Code   RO         1886    .text.vPortFree     heap_4.o
    0x08007a7e   0x08007a7e   0x00000002   PAD
    0x08007a80   0x08007a80   0x00000034   Code   RO         1914    .text.vPortSetupTimerInterrupt  port.o
    0x08007ab4   0x08007ab4   0x0000009e   Code   RO         1678    .text.vTaskDelay    tasks.o
    0x08007b52   0x08007b52   0x00000002   PAD
    0x08007b54   0x08007b54   0x000000e0   Code   RO         1670    .text.vTaskDelayUntil  tasks.o
    0x08007c34   0x08007c34   0x000000cc   Code   RO         1694    .text.vTaskStartScheduler  tasks.o
    0x08007d00   0x08007d00   0x00000010   Code   RO         1672    .text.vTaskSuspendAll  tasks.o
    0x08007d10   0x08007d10   0x0000009a   Code   RO         1688    .text.vTaskSwitchContext  tasks.o
    0x08007daa   0x08007daa   0x00000002   PAD
    0x08007dac   0x08007dac   0x00000188   Code   RO         1912    .text.xPortStartScheduler  port.o
    0x08007f34   0x08007f34   0x00000060   Code   RO         1666    .text.xTaskCreate   tasks.o
    0x08007f94   0x08007f94   0x00000076   Code   RO         1660    .text.xTaskCreateStatic  tasks.o
    0x0800800a   0x0800800a   0x00000002   PAD
    0x0800800c   0x0800800c   0x0000000c   Code   RO         1702    .text.xTaskGetTickCount  tasks.o
    0x08008018   0x08008018   0x00000106   Code   RO         1700    .text.xTaskIncrementTick  tasks.o
    0x0800811e   0x0800811e   0x00000002   PAD
    0x08008120   0x08008120   0x000000ea   Code   RO         1676    .text.xTaskResumeAll  tasks.o
    0x0800820a   0x0800820a   0x00000026   Code   RO         2001    i.__ARM_fpclassifyf  m_wm.l(fpclassifyf.o)
    0x08008230   0x08008230   0x0000012c   Code   RO         1957    i.__hardfp_asinf    m_wm.l(asinf.o)
    0x0800835c   0x0800835c   0x000002ac   Code   RO         1963    i.__hardfp_atan2f   m_wm.l(atan2f.o)
    0x08008608   0x08008608   0x00000150   Code   RO         1969    i.__hardfp_cosf     m_wm.l(cosf.o)
    0x08008758   0x08008758   0x00000190   Code   RO         1981    i.__hardfp_sinf     m_wm.l(sinf.o)
    0x080088e8   0x080088e8   0x00000006   Code   RO         2004    i.__mathlib_flt_infnan  m_wm.l(funder.o)
    0x080088ee   0x080088ee   0x00000006   Code   RO         2005    i.__mathlib_flt_infnan2  m_wm.l(funder.o)
    0x080088f4   0x080088f4   0x00000010   Code   RO         2006    i.__mathlib_flt_invalid  m_wm.l(funder.o)
    0x08008904   0x08008904   0x00000010   Code   RO         2009    i.__mathlib_flt_underflow  m_wm.l(funder.o)
    0x08008914   0x08008914   0x00000154   Code   RO         2017    i.__mathlib_rredf2  m_wm.l(rredf.o)
    0x08008a68   0x08008a68   0x0000003e   Code   RO         2022    i.sqrtf             m_wm.l(sqrtf.o)
    0x08008aa6   0x08008aa6   0x0000001a   Code   RO         2139    x$fpl$fpinit        fz_wm.l(fpinit.o)
    0x08008ac0   0x08008ac0   0x00000000   Code   RO         2000    x$fpl$usenofp       fz_wm.l(usenofp.o)
    0x08008ac0   0x08008ac0   0x00000020   Data   RO         2018    .constdata          m_wm.l(rredf.o)
    0x08008ae0   0x08008ae0   0x00000010   Data   RO         1230    .rodata.AHBPrescTable  system_stm32f4xx.o
    0x08008af0   0x08008af0   0x00000008   Data   RO         1231    .rodata.APBPrescTable  system_stm32f4xx.o
    0x08008af8   0x08008af8   0x00000008   Data   RO          776    .rodata.cst8        stm32f4xx_hal_dma.o
    0x08008b00   0x08008b00   0x00000031   Data   RO           55    .rodata.str1.1      freertos.o
    0x08008b31   0x08008b31   0x00000012   Data   RO         1461    .rodata.write_BMI088_accel_reg_data_error  bmi088driver.o
    0x08008b43   0x08008b43   0x00000012   Data   RO         1462    .rodata.write_BMI088_gyro_reg_data_error  bmi088driver.o
    0x08008b55   0x08008b55   0x00000003   PAD
    0x08008b58   0x08008b58   0x00000040   Data   RO         2200    Region$$Table       anon$$obj.o


    Execution Region RW_IRAM1 (Exec base: 0x20000000, Load base: 0x08008b98, Size: 0x00018be4, Max: 0x0001c000, ABSOLUTE)

    Exec Addr    Load Addr    Size         Type   Attr      Idx    E Section Name        Object

    0x20000000   0x08008b98   0x00000008   Data   RW         1463    .data..L_MergedGlobals  bmi088driver.o
    0x20000008   0x08008ba0   0x00000004   Data   RW         1932    .data.uxCriticalNesting  port.o
    0x2000000c        -       0x00000040   Zero   RW         1264    .bss..L_MergedGlobals  remote.o
    0x2000004c        -       0x00000004   Zero   RW         1281    .bss..L_MergedGlobals  buzzer.o
    0x20000050        -       0x00000064   Zero   RW         1307    .bss..L_MergedGlobals  motor_drv.o
    0x200000b4        -       0x00000020   Zero   RW         1897    .bss..L_MergedGlobals  heap_4.o
    0x200000d4        -       0x00000004   Zero   RW           75    .bss.HAL_RCC_CAN1_CLK_ENABLED  can.o
    0x200000d8        -       0x00000128   Zero   RW         1431    .bss.chassis_control  chassis.o
    0x20000200        -       0x00000148   Zero   RW         1400    .bss.gimbal_control  gimbal.o
    0x20000348        -       0x00000028   Zero   RW           74    .bss.hcan2          can.o
    0x20000370        -       0x00000060   Zero   RW          101    .bss.hdma_spi1_tx   spi.o
    0x200003d0        -       0x00000058   Zero   RW           99    .bss.hspi1          spi.o
    0x20000428        -       0x00000048   Zero   RW          136    .bss.huart3         usart.o
    0x20000470        -       0x0000001c   Zero   RW         1507    .bss.imu_raw_data   imu_attitude.o
    0x2000048c        -       0x000186a0   Zero   RW         1896    .bss.ucHeap         heap_4.o
    0x20018b2c        -       0x00000004   Zero   RW          953    .bss.uwTick         stm32f4xx_hal.o
    0x20018b30        -       0x00000060   Zero   RW         1306    .bss.wheel_motors   motor_drv.o
    0x20018b90        -       0x00000054   Zero   RW           53    .bss.xIdleTaskTCBBuffer  freertos.o


    Execution Region RW_IRAM2 (Exec base: 0x2001c000, Load base: 0x08008ba8, Size: 0x00000bf0, Max: 0x00004000, ABSOLUTE)

    Exec Addr    Load Addr    Size         Type   Attr      Idx    E Section Name        Object

    0x2001c000   0x08008ba8   0x00000008   Data   RW          954    .data..L_MergedGlobals  stm32f4xx_hal.o
    0x2001c008   0x08008bb0   0x00000004   Data   RW         1229    .data.SystemCoreClock  system_stm32f4xx.o
    0x2001c00c   0x08008bb4   0x00000001   Data   RW         1354    .data.error_result  error.o
    0x2001c00d   0x08008bb5   0x00000003   PAD
    0x2001c010   0x08008bb8   0x00000004   Data   RW         1399    .data.motor_inertial_yaw_feedforward_gain  gimbal.o
    0x2001c014   0x08008bbc   0x00000004   PAD
    0x2001c018        -       0x00000060   Zero   RW         2051    .bss                c_w.l(libspace.o)
    0x2001c078        -       0x00000014   Zero   RW           56    .bss..L_MergedGlobals  freertos.o
    0x2001c08c        -       0x00000078   Zero   RW         1759    .bss..L_MergedGlobals  tasks.o
    0x2001c104        -       0x00000008   Zero   RW         1933    .bss..L_MergedGlobals  port.o
    0x2001c10c        -       0x00000028   Zero   RW         1760    .bss..L_MergedGlobals.2  tasks.o
    0x2001c134        -       0x00000028   Zero   RW           73    .bss.hcan1          can.o
    0x2001c15c        -       0x00000060   Zero   RW          100    .bss.hdma_spi1_rx   spi.o
    0x2001c1bc        -       0x00000060   Zero   RW          137    .bss.hdma_usart3_rx  usart.o
    0x2001c21c        -       0x00000048   Zero   RW          120    .bss.htim4          tim.o
    0x2001c264        -       0x00000048   Zero   RW          121    .bss.htim6          tim.o
    0x2001c2ac        -       0x00000048   Zero   RW          196    .bss.htim7          stm32f4xx_hal_timebase_tim.o
    0x2001c2f4        -       0x00000068   Zero   RW         1506    .bss.imu_attitude   imu_attitude.o
    0x2001c35c        -       0x0000008c   Zero   RW         1758    .bss.pxReadyTasksLists  tasks.o
    0x2001c3e8        -       0x00000001   Zero   RW         1444    .bss.robot_control  robot_control.o
    0x2001c3e9   0x08008bbc   0x00000003   PAD
    0x2001c3ec        -       0x00000200   Zero   RW           54    .bss.xIdleStack     freertos.o
    0x2001c5ec   0x08008bbc   0x00000004   PAD
    0x2001c5f0        -       0x00000200   Zero   RW            2    HEAP                startup_stm32f407xx.o
    0x2001c7f0        -       0x00000400   Zero   RW            1    STACK               startup_stm32f407xx.o


==============================================================================

Image component sizes


      Code (inc. data)   RO Data    RW Data    ZI Data      Debug   Object Name

      1550          0         36          8          0       5771   bmi088driver.o
       670          0          0          0          0       5547   bmi088middleware.o
       162          0          0          0          4       3258   buzzer.o
       430          0          0          0         84       6908   can.o
      2668         96          0          0        296      11892   chassis.o
       118          0          0          0          0      24911   cmsis_os.o
       108          0          0          0          0       3530   dma.o
       220          0          0          1          0       2694   error.o
       384        140         49          0        616       4493   freertos.o
      1798         96          0          4        328       8561   gimbal.o
       232          0          0          0          0       2237   gpio.o
       714          0          0          0     100032       5960   heap_4.o
      1750         52          0          0        132       8077   imu_attitude.o
       186          0          0          0          0       2373   list.o
       252          0          0          0          0       6389   main.o
      1238         32          0          0        196       7983   motor_drv.o
       132          0          0          0          0       1600   motor_task.o
       906         16          0          4          8       4509   port.o
       522          4          0          0         64       5343   remote.o
       484         12          0          0          1       3361   robot_control.o
       262          4          0          0          0       2857   rotate.o
       384          0          0          0        280       5337   spi.o
        64         26        392          0       1536        844   startup_stm32f407xx.o
       132          0          0          8          4       7334   stm32f4xx_hal.o
      1738          6          0          0          0      14083   stm32f4xx_hal_can.o
       198          0          0          0          0      10752   stm32f4xx_hal_cortex.o
      1150          6          8          0          0      10600   stm32f4xx_hal_dma.o
       424          0          0          0          0       5462   stm32f4xx_hal_gpio.o
        66          0          0          0          0       3557   stm32f4xx_hal_msp.o
      1544          4          0          0          0       7604   stm32f4xx_hal_rcc.o
      1300          0          0          0          0      26257   stm32f4xx_hal_spi.o
      2238          6          0          0          0      58513   stm32f4xx_hal_tim.o
       190          0          0          0          0      21960   stm32f4xx_hal_tim_ex.o
       178          0          0          0         72       7281   stm32f4xx_hal_timebase_tim.o
      3638          0          0          0          0      32828   stm32f4xx_hal_uart.o
       108          0          0          0          0       7716   stm32f4xx_it.o
        18          0         24          4          0       2623   system_stm32f4xx.o
      2124          8          0          0        300      31291   tasks.o
       466          0          0          0        144       8813   tim.o
       274          0          0          0        168       7085   usart.o
       490          8          0          0          0       4802   user_can.o
       458          4          0          0          0       5006   user_pid.o

    ----------------------------------------------------------------------
     32206        520        576         32     104276     408002   Object Totals
         0          0         64          0          0          0   (incl. Generated)
       238          0          3          3         11          0   (incl. Padding)

    ----------------------------------------------------------------------

      Code (inc. data)   RO Data    RW Data    ZI Data      Debug   Library Member Name

         8          0          0          0          0         68   __main.o
         0          0          0          0          0          0   __rtentry.o
        12          0          0          0          0          0   __rtentry2.o
         6          0          0          0          0          0   __rtentry4.o
        94          8          0          0          0          0   __scatter.o
        26          0          0          0          0          0   __scatter_copy.o
        28          0          0          0          0          0   __scatter_zi.o
        22          0          0          0          0        100   _rserrno.o
        16          0          0          0          0         68   aeabi_memset4.o
        18          0          0          0          0         80   exit.o
         6          0          0          0          0        152   heapauxi.o
         0          0          0          0          0          0   indicate_semi.o
         2          0          0          0          0          0   libinit.o
         6          0          0          0          0          0   libinit2.o
         2          0          0          0          0          0   libshutdown.o
         2          0          0          0          0          0   libshutdown2.o
         8          4          0          0         96         68   libspace.o
       240          0          0          0          0        100   lludivv7m.o
         8          4          0          0          0         68   rt_errno_addr_intlibspace.o
        78          0          0          0          0         80   rt_memclr_w.o
         2          0          0          0          0          0   rtexit.o
        10          0          0          0          0          0   rtexit2.o
        12          4          0          0          0         68   sys_exit.o
        74          0          0          0          0         80   sys_stackheap_outer.o
         2          0          0          0          0         68   use_no_semi.o
        26          0          0          0          0        116   fpinit.o
         0          0          0          0          0          0   usenofp.o
       300         42          0          0          0        176   asinf.o
       684         90          0          0          0        208   atan2f.o
       336         56          0          0          0        136   cosf.o
        38          0          0          0          0        116   fpclassifyf.o
        44         12          0          0          0        464   funder.o
       340         24         32          0          0        160   rredf.o
       400         56          0          0          0        212   sinf.o
        62          0          0          0          0        136   sqrtf.o

    ----------------------------------------------------------------------
      2922        300         32          0         96       2724   Library Totals
        10          0          0          0          0          0   (incl. Padding)

    ----------------------------------------------------------------------

      Code (inc. data)   RO Data    RW Data    ZI Data      Debug   Library Name

       682         20          0          0         96       1000   c_w.l
        26          0          0          0          0        116   fz_wm.l
      2204        280         32          0          0       1608   m_wm.l

    ----------------------------------------------------------------------
      2922        300         32          0         96       2724   Library Totals

    ----------------------------------------------------------------------

==============================================================================


      Code (inc. data)   RO Data    RW Data    ZI Data      Debug   

     35128        820        608         32     104372     408578   Grand Totals
     35128        820        608         32     104372     408578   ELF Image Totals
     35128        820        608         32          0          0   ROM Totals

==============================================================================

    Total RO  Size (Code + RO Data)                35736 (  34.90kB)
    Total RW  Size (RW Data + ZI Data)            104404 ( 101.96kB)
    Total ROM Size (Code + RO Data + RW Data)      35768 (  34.93kB)

==============================================================================

