<html>
<body>
<pre>
<h1>µVision Build Log</h1>
<h2>Tool Versions:</h2>
IDE-Version: ¦ÌVision V5.43.1.0
Copyright (C) 2025 ARM Ltd and ARM Germany GmbH. All rights reserved.
License Information: 1 CHAMP, 1, LIC=JL28G-VJBX4-PCEJ8-3HCX2-9LM2K-S4CBJ
 
Tool Versions:
Toolchain:       MDK-ARM Plus  Version: 5.43.0.0
Toolchain Path:  C:\Users\CHAMP\AppData\Local\Keil_v5\ARM\ARMCLANG\Bin
C Compiler:      ArmClang.exe V6.24
Assembler:       Armasm.exe V6.24
Linker/Locator:  ArmLink.exe V6.24
Library Manager: ArmAr.exe V6.24
Hex Converter:   FromElf.exe V6.24
CPU DLL:         SARMCM3.DLL V5.43.0.0
Dialog DLL:      DCM.DLL V1.17.5.0
Target DLL:      CMSIS_AGDI.dll V1.33.24.0
Dialog DLL:      TCM.DLL V1.56.6.0
 
<h2>Project:</h2>
C:\Users\CHAMP\Desktop\Omnidirectional Wheel\MDK-ARM\Omnidirectional Wheel.uvprojx
Project File Date:  07/14/2026

<h2>Output:</h2>
*** Using Compiler 'V6.24', folder: 'C:\Users\CHAMP\AppData\Local\Keil_v5\ARM\ARMCLANG\Bin'
Build target 'Omnidirectional Wheel'

FCARM uses the following Files via command file '.\Auto_FcArm_Cmd.inp':
..\Middlewares\Third_Party\FreeRTOS\Source\inc\stdint.readme 
TO "Omnidirectional Wheel\Omnidirectional Wheel.axf" RTE NOPRINT
custom translating @.\Auto_FcArm_Cmd.inp...
Custom: C:\Users\CHAMP\AppData\Local\Keil_v5\ARM\Bin\FCARM.exe @.\Auto_FcArm_Cmd.inp
FCARM FILE CONVERTER V2.59
Completed 1 File(s), Ratio 100%
compiling Omnidirectional Wheel.axf...
compiling motor.c...
../Core/Src/app_tasks.c(5): warning: In file included from...
../Core/Inc\BMI088driver.h(49): warning: 'packed' attribute ignored [-Wignored-attributes]
   49 | typedef __packed struct BMI088_RAW_DATA
      |         ^
../Drivers/STM32F4xx_HAL_Driver/Inc\stm32f4xx_hal_def.h(116): note: expanded from macro '__packed'
  116 |     #define __packed  __attribute__((packed))
      |                                      ^
1 warning generated.
compiling app_tasks.c...
compiling main.c...
linking...
Program Size: Code=29898 RO-data=562 RW-data=84 ZI-data=18924  
FromELF: creating hex file...
"Omnidirectional Wheel\Omnidirectional Wheel.axf" - 0 Error(s), 1 Warning(s).

<h2>Software Packages used:</h2>

Package Vendor: ARM
                https://www.keil.com/pack/ARM.CMSIS.6.3.0.pack
                ARM::CMSIS@6.3.0
                CMSIS (Common Microcontroller Software Interface Standard)
   * Component: CORE Version: 6.2.0

Package Vendor: Keil
                https://www.keil.com/pack/Keil.STM32F4xx_DFP.3.1.1.pack
                Keil::STM32F4xx_DFP@3.1.1
                STMicroelectronics STM32F4 Series Device Support

<h2>Collection of Component include folders:</h2>
  ./RTE/_Omnidirectional_Wheel
  C:/Users/CHAMP/AppData/Local/Arm/Packs/ARM/CMSIS/6.3.0/CMSIS/Core/Include

<h2>Collection of Component Files used:</h2>

   * Component: ARM::CMSIS:CORE@6.2.0
      Include file:  CMSIS/Core/Include/tz_context.h
Build Time Elapsed:  00:00:02
</pre>
</body>
</html>
